Archive member included because of file (symbol)

../../Compiler/SGL_302j/lib_coff/SEGA_SYS.A(sys_exit.o)
                              ../../jo_engine/core.o (SYS_Exit)
../../Compiler/SGL_302j/lib_coff/SEGA_SYS.A(sys_sub.o)
                              ../../Compiler/SGL_302j/lib_coff/SEGA_SYS.A(sys_exit.o) (SYSUB_SetStackptr)
../../Compiler/SGL_302j/lib_coff/LIBCD.A(GFS.O)
                              ../../jo_engine/fs.o (GFS_Init)
../../Compiler/SGL_302j/lib_coff/LIBCD.A(CDC_CMN.O)
                              ../../Compiler/SGL_302j/lib_coff/SEGA_SYS.A(sys_exit.o) (CDC_GetCurStat)
../../Compiler/SGL_302j/lib_coff/LIBCD.A(CDC_REG.O)
                              ../../Compiler/SGL_302j/lib_coff/SEGA_SYS.A(sys_exit.o) (CDC_GetHirqReq)
../../Compiler/SGL_302j/lib_coff/LIBCD.A(CDC_CFS.O)
                              ../../Compiler/SGL_302j/lib_coff/SEGA_SYS.A(sys_exit.o) (CDC_ChgDir)
../../Compiler/SGL_302j/lib_coff/LIBCD.A(GFS_CDF.O)
                              ../../Compiler/SGL_302j/lib_coff/LIBCD.A(GFS.O) (GFCF_Init)
../../Compiler/SGL_302j/lib_coff/LIBCD.A(GFS_DIR.O)
                              ../../Compiler/SGL_302j/lib_coff/LIBCD.A(GFS.O) (GFDR_SetupDirTbl)
../../Compiler/SGL_302j/lib_coff/LIBCD.A(GFS_TRN.O)
                              ../../Compiler/SGL_302j/lib_coff/LIBCD.A(GFS.O) (GFTR_Setup)
../../Compiler/SGL_302j/lib_coff/LIBCD.A(GFS_BUF.O)
                              ../../Compiler/SGL_302j/lib_coff/LIBCD.A(GFS.O) (GFBF_GetNumData)
../../Compiler/SGL_302j/lib_coff/LIBCD.A(GFS_CDB.O)
                              ../../Compiler/SGL_302j/lib_coff/LIBCD.A(GFS_CDF.O) (GFCB_Setup)
../../Compiler/SGL_302j/lib_coff/LIBCD.A(GFS_CDC.O)
                              ../../Compiler/SGL_302j/lib_coff/LIBCD.A(GFS.O) (GFCD_SetCdbfs)
../../Compiler/SGL_302j/lib_coff/LIBCD.A(CDC_SUB.O)
                              ../../Compiler/SGL_302j/lib_coff/LIBCD.A(CDC_CMN.O) (CDSUB_UpdStatus)
../../Compiler/SGL_302j/lib_coff/LIBCD.A(CDC_BIO.O)
                              ../../Compiler/SGL_302j/lib_coff/LIBCD.A(GFS_CDC.O) (CDC_SetSctLen)
../../Compiler/SGL_302j/lib_coff/LIBCD.A(CDC_SEL.O)
                              ../../Compiler/SGL_302j/lib_coff/LIBCD.A(GFS_CDC.O) (CDC_SetFiltRange)
../../Compiler/SGL_302j/lib_coff/LIBCD.A(CDC_DRV.O)
                              ../../Compiler/SGL_302j/lib_coff/LIBCD.A(GFS_CDC.O) (CDC_CdPlay)
../../Compiler/SGL_302j/lib_coff/LIBCD.A(CDC_BIF.O)
                              ../../Compiler/SGL_302j/lib_coff/LIBCD.A(GFS_CDC.O) (CDC_GetBufSiz)
../../Compiler/SGL_302j/lib_coff/LIBCD.A(CDC_DEV.O)
                              ../../Compiler/SGL_302j/lib_coff/LIBCD.A(GFS_CDC.O) (CDC_CdSetCon)
../../Compiler/SGL_302j/lib_coff/LIBSGL.A(sglH00.o)
                              main.o (Smpc_Peripheral)
../../Compiler/SGL_302j/lib_coff/LIBSGL.A(sglC16.o)
                              main.o (slDynamicFrame)
../../Compiler/SGL_302j/lib_coff/LIBSGL.A(sglK01.o)
                              main.o (SynchConst)
../../Compiler/SGL_302j/lib_coff/LIBSGL.A(sglA21.o)
                              main.o (slPushMatrix)
../../Compiler/SGL_302j/lib_coff/LIBSGL.A(sglA18.o)
                              main.o (slRotY)
../../Compiler/SGL_302j/lib_coff/LIBSGL.A(sglA27.o)
                              main.o (slTranslate)
../../Compiler/SGL_302j/lib_coff/LIBSGL.A(sglC08.o)
                              main.o (slPutPolygon)
../../Compiler/SGL_302j/lib_coff/LIBSGL.A(sglA19.o)
                              main.o (slRotX)
../../Compiler/SGL_302j/lib_coff/LIBSGL.A(sglA17.o)
                              main.o (slRotZ)
../../Compiler/SGL_302j/lib_coff/LIBSGL.A(sglA28.o)
                              main.o (slScale)
../../Compiler/SGL_302j/lib_coff/LIBSGL.A(sglC04.o)
                              main.o (slZdspLevel)
../../Compiler/SGL_302j/lib_coff/LIBSGL.A(sglA16.o)
                              main.o (slLookAt)
../../Compiler/SGL_302j/lib_coff/LIBSGL.A(sglD00.o)
                              ../../jo_engine/sprites.o (slDMACopy)
../../Compiler/SGL_302j/lib_coff/LIBSGL.A(sglA15.o)
                              ../../jo_engine/core.o (slSlaveFunc)
../../Compiler/SGL_302j/lib_coff/LIBSGL.A(sglI01.o)
                              ../../jo_engine/core.o (slSynch)
../../Compiler/SGL_302j/lib_coff/LIBSGL.A(sglF00.o)
                              ../../jo_engine/core.o (slCurColor)
../../Compiler/SGL_302j/lib_coff/LIBSGL.A(sglIc0.o)
                              ../../jo_engine/core.o (slInitSystem)
../../Compiler/SGL_302j/lib_coff/LIBSGL.A(sglB001.o)
                              ../../jo_engine/core.o (slTVOn)
../../Compiler/SGL_302j/lib_coff/LIBSGL.A(sglB063.o)
                              ../../jo_engine/core.o (slPriority)
../../Compiler/SGL_302j/lib_coff/LIBSGL.A(sglB016.o)
                              ../../jo_engine/core.o (slBack1ColSet)
../../Compiler/SGL_302j/lib_coff/LIBSGL.A(sglB200.o)
[...]
Memory Configuration

Name             Origin             Length             Attributes
*default*        0x00000000         0xffffffff

Linker script and memory map

TARGET(coff-sh)

SLSTART         0x06004000       0x30
                0x06004000                ___Start = .
 *(SLSTART)
 SLSTART        0x06004000       0x28 ../../Compiler/SGL_302j/lib_coff/LIBSGL.A(sglI00.o)
                0x06004002                slStartSGL
                0x06004000                SGL_Start

.text           0x06004040    0x11a40
 *(.text)
 .text          0x06004040      0x250 main.o
 .text          0x06004290       0xd0 ../../jo_engine/tga.o
 .text          0x06004360       0x60 ../../jo_engine/3d.o
 .text          0x060043c0      0x120 ../../jo_engine/fs.o
 .text          0x060044e0       0x90 ../../jo_engine/font.o
 .text          0x06004570      0x120 ../../jo_engine/core.o
 .text          0x06004690       0x30 ../../jo_engine/math.o
 .text          0x060046c0       0x60 ../../jo_engine/malloc.o
 .text          0x06004720       0x30 ../../jo_engine/tools.o
 .text          0x06004750       0xa0 ../../jo_engine/sprites.o
 .text          0x060047f0       0x60 ../../jo_engine/map.o
 .text          0x06004850       0x10 ../../jo_engine/list.o
 .text          0x06004860       0x50 ../../jo_engine/sprite_animator.o
 .text          0x060048b0       0xe0 ../../jo_engine/image.o
 .text          0x06004990      0x238 ../../Compiler/SGL_302j/lib_coff/SEGA_SYS.A(sys_exit.o)
                0x060049b0                SYS_Exit
                0x06004990                sys_version
 *fill*         0x06004bc8        0x8 00
 .text          0x06004bd0        0x6 ../../Compiler/SGL_302j/lib_coff/SEGA_SYS.A(sys_sub.o)
                0x06004bd0                SYSUB_SetStackptr
 *fill*         0x06004bd6        0xa 00
 .text          0x06004be0     0x1adc ../../Compiler/SGL_302j/lib_coff/LIBCD.A(GFS.O)
                0x06004be0                gfs_version
                0x06005e50                gfs_mngGetNumFile
                0x060065ac                gfs_closeSub
                0x0600596c                GFS_SetGmode
                0x06005c28                GFS_SetErrFunc
                0x06005d78                gfs_mngSetupFuncTbl
                0x06004f38                GFS_Reset
                0x06005ca0                gfs_chgRoot
                0x06005d6c                gfs_aborttrans
                0x06006050                gfs_svrAddHndl
                0x06005f00                gfs_mngFreeGrp
                0x06005c78                GFS_ConvTno
                0x06006204                gfs_getRootDir
                0x06005c54                GFS_GetErrStat
                0x060050a8                GFS_Seek
                0x06005718                GFS_NwStop
                0x06005f0c                gfs_mngTermAccess
                0x06004fbc                GFS_Open
                0x06005eb8                GFS_mngAllocGrp
                0x060065f4                gfs_isTaskDone
                0x06005418                GFS_Fread
                0x06005b70                GFS_StartTrans
                0x0600656c                gfs_GetFinfo
                0x06005dac                gfs_mngInitWork
                0x06005200                GFS_ByteToSct
                0x06006010                gfs_svrSearchHndl
                0x06006300                gfs_loadRootDir
                0x06004e5c                GFS_IdToName
                0x0600555c                GFS_NwFread
                0x06005aa0                GFS_SetTransPara
                0x06005668                GFS_NwCdRead
                0x06006140                gfs_loadVol
                0x06005a3c                GFS_SetReadPara
                0x0600515c                GFS_Tell
                0x060059d0                GFS_SetTmode
                0x060064d4                GFS_GetFad
                0x06005b0c                GFS_SetTrFunc
                0x06005bbc                GFS_CdMovePickup
                0x06004df8                GFS_NameToId
                0x06005830                GFS_NwExecOne
                0x06006388                gfs_flowIn
                0x060052b8                GFS_GetFileInfo
                0x06006430                gfs_transData
                0x0600608c                gfs_svrRemoveHndl
                0x060056e0                GFS_NwIsComplete
                0x060065e8                gfs_getGmode
                0x06005784                GFS_NwGetStat
                0x060060e8                GFS_OpenSub
                0x06004d90                GFS_SetDir
                0x0600525c                GFS_GetFileSize
                0x0600532c                GFS_GetNumCdbuf
                0x06006648                gfs_convFinStat
                0x06005354                GFS_Load
                0x060054b4                gfs_waitRead
                0x06004ce8                GFS_LoadDir
                0x06004ec8                GFS_GetDirInfo
                0x06005070                GFS_Close
                0x06004c00                GFS_Init
                0x06005800                gfs_recovRdErr
                0x06005f90                gfs_mngSetErrCode
                0x060058f0                GFS_NwExecServer
                0x060051ac                GFS_IsEof
                0x0600652c                gfs_SetSct
 *fill*         0x060066bc        0x4 00
 .text          0x060066c0      0x3a0 ../../Compiler/SGL_302j/lib_coff/LIBCD.A(CDC_CMN.O)
                0x06006864                CDC_TgetToc
                0x06006a08                CDC_DataEnd
                0x06006728                CDC_GetPeriStat
                0x0600699c                CDC_DataReady
                0x06006974                CDC_CdOpen
                0x060068f0                CDC_CdInit
                0x060068b4                CDC_GetSes
                0x06006710                CDC_GetLastStat
                0x060066c0                CDC_GetCurStat
                0x060067fc                CDC_GetHwInfo
 .text          0x06006a60      0x2dc ../../Compiler/SGL_302j/lib_coff/LIBCD.A(CDC_REG.O)
                0x06006ab4                CDREG_ClrHirqReq
                0x06006a84                CDC_ClrHirqReq
                0x06006b34                CDREG_TgetData
                0x06006b24                CDC_GetMpegPtr
                0x06006b00                CDC_GetHirqMsk
                0x06006a60                CDC_GetDataPtr
                0x06006a70                CDC_GetHirqReq
                0x06006c90                CDREG_WaitHirq
                0x06006b14                CDC_SetHirqMsk
                0x06006b90                CDREG_CmdRsp
                0x06006ac4                CDREG_InitHirqReq
                0x06006aec                CDREG_SetHirqFlag
                0x06006d00                CDREG_ReadRsp
 *fill*         0x06006d3c        0x4 00
 .text          0x06006d40      0x194 ../../Compiler/SGL_302j/lib_coff/LIBCD.A(CDC_CFS.O)
                0x06006d40                CDC_ChgDir
                0x06006d74                CDC_ReadDir
                0x06006e98                CDC_AbortFile
                0x06006da8                CDC_GetFileScope
                0x06006e08                CDC_TgetFileInfo
                0x06006e64                CDC_ReadFile
 *fill*         0x06006ed4        0xc 00
 .text          0x06006ee0      0x8d8 ../../Compiler/SGL_302j/lib_coff/LIBCD.A(GFS_CDF.O)
                0x060073d4                GFCF_Seek
                0x060074dc                GFCF_GetStat
                0x060073bc                GFCF_Tell
                0x06006f80                GFCF_Setup
                0x06007488                GFCF_cnvIntlvOfs
                0x06006ee0                GFCF_Init
                0x06007374                GFCF_Recover
                0x060070c8                GFCF_SetSct
                0x060073ec                GFCF_MovePickup
                0x060075b0                gfcf_isCdOk
                0x06007180                GFCF_FlowInBuf
                0x0600710c                GFCF_GetFileInfo
                0x060072d4                GFCF_StopInBuf
                0x06007574                gfcf_getSctSize
                0x06007670                gfcf_getPlayRange
 *fill*         0x060077b8        0x8 00
 .text          0x060077c0      0x92c ../../Compiler/SGL_302j/lib_coff/LIBCD.A(GFS_DIR.O)
                0x06007cb0                gfdr_setNextRec
                0x060080b0                gfdr_setDirrecCd
                0x06007aa8                gfdr_open
                0x060078bc                GFDR_GetAtrDirId
                0x06007b90                gfdr_readByte
                0x060077c0                GFDR_SetupDirTbl
                0x06007c88                gfdr_readLongNM
                0x06007d34                gfdr_readDirEnt
                0x060078ec                GFDR_ChgRoot
                0x06007834                GFDR_NameToId
                0x06007978                gfdr_setupDirIdTbl
                0x060078d4                GFDR_GetAtrDirName
                0x06007894                GFDR_GetInfoDirId
                0x06007c3c                gfdr_readLongNB
                0x06007ad0                gfdr_read
                0x06007bbc                gfdr_readWord
                0x060079fc                gfdr_setupDirNameTbl
                0x060078a8                GFDR_GetInfoDirName
                0x06007904                GFDR_ChgDir
                0x06007be8                gfdr_readWordNB
 *fill*         0x060080ec        0x4 00
 .text          0x060080f0      0x9c6 ../../Compiler/SGL_302j/lib_coff/LIBCD.A(GFS_TRN.O)
                0x060081d0                GFTR_SetTransMax
                0x060085a0                gftr_execScu
                0x06008aa4                GFTR_SetTransFunc
                0x0600896c                gftr_remTrn
                0x06008a90                GFTR_SetData
                0x06008790                gftr_execSdma1
                0x060089e0                gftr_copyFrac
                0x060081c4                GFTR_GetNumTrans
                0x06008164                GFTR_SetMode
                0x06008760                gftr_remDma0
                0x06008a08                GFTR_GetLenData
                0x06008594                gftr_reqScu
                0x06008778                gftr_reqDma1
                0x060084b0                gftr_getSrcPack
                0x06008a60                GFTR_RtnDstPk
                0x0600867c                gfdma_exec
                0x06008894                gftr_execTrn
                0x060083a8                GFTR_ExecSvr
                0x06008824                gftr_reqTrn
                0x060086ec                gfdma_getBytecnt
                0x060087cc                gftr_reqCpu
                0x06008a2c                GFTR_GetDstPack
                0x06008724                gftr_reqDma0
                0x06008330                GFTR_Idle
                0x060081e8                GFTR_Pause
                0x060081b8                GFTR_GetTransPara
                0x06008818                gftr_remCpu
                0x06008184                GFTR_SetTransPara
                0x060087b4                gftr_remDma1
                0x060081f4                GFTR_Stop
                0x0600873c                gftr_execSdma0
                0x06008120                GFTR_Setup
                0x0600863c                gftr_remScu
                0x06008538                gftr_getDstPack
                0x06008670                gfdma_canUse
                0x060082ac                GFTR_Exec
                0x06008a7c                GFTR_GetData
                0x060081dc                GFTR_Start
                0x06008178                GFTR_SetUnit
                0x060087d8                gftr_execCpu
                0x06008a14                GFTR_GetLenRoom
 *fill*         0x06008ab6        0xa 00
 .text          0x06008ac0      0x106 ../../Compiler/SGL_302j/lib_coff/LIBCD.A(GFS_BUF.O)
                0x06008b18                GFBF_GetNumData
                0x06008b94                GFBF_RtnPk
                0x06008b48                GFBF_GetSrcPk
                0x06008bbc                gfbf_getSctDt
                0x06008af0                GFBF_GetTranData
                0x06008b70                GFBF_GetSctData
 *fill*         0x06008bc6        0xa 00
 .text          0x06008bd0      0x600 ../../Compiler/SGL_302j/lib_coff/LIBCD.A(GFS_CDB.O)
                0x06009178                GFCB_GetPickup
                0x06008cf0                GFCB_Close
                0x06008fbc                GFCB_GetSrcPack
                0x06009144                GFCB_SetCon
                0x06008dc4                GFCB_GetLenRoom
                0x06009128                GFCB_MovePickup
                0x0600909c                GFCB_GetSctData
                0x06008dd0                GFCB_SetFilt
                0x06008d18                GFCB_GetLenData
                0x060091b8                GFCB_UngetPickup
                0x06008bd0                GFCB_Setup
                0x06008e60                GFCB_Tell
                0x060091a0                GFCB_IsPuOwner
                0x06008ec0                GFCB_Seek
                0x06008e38                GFCB_DeleteAllData
                0x060090d4                GFCB_GetDstPack
                0x06008e70                gfcb_getSctNum
                0x060090e0                GFCB_RtnPk
 .text          0x060091d0     0x1a10 ../../Compiler/SGL_302j/lib_coff/LIBCD.A(GFS_CDC.O)
                0x0600946c                GFCD_AllocBuf
                0x0600a254                gfcd_doGetLenDataTsk
                0x0600aaf0                GFCD_SetCsctFunc
                0x06009544                GFCD_GetBaseFad
                0x060096c0                GFCD_GetFilt
                0x0600a6e0                gfcd_doChgDirTsk
                0x0600aa20                gfcd_checkEflag
                0x06009a08                GFCD_MovePickup
                0x06009aec                GFCD_GetSctInfo
                0x0600a3a8                gfcd_doReqDataTsk
                0x06009b34                GFCD_ChgDir
                0x06009828                GFCD_ReqData
                0x0600ab0c                GFCD_ChkScdqFlag
                0x06009fc4                GFCD_WaitServer
                0x060098cc                GFCD_DelSctData
                0x06009da4                GFCD_ExecServer
                0x0600a1c4                gfcd_doSetConTsk
                0x06009400                GFCD_AllocFilt
                0x060095fc                GFCD_SetFilt
                0x0600a000                gfcd_doSetFiltTsk
                0x0600ab30                GFCD_ClrScdqFlag
                0x0600a448                gfcd_doDelSctDataTsk
                0x06009f04                gfcd_doTask
                0x06009578                GFCD_GetPickup
                0x06009ac8                GFCD_CheckMove
                0x0600ab4c                GFCD_WaitScdqFlag
                0x06009760                GFCD_Play
                0x0600a57c                gfcd_doMoveSctTsk
                0x06009708                GFCD_SetCon
                0x06009ba8                GFCD_SetFiltCon
                0x0600ab90                GFCD_WaitPause
                0x06009d6c                GFCD_GetBufSiz
                0x060095ac                GFCD_UngetPickup
                0x06009c90                GFCD_GetFileInfo
                0x06009884                GFCD_EndData
                0x060094a0                GFCD_FreeBuf
                0x060097c0                GFCD_GetLenData
                0x0600943c                GFCD_FreeFilt
                0x06009e78                gfcd_isIdleTask
                0x060091fc                GFCD_Init
                0x0600a8dc                gfcd_doSetFiltConTsk
                0x06009954                GFCD_GetStat
                0x06009a54                GFCD_MoveSctData
                0x060095d8                GFCD_IsPuOwner
                0x0600aa44                gfcd_initCdbMng
                0x060091d0                GFCD_SetCdbfs
                0x06009fb0                GFCD_SetTimer
                0x0600aac4                gfcd_setStat
                0x06009924                GFCD_CheckDelSctData
 .text          0x0600abe0      0x152 ../../Compiler/SGL_302j/lib_coff/LIBCD.A(CDC_SUB.O)
                0x0600ac88                CDSUB_GetCdstat
                0x0600abf8                CDSUB_UpdCdstat
                0x0600acc8                CDSUB_RspToCdstat
                0x0600ad10                CDSUB_SoftTimer
                0x0600abe0                CDSUB_UpdStatus
                0x0600ac18                CDSUB_CdCmd
 *fill*         0x0600ad32        0xe 00
 .text          0x0600ad40      0x1e4 ../../Compiler/SGL_302j/lib_coff/LIBCD.A(CDC_BIO.O)
                0x0600adec                CDC_GetdelSctData
                0x0600ad74                CDC_GetSctData
                0x0600ae28                CDC_PutSctData
                0x0600aea4                CDC_MoveSctData
                0x0600aee8                CDC_GetCopyErr
                0x0600adb0                CDC_DelSctData
                0x0600ad40                CDC_SetSctLen
                0x0600ae60                CDC_CopySctData
 *fill*         0x0600af24        0xc 00
 .text          0x0600af30      0x2b8 ../../Compiler/SGL_302j/lib_coff/LIBCD.A(CDC_SEL.O)
                0x0600b160                CDC_GetFiltCon
                0x0600b0dc                CDC_GetFiltMode
                0x0600b1b4                CDC_ResetSelector
                0x0600af30                CDC_SetFiltRange
                0x0600afbc                CDC_SetFiltSubh
                0x0600b02c                CDC_GetFiltSubh
                0x0600af64                CDC_GetFiltRange
                0x0600b0a8                CDC_SetFiltMode
                0x0600b120                CDC_SetFiltCon
 *fill*         0x0600b1e8        0x8 00
 .text          0x0600b1f0      0x130 ../../Compiler/SGL_302j/lib_coff/LIBCD.A(CDC_DRV.O)
                0x0600b1f0                CDC_CdPlay
                0x0600b2bc                CDC_CdSeek
                0x0600b2f0                CDC_CdScan
 .text          0x0600b320      0x270 ../../Compiler/SGL_302j/lib_coff/LIBCD.A(CDC_BIF.O)
                0x0600b37c                CDC_GetSctNum
                0x0600b4fc                CDC_ExeFadSearch
                0x0600b47c                CDC_GetSctInfo
                0x0600b3c0                CDC_CalActSiz
                0x0600b320                CDC_GetBufSiz
                0x0600b3fc                CDC_GetActSiz
                0x0600b534                CDC_GetFadSearch
 .text          0x0600b590       0xa8 ../../Compiler/SGL_302j/lib_coff/LIBCD.A(CDC_DEV.O)
                0x0600b5fc                CDC_CdGetLastBuf
                0x0600b590                CDC_CdSetCon
                0x0600b5c0                CDC_CdGetCon
 *fill*         0x0600b638        0x8 00
 .text          0x0600b640      0x128 ../../Compiler/SGL_302j/lib_coff/LIBSGL.A(sglIc0.o)
                0x0600b640                slInitSystem
 *fill*         0x0600b768        0x8 00
 .text          0x0600b770       0x90 c:/users/susan/desktop/joengine-master/compiler/sh_coff/sh-coff/bin/../lib/gcc/sh-coff/4.0-GNUSH_v0601\libgcc.a(_si_to_sf.o)
                0x0600b770                __floatsisf
 .text          0x0600b800       0x70 c:/users/susan/desktop/joengine-master/compiler/sh_coff/sh-coff/bin/../lib/gcc/sh-coff/4.0-GNUSH_v0601\libgcc.a(_eq_sf.o)
                0x0600b800                __eqsf2
 .text          0x0600b870       0x70 c:/users/susan/desktop/joengine-master/compiler/sh_coff/sh-coff/bin/../lib/gcc/sh-coff/4.0-GNUSH_v0601\libgcc.a(_lt_sf.o)
                0x0600b870                __ltsf2
 .text          0x0600b8e0      0x250 c:/users/susan/desktop/joengine-master/compiler/sh_coff/sh-coff/bin/../lib/gcc/sh-coff/4.0-GNUSH_v0601\libgcc.a(_addsub_sf.o)
                0x0600ba74                __subsf3
                0x0600bad4                __addsf3
 .text          0x0600bb30       0xa0 c:/users/susan/desktop/joengine-master/compiler/sh_coff/sh-coff/bin/../lib/gcc/sh-coff/4.0-GNUSH_v0601\libgcc.a(_sf_to_si.o)
                0x0600bb30                __fixsfsi
 .text          0x0600bbd0       0x70 c:/users/susan/desktop/joengine-master/compiler/sh_coff/sh-coff/bin/../lib/gcc/sh-coff/4.0-GNUSH_v0601\libgcc.a(_le_sf.o)
                0x0600bbd0                __lesf2
 .text          0x0600bc40       0xb0 c:/users/susan/desktop/joengine-master/compiler/sh_coff/sh-coff/bin/../lib/gcc/sh-coff/4.0-GNUSH_v0601\libgcc.a(_si_to_df.o)
                0x0600bc40                __floatsidf
 .text          0x0600bcf0      0x1b0 c:/users/susan/desktop/joengine-master/compiler/sh_coff/sh-coff/bin/../lib/gcc/sh-coff/4.0-GNUSH_v0601\libgcc.a(_div_df.o)
                0x0600bcf8                __divdf3
 .text          0x0600bea0      0x100 c:/users/susan/desktop/joengine-master/compiler/sh_coff/sh-coff/bin/../lib/gcc/sh-coff/4.0-GNUSH_v0601\libgcc.a(_df_to_si.o)
                0x0600bea0                __fixdfsi
 .text          0x0600bfa0      0x100 c:/users/susan/desktop/joengine-master/compiler/sh_coff/sh-coff/bin/../lib/gcc/sh-coff/4.0-GNUSH_v0601\libgcc.a(_sf_to_df.o)
                0x0600bfa0                __extendsfdf2
 .text          0x0600c0a0      0x3b0 c:/users/susan/desktop/joengine-master/compiler/sh_coff/sh-coff/bin/../lib/gcc/sh-coff/4.0-GNUSH_v0601\libgcc.a(_mul_df.o)
                0x0600c0b0                __muldf3
 .text          0x0600c450       0x70 c:/users/susan/desktop/joengine-master/compiler/sh_coff/sh-coff/bin/../lib/gcc/sh-coff/4.0-GNUSH_v0601\libgcc.a(_gt_sf.o)
                0x0600c450                __gtsf2
 .text          0x0600c4c0       0x70 c:/users/susan/desktop/joengine-master/compiler/sh_coff/sh-coff/bin/../lib/gcc/sh-coff/4.0-GNUSH_v0601\libgcc.a(_udivsi3.o)
                0x0600c4e2                __udivsi3
 .text          0x0600c530      0x170 c:/users/susan/desktop/joengine-master/compiler/sh_coff/sh-coff/bin/../lib/gcc/sh-coff/4.0-GNUSH_v0601\libgcc.a(_mul_sf.o)
                0x0600c530                __mulsf3
 .text          0x0600c6a0       0xa0 c:/users/susan/desktop/joengine-master/compiler/sh_coff/sh-coff/bin/../lib/gcc/sh-coff/4.0-GNUSH_v0601\libgcc.a(__main.o)
                0x0600c714                __main
                0x0600c6a0                __do_global_dtors
                0x0600c6d4                __do_global_ctors
 .text          0x0600c740       0xa0 c:/users/susan/desktop/joengine-master/compiler/sh_coff/sh-coff/bin/../lib/gcc/sh-coff/4.0-GNUSH_v0601\libgcc.a(_sdivsi3.o)
                0x0600c740                __sdivsi3
 .text          0x0600c7e0       0x70 c:/users/susan/desktop/joengine-master/compiler/sh_coff/sh-coff/bin/../lib/gcc/sh-coff/4.0-GNUSH_v0601\libgcc.a(_ge_sf.o)
                0x0600c7e0                __gesf2
 .text          0x0600c850      0x120 c:/users/susan/desktop/joengine-master/compiler/sh_coff/sh-coff/bin/../lib/gcc/sh-coff/4.0-GNUSH_v0601\libgcc.a(_div_sf.o)
                0x0600c850                __divsf3
 .text          0x0600c970       0x70 c:/users/susan/desktop/joengine-master/compiler/sh_coff/sh-coff/bin/../lib/gcc/sh-coff/4.0-GNUSH_v0601\libgcc.a(_df_to_sf.o)
                0x0600c970                __truncdfsf2
 .text          0x0600c9e0      0x350 c:/users/susan/desktop/joengine-master/compiler/sh_coff/sh-coff/bin/../lib/gcc/sh-coff/4.0-GNUSH_v0601\libgcc.a(_addsub_df.o)
                0x0600cc6c                __subdf3
                0x0600ccd0                __adddf3
 .text          0x0600cd30       0x60 c:/users/susan/desktop/joengine-master/compiler/sh_coff/sh-coff/bin/../lib/gcc/sh-coff/4.0-GNUSH_v0601\libgcc.a(_ashiftrt.o)
                0x0600cd3c                __ashiftrt_r4_27
                0x0600cd70                __ashiftrt_r4_6
                0x0600cd60                __ashiftrt_r4_14
                0x0600cd52                __ashiftrt_r4_19
                0x0600cd6a                __ashiftrt_r4_9
                0x0600cd7e                __ashiftrt_r4_0
                0x0600cd30                __ashiftrt_r4_31
                0x0600cd3e                __ashiftrt_r4_26
                0x0600cd4c                __ashiftrt_r4_22
                0x0600cd58                __ashiftrt_r4_16
                0x0600cd64                __ashiftrt_r4_12
                0x0600cd38                __ashiftrt_r4_29
                0x0600cd56                __ashiftrt_r4_17
                0x0600cd36                __ashiftrt_r4_30
                0x0600cd72                __ashiftrt_r4_5
                0x0600cd6c                __ashiftrt_r4_8
                0x0600cd30                __ashiftrt_r4_32
                0x0600cd40                __ashiftrt_r4_25
                0x0600cd78                __ashiftrt_r4_2
                0x0600cd42                __ashiftrt_r4_24
                0x0600cd5e                __ashiftrt_r4_15
                0x0600cd68                __ashiftrt_r4_10
                0x0600cd7a                __ashiftrt_r4_1
                0x0600cd3a                __ashiftrt_r4_28
                0x0600cd50                __ashiftrt_r4_20
                0x0600cd6e                __ashiftrt_r4_7
                0x0600cd62                __ashiftrt_r4_13
                0x0600cd66                __ashiftrt_r4_11
                0x0600cd74                __ashiftrt_r4_4
                0x0600cd4a                __ashiftrt_r4_23
                0x0600cd54                __ashiftrt_r4_18
                0x0600cd4e                __ashiftrt_r4_21
                0x0600cd76                __ashiftrt_r4_3
 .text          0x0600cd90       0x90 c:/users/susan/desktop/joengine-master/compiler/sh_coff/sh-coff/bin/../lib/gcc/sh-coff/4.0-GNUSH_v0601\libgcc.a(_lshiftrt.o)
                0x0600cd90                __lshrsi3
 .text          0x0600ce20       0x90 c:/users/susan/desktop/joengine-master/compiler/sh_coff/sh-coff/bin/../lib/gcc/sh-coff/4.0-GNUSH_v0601\libgcc.a(_ashiftrt_n.o)
                0x0600ce20                __ashrsi3
 .text          0x0600ceb0       0x90 c:/users/susan/desktop/joengine-master/compiler/sh_coff/sh-coff/bin/../lib/gcc/sh-coff/4.0-GNUSH_v0601\libgcc.a(_ashiftlt.o)
                0x0600ceb0                __ashlsi3
 .text          0x0600cf40      0x1c0 c:/users/susan/desktop/joengine-master/compiler/sh_coff/sh-coff/bin/../lib/gcc/sh-coff/4.0-GNUSH_v0601\libgcc.a(_pack_sf.o)
                0x0600cf40                __pack_f
 .text          0x0600d100       0xc0 c:/users/susan/desktop/joengine-master/compiler/sh_coff/sh-coff/bin/../lib/gcc/sh-coff/4.0-GNUSH_v0601\libgcc.a(_unpack_sf.o)
                0x0600d100                __unpack_f
 .text          0x0600d1c0       0xa0 c:/users/susan/desktop/joengine-master/compiler/sh_coff/sh-coff/bin/../lib/gcc/sh-coff/4.0-GNUSH_v0601\libgcc.a(_fpcmp_parts_sf.o)
                0x0600d1c0                __fpcmp_parts_f
 .text          0x0600d260       0x10 c:/users/susan/desktop/joengine-master/compiler/sh_coff/sh-coff/bin/../lib/gcc/sh-coff/4.0-GNUSH_v0601\libgcc.a(_thenan_sf.o)
                0x0600d260                __thenan_sf
 .text          0x0600d270      0x5f0 c:/users/susan/desktop/joengine-master/compiler/sh_coff/sh-coff/bin/../lib/gcc/sh-coff/4.0-GNUSH_v0601\libgcc.a(_pack_df.o)
                0x0600d280                __pack_d
 .text          0x0600d860      0x180 c:/users/susan/desktop/joengine-master/compiler/sh_coff/sh-coff/bin/../lib/gcc/sh-coff/4.0-GNUSH_v0601\libgcc.a(_unpack_df.o)
                0x0600d870                __unpack_d
 .text          0x0600d9e0       0x20 c:/users/susan/desktop/joengine-master/compiler/sh_coff/sh-coff/bin/../lib/gcc/sh-coff/4.0-GNUSH_v0601\libgcc.a(_thenan_df.o)
                0x0600d9e0                __thenan_df
 .text          0x0600da00       0x30 c:/users/susan/desktop/joengine-master/compiler/sh_coff/sh-coff/bin/../lib/gcc/sh-coff/4.0-GNUSH_v0601\libgcc.a(_make_df.o)
                0x0600da00                __make_dp
 .text          0x0600da30       0xd0 c:/users/susan/desktop/joengine-master/compiler/sh_coff/sh-coff/bin/../lib/gcc/sh-coff/4.0-GNUSH_v0601\libgcc.a(_muldi3.o)
                0x0600da30                __muldi3
 .text          0x0600db00       0x30 c:/users/susan/desktop/joengine-master/compiler/sh_coff/sh-coff/bin/../lib/gcc/sh-coff/4.0-GNUSH_v0601\libgcc.a(_make_sf.o)
                0x0600db00                __make_fp
 .text          0x0600db30       0x30 c:/users/susan/desktop/joengine-master/compiler/sh_coff/sh-coff/bin/../lib/gcc/sh-coff/4.0-GNUSH_v0601\libgcc.a(_mulsi3.o)
                0x0600db30                __mulsi3
 .text          0x0600db60       0xb0 c:/users/susan/desktop/joengine-master/compiler/sh_coff/sh-coff/bin/../lib/gcc/sh-coff/4.0-GNUSH_v0601/../../../../sh-coff/lib\libc.a(sprintf.o)
                0x0600dbb0                sprintf
                0x0600db60                _sprintf_r
 .text          0x0600dc10       0xa0 c:/users/susan/desktop/joengine-master/compiler/sh_coff/sh-coff/bin/../lib/gcc/sh-coff/4.0-GNUSH_v0601/../../../../sh-coff/lib\libc.a(memcpy.o)
                0x0600dc10                memcpy
 .text          0x0600dcb0       0x80 c:/users/susan/desktop/joengine-master/compiler/sh_coff/sh-coff/bin/../lib/gcc/sh-coff/4.0-GNUSH_v0601/../../../../sh-coff/lib\libc.a(memcmp.o)
                0x0600dcb0                memcmp
 .text          0x0600dd30      0x100 c:/users/susan/desktop/joengine-master/compiler/sh_coff/sh-coff/bin/../lib/gcc/sh-coff/4.0-GNUSH_v0601/../../../../sh-coff/lib\libc.a(strncmp.o)
                0x0600dd30                strncmp
 .text          0x0600de30       0xd0 c:/users/susan/desktop/joengine-master/compiler/sh_coff/sh-coff/bin/../lib/gcc/sh-coff/4.0-GNUSH_v0601/../../../../sh-coff/lib\libc.a(strncpy.o)
                0x0600de30                strncpy
 .text          0x0600df00       0x40 c:/users/susan/desktop/joengine-master/compiler/sh_coff/sh-coff/bin/../lib/gcc/sh-coff/4.0-GNUSH_v0601/../../../../sh-coff/lib\libc.a(memset.o)
                0x0600df00                memset
 .text          0x0600df40       0x90 c:/users/susan/desktop/joengine-master/compiler/sh_coff/sh-coff/bin/../lib/gcc/sh-coff/4.0-GNUSH_v0601/../../../../sh-coff/lib\libc.a(atexit.o)
                0x0600df40                atexit
 .text          0x0600dfd0     0x1d20 c:/users/susan/desktop/joengine-master/compiler/sh_coff/sh-coff/bin/../lib/gcc/sh-coff/4.0-GNUSH_v0601/../../../../sh-coff/lib\libc.a(vfprintf.o)
                0x0600e088                _vfprintf_r
                0x0600fcc8                vfprintf
 .text          0x0600fcf0       0x10 c:/users/susan/desktop/joengine-master/compiler/sh_coff/sh-coff/bin/../lib/gcc/sh-coff/4.0-GNUSH_v0601/../../../../sh-coff/lib\libc.a(impure.o)
                0x0600fcf0                _global_impure_ptr
 .text          0x0600fd00       0x40 c:/users/susan/desktop/joengine-master/compiler/sh_coff/sh-coff/bin/../lib/gcc/sh-coff/4.0-GNUSH_v0601/../../../../sh-coff/lib\libc.a(malloc.o)
                0x0600fd1c                free
                0x0600fd00                malloc
 .text          0x0600fd40      0x300 c:/users/susan/desktop/joengine-master/compiler/sh_coff/sh-coff/bin/../lib/gcc/sh-coff/4.0-GNUSH_v0601/../../../../sh-coff/lib\libc.a(fvwrite.o)
                0x0600fd40                __sfvwrite
 .text          0x06010040      0x100 c:/users/susan/desktop/joengine-master/compiler/sh_coff/sh-coff/bin/../lib/gcc/sh-coff/4.0-GNUSH_v0601/../../../../sh-coff/lib\libc.a(locale.o)
                0x06010108                setlocale
                0x06010088                _setlocale_r
                0x060100e4                __locale_charset
                0x06010128                localeconv
                0x060100f8                _localeconv_r
 .text          0x06010140      0x360 c:/users/susan/desktop/joengine-master/compiler/sh_coff/sh-coff/bin/../lib/gcc/sh-coff/4.0-GNUSH_v0601/../../../../sh-coff/lib\libc.a(freer.o)
                0x06010140                _malloc_trim_r
                0x06010228                _free_r
 .text          0x060104a0       0x20 c:/users/susan/desktop/joengine-master/compiler/sh_coff/sh-coff/bin/../lib/gcc/sh-coff/4.0-GNUSH_v0601/../../../../sh-coff/lib\libc.a(strlen.o)
                0x060104a0                strlen
 .text          0x060104c0      0x270 c:/users/susan/desktop/joengine-master/compiler/sh_coff/sh-coff/bin/../lib/gcc/sh-coff/4.0-GNUSH_v0601/../../../../sh-coff/lib\libc.a(findfp.o)
                0x060105d4                __sfp
                0x0601055c                __sfp_lock_acquire
                0x06010704                __fp_unlock_all
                0x060105c8                __sfp_lock_release
                0x06010568                __sinit
                0x060106b4                _cleanup
                0x060106e4                __fp_lock_all
                0x0601069c                _cleanup_r
                0x06010504                __sfmoreglue
 .text          0x06010730       0xd0 c:/users/susan/desktop/joengine-master/compiler/sh_coff/sh-coff/bin/../lib/gcc/sh-coff/4.0-GNUSH_v0601/../../../../sh-coff/lib\libc.a(fflush.o)
                0x06010730                fflush
 .text          0x06010800       0xf0 c:/users/susan/desktop/joengine-master/compiler/sh_coff/sh-coff/bin/../lib/gcc/sh-coff/4.0-GNUSH_v0601/../../../../sh-coff/lib\libc.a(wsetup.o)
                0x06010800                __swsetup
 .text          0x060108f0       0x70 c:/users/susan/desktop/joengine-master/compiler/sh_coff/sh-coff/bin/../lib/gcc/sh-coff/4.0-GNUSH_v0601/../../../../sh-coff/lib\libc.a(wcrtomb.o)
                0x060108f0                _wcrtomb_r
                0x0601093c                wcrtomb
 .text          0x06010960       0x40 c:/users/susan/desktop/joengine-master/compiler/sh_coff/sh-coff/bin/../lib/gcc/sh-coff/4.0-GNUSH_v0601/../../../../sh-coff/lib\libc.a(s_isinf.o)
                0x06010960                isinf
 .text          0x060109a0       0xd0 c:/users/susan/desktop/joengine-master/compiler/sh_coff/sh-coff/bin/../lib/gcc/sh-coff/4.0-GNUSH_v0601/../../../../sh-coff/lib\libc.a(memchr.o)
                0x060109a0                memchr
 .text          0x06010a70      0x6a0 c:/users/susan/desktop/joengine-master/compiler/sh_coff/sh-coff/bin/../lib/gcc/sh-coff/4.0-GNUSH_v0601/../../../../sh-coff/lib\libc.a(mallocr.o)
                0x06010a70                _malloc_r
 .text          0x06011110      0x130 c:/users/susan/desktop/joengine-master/compiler/sh_coff/sh-coff/bin/../lib/gcc/sh-coff/4.0-GNUSH_v0601/../../../../sh-coff/lib\libc.a(wcsrtombs.o)
                0x06011110                _wcsrtombs_r
                0x06011204                wcsrtombs
 .text          0x06011240       0x40 c:/users/susan/desktop/joengine-master/compiler/sh_coff/sh-coff/bin/../lib/gcc/sh-coff/4.0-GNUSH_v0601/../../../../sh-coff/lib\libc.a(s_isnan.o)
                0x06011240                isnan
 .text          0x06011280     0x1310 c:/users/susan/desktop/joengine-master/compiler/sh_coff/sh-coff/bin/../lib/gcc/sh-coff/4.0-GNUSH_v0601/../../../../sh-coff/lib\libc.a(dtoa.o)
                0x06011424                _dtoa_r
 .text          0x06012590       0xe0 c:/users/susan/desktop/joengine-master/compiler/sh_coff/sh-coff/bin/../lib/gcc/sh-coff/4.0-GNUSH_v0601/../../../../sh-coff/lib\libc.a(memmove.o)
                0x06012590                memmove
 .text          0x06012670      0x450 c:/users/susan/desktop/joengine-master/compiler/sh_coff/sh-coff/bin/../lib/gcc/sh-coff/4.0-GNUSH_v0601/../../../../sh-coff/lib\libc.a(reallocr.o)
                0x06012670                _realloc_r
 .text          0x06012ac0       0x30 c:/users/susan/desktop/joengine-master/compiler/sh_coff/sh-coff/bin/../lib/gcc/sh-coff/4.0-GNUSH_v0601/../../../../sh-coff/lib\libc.a(strcmp.o)
                0x06012ac0                strcmp
 .text          0x06012af0       0x20 c:/users/susan/desktop/joengine-master/compiler/sh_coff/sh-coff/bin/../lib/gcc/sh-coff/4.0-GNUSH_v0601/../../../../sh-coff/lib\libc.a(mlock.o)
                0x06012af0                __malloc_lock
                0x06012afc                __malloc_unlock
 .text          0x06012b10       0x50 c:/users/susan/desktop/joengine-master/compiler/sh_coff/sh-coff/bin/../lib/gcc/sh-coff/4.0-GNUSH_v0601/../../../../sh-coff/lib\libc.a(sbrkr.o)
                0x06012b10                _sbrk_r
 .text          0x06012b60      0x170 c:/users/susan/desktop/joengine-master/compiler/sh_coff/sh-coff/bin/../lib/gcc/sh-coff/4.0-GNUSH_v0601/../../../../sh-coff/lib\libc.a(stdio.o)
                0x06012bb8                __swrite
                0x06012ca8                __sclose
                0x06012b60                __sread
                0x06012c48                __sseek
 .text          0x06012cd0      0x130 c:/users/susan/desktop/joengine-master/compiler/sh_coff/sh-coff/bin/../lib/gcc/sh-coff/4.0-GNUSH_v0601/../../../../sh-coff/lib\libc.a(fclose.o)
                0x06012cd0                _fclose_r
                0x06012ddc                fclose
 .text          0x06012e00      0x200 c:/users/susan/desktop/joengine-master/compiler/sh_coff/sh-coff/bin/../lib/gcc/sh-coff/4.0-GNUSH_v0601/../../../../sh-coff/lib\libc.a(fwalk.o)
                0x06012f74                _fwalk_reent
                0x06012ef0                _fwalk
 .text          0x06013000      0x150 c:/users/susan/desktop/joengine-master/compiler/sh_coff/sh-coff/bin/../lib/gcc/sh-coff/4.0-GNUSH_v0601/../../../../sh-coff/lib\libc.a(makebuf.o)
                0x06013000                __smakebuf
 .text          0x06013150      0x2c0 c:/users/susan/desktop/joengine-master/compiler/sh_coff/sh-coff/bin/../lib/gcc/sh-coff/4.0-GNUSH_v0601/../../../../sh-coff/lib\libc.a(wctomb_r.o)
                0x06013170                _wctomb_r
 .text          0x06013410      0xdc0 c:/users/susan/desktop/joengine-master/compiler/sh_coff/sh-coff/bin/../lib/gcc/sh-coff/4.0-GNUSH_v0601/../../../../sh-coff/lib\libc.a(mprec.o)
                0x06013c50                __mcmp
                0x060140d4                _ratio
                0x060138ac                _i2b
                0x06013e4c                _b2d
                0x060136a4                _s2b
                0x0601377c                _hi0bits
                0x06013a80                _pow5mult
                0x06013c94                __mdiff
                0x06013b58                _lshift
                0x060138d0                _multiply
                0x06013fa0                _d2b
                0x06013528                _Balloc
                0x06013410                __mprec_tinytens
                0x06014168                _mprec_log10
                0x06013438                __mprec_bigtens
                0x06013db4                _ulp
                0x060135b8                _Bfree
                0x06013460                __mprec_tens
                0x060137e4                _lo0bits
                0x060135d8                _multadd
 .text          0x060141d0      0x390 c:/users/susan/desktop/joengine-master/compiler/sh_coff/sh-coff/bin/../lib/gcc/sh-coff/4.0-GNUSH_v0601/../../../../sh-coff/lib\libc.a(syscalls.o)
                0x06014340                _exit
                0x06014374                _getpid
                0x060143dc                _utime
                0x06014208                _write
                0x060141d0                _read
                0x06014328                _unlink
                0x060142f0                _open
                0x0601438c                _stat
                0x06014334                isatty
                0x0601440c                _wait
                0x06014358                _kill
                0x060143a8                _chmod
                0x0601443c                _execv
                0x06014420                _execve
                0x0601451c                __setup_argv_and_call_main
                0x06014474                _gettimeofday
                0x0601423c                _link
                0x06014380                _raise
                0x0601430c                _creat
                0x06014454                _pipe
                0x060143c0                _chown
                0x060141ec                _lseek
                0x06014224                _close
                0x06014468                _times
                0x060142dc                _fstat
                0x060143f8                _fork
                0x06014264                _sbrk
 .text          0x06014560       0x50 c:/users/susan/desktop/joengine-master/compiler/sh_coff/sh-coff/bin/../lib/gcc/sh-coff/4.0-GNUSH_v0601/../../../../sh-coff/lib\libc.a(readr.o)
                0x06014560                _read_r
 .text          0x060145b0       0x50 c:/users/susan/desktop/joengine-master/compiler/sh_coff/sh-coff/bin/../lib/gcc/sh-coff/4.0-GNUSH_v0601/../../../../sh-coff/lib\libc.a(writer.o)
                0x060145b0                _write_r
 .text          0x06014600       0x50 c:/users/susan/desktop/joengine-master/compiler/sh_coff/sh-coff/bin/../lib/gcc/sh-coff/4.0-GNUSH_v0601/../../../../sh-coff/lib\libc.a(lseekr.o)
                0x06014600                _lseek_r
 .text          0x06014650       0x50 c:/users/susan/desktop/joengine-master/compiler/sh_coff/sh-coff/bin/../lib/gcc/sh-coff/4.0-GNUSH_v0601/../../../../sh-coff/lib\libc.a(closer.o)
                0x06014650                _close_r
 .text          0x060146a0       0x50 c:/users/susan/desktop/joengine-master/compiler/sh_coff/sh-coff/bin/../lib/gcc/sh-coff/4.0-GNUSH_v0601/../../../../sh-coff/lib\libc.a(fstatr.o)
                0x060146a0                _fstat_r
 .text          0x060146f0       0xa0 c:/users/susan/desktop/joengine-master/compiler/sh_coff/sh-coff/bin/../lib/gcc/sh-coff/4.0-GNUSH_v0601/../../../../sh-coff/lib\libc.a(callocr.o)
                0x060146f0                _calloc_r
 .text          0x06014790       0x20 c:/users/susan/desktop/joengine-master/compiler/sh_coff/sh-coff/bin/../lib/gcc/sh-coff/4.0-GNUSH_v0601/../../../../sh-coff/lib\libc.a(trap.o)
                0x06014790                __trap34
 .text          0x060147b0       0x20 c:/users/susan/desktop/joengine-master/compiler/sh_coff/sh-coff/bin/../lib/gcc/sh-coff/4.0-GNUSH_v0601/../../../../sh-coff/lib\libc.a(abort.o)
                0x060147b0                abort
 .text          0x060147d0      0x260 c:/users/susan/desktop/joengine-master/compiler/sh_coff/sh-coff/bin/../lib/gcc/sh-coff/4.0-GNUSH_v0601/../../../../sh-coff/lib\libc.a(signal.o)
                0x0601488c                _raise_r
                0x06014a10                __sigtramp
                0x060149bc                raise
                0x060149f8                _init_signal
                0x06014948                __sigtramp_r
                0x060149d8                signal
                0x0601481c                _signal_r
                0x060147d0                _init_signal_r
 .text          0x06014a30       0x60 c:/users/susan/desktop/joengine-master/compiler/sh_coff/sh-coff/bin/../lib/gcc/sh-coff/4.0-GNUSH_v0601/../../../../sh-coff/lib\libc.a(signalr.o)
                0x06014a78                _getpid_r
                0x06014a30                _kill_r
 .text          0x06014a90       0x70 c:/users/susan/desktop/joengine-master/compiler/sh_coff/sh-coff/bin/../lib/gcc/sh-coff/4.0-GNUSH_v0601\libgcc.a(_eq_df.o)
                0x06014a90                __eqdf2
 .text          0x06014b00       0x70 c:/users/susan/desktop/joengine-master/compiler/sh_coff/sh-coff/bin/../lib/gcc/sh-coff/4.0-GNUSH_v0601\libgcc.a(_ne_df.o)
                0x06014b00                __nedf2
 .text          0x06014b70       0x70 c:/users/susan/desktop/joengine-master/compiler/sh_coff/sh-coff/bin/../lib/gcc/sh-coff/4.0-GNUSH_v0601\libgcc.a(_lt_df.o)
                0x06014b70                __ltdf2
 .text          0x06014be0      0x610 c:/users/susan/desktop/joengine-master/compiler/sh_coff/sh-coff/bin/../lib/gcc/sh-coff/4.0-GNUSH_v0601\libgcc.a(_udivdi3.o)
                0x06014be0                __udivdi3
 .text          0x060151f0      0x600 c:/users/susan/desktop/joengine-master/compiler/sh_coff/sh-coff/bin/../lib/gcc/sh-coff/4.0-GNUSH_v0601\libgcc.a(_umoddi3.o)
                0x060151f0                __umoddi3
 .text          0x060157f0       0x70 c:/users/susan/desktop/joengine-master/compiler/sh_coff/sh-coff/bin/../lib/gcc/sh-coff/4.0-GNUSH_v0601\libgcc.a(_gt_df.o)
                0x060157f0                __gtdf2
 .text          0x06015860       0x70 c:/users/susan/desktop/joengine-master/compiler/sh_coff/sh-coff/bin/../lib/gcc/sh-coff/4.0-GNUSH_v0601\libgcc.a(_ge_df.o)
                0x06015860                __gedf2
 .text          0x060158d0       0xb0 c:/users/susan/desktop/joengine-master/compiler/sh_coff/sh-coff/bin/../lib/gcc/sh-coff/4.0-GNUSH_v0601\libgcc.a(_fpcmp_parts_df.o)
                0x060158d0                __fpcmp_parts_d
 .text          0x06015980      0x100 c:/users/susan/desktop/joengine-master/compiler/sh_coff/sh-coff/bin/../lib/gcc/sh-coff/4.0-GNUSH_v0601\libgcc.a(_clz.o)
                0x06015980                __clz_tab
 *(.strings)
                0x06015a80                __etext = .

.rodata
 *(.rodata)

SLPROG          0x06015a80    0x11a30
                0x06015a80                __slprog_start = .
 *(SLPROG)
 SLPROG         0x06015a80     0x6540 ../../Compiler/SGL_302j/lib_coff/sglarea.o
                0x06015a9c                SpriteBuf
                0x06015ac0                RemainEvent
                0x06015a8c                SortList
                0x06015a8a                MaxPolygons
                0x06015aa8                CommandBuf
                0x06015abc                MaxWorks
                0x06015abe                WorkSize
                0x06015ab4                PCM_WkSize
                0x06015aac                CLOfstBuf
                0x06015bc0                RemainWork
                0x06015ab0                PCM_Work
                0x06015a80                MasterStack
                0x06015a84                SlaveStack
                0x06015a88                MaxVertices
                0x06015ab8                MaxEvents
                0x06015a98                Zbuffer
                0x06015aa0                SpriteBufSize
                0x06017fc0                WorkBuf
                0x06015a94                TransList
                0x06015aa4                Pbuffer
                0x06015a90                SortListSize
                0x06015aba                EventSize
                0x06015fc0                EventBuf
 SLPROG         0x0601bfc0      0xfc8 ../../Compiler/SGL_302j/lib_coff/LIBSGL.A(sglH00.o)
                0x0601c05c                slSetPortData1
                0x0601c04c                slGetPortData1
                0x0601c83a                slSetPortMode1
                0x0601ca74                Smpc_Status
                0x0601c012                slSetPortDir2
                0x0601c658                slSmpcCashSend
                0x0601c078                slGetPortSelect1
                0x0601c45e                slIntBackCancel
                0x0601c110                slSetPortExt1
                0x0601c820                slGetPortMode1
                0x0601c714                slSmpcCashBlow
                0x0601ca04                slRequestCommand
                0x0601caa4                SmpcStatusBuf
                0x0601c066                slSetPortData2
                0x0601c3c6                slSetResultBuffer
                0x0601c0fc                slGetPortExt1
                0x0601c140                slSetPortExt2
                0x0601bfe0                slGetPortDir2
                0x0601c106                slGetPortExt2
                0x0601c492                slClearReset
                0x0601c488                slCheckReset
                0x0601bfe8                slSetPortDir1
                0x0601c0c0                slSetPortSelect2
                0x0601c08c                slSetPortSelect1
                0x0601c82c                slGetPortMode2
                0x0601c082                slGetPortSelect2
                0x0601bfd8                slGetPortDir1
                0x0601c054                slGetPortData2
                0x0601c7fa                slSetOptimize
                0x0601c7f0                slGetOptimize
                0x0601c2b4                slSmpcDirectAccess
                0x0601ca82                Per_Connect1
                0x0601c334                slInitPeripheral
                0x0601c452                slCheckIntBackSet
                0x0601ca83                Per_Connect2
                0x0601ca7c                Smpc_Peripheral
                0x0601c878                slSetPortMode2
                0x0601ca78                Smpc_Result
 *fill*         0x0601cf88        0x8 00
 SLPROG         0x0601cf90       0x54 ../../Compiler/SGL_302j/lib_coff/LIBSGL.A(sglC16.o)
                0x0601cf90                slDynamicFrame
 *fill*         0x0601cfe4        0xc 00
 SLPROG         0x0601cff0       0x48 ../../Compiler/SGL_302j/lib_coff/LIBSGL.A(sglA21.o)
                0x0601d024                slPopMatrix
                0x0601cff0                slPushMatrix
                0x0601d024                slDecMatrixPtr
 *fill*         0x0601d038        0x8 00
 SLPROG         0x0601d040       0x78 ../../Compiler/SGL_302j/lib_coff/LIBSGL.A(sglA18.o)
                0x0601d04a                slRotYSC
                0x0601d040                slRotY
 *fill*         0x0601d0b8        0x8 00
 SLPROG         0x0601d0c0       0x50 ../../Compiler/SGL_302j/lib_coff/LIBSGL.A(sglA27.o)
                0x0601d0c0                slTranslate
 SLPROG         0x0601d110     0x1218 ../../Compiler/SGL_302j/lib_coff/LIBSGL.A(sglC08.o)
                0x0601d110                slPutPolygon
                0x0601dd8c                MsCalcDepthFlat
 *fill*         0x0601e328        0x8 00
 SLPROG         0x0601e330       0x78 ../../Compiler/SGL_302j/lib_coff/LIBSGL.A(sglA19.o)
                0x0601e330                slRotX
                0x0601e33a                slRotXSC
 *fill*         0x0601e3a8        0x8 00
 SLPROG         0x0601e3b0       0x78 ../../Compiler/SGL_302j/lib_coff/LIBSGL.A(sglA17.o)
                0x0601e3ba                slRotZSC
                0x0601e3b0                slRotZ
 *fill*         0x0601e428        0x8 00
 SLPROG         0x0601e430       0x70 ../../Compiler/SGL_302j/lib_coff/LIBSGL.A(sglA28.o)
                0x0601e430                slScale
 SLPROG         0x0601e4a0       0x2c ../../Compiler/SGL_302j/lib_coff/LIBSGL.A(sglC04.o)
                0x0601e4a0                slZdspLevel
 *fill*         0x0601e4cc        0x4 00
 SLPROG         0x0601e4d0       0xd0 ../../Compiler/SGL_302j/lib_coff/LIBSGL.A(sglA16.o)
                0x0601e4d0                slLookAt
 SLPROG         0x0601e5a0       0x84 ../../Compiler/SGL_302j/lib_coff/LIBSGL.A(sglD00.o)
                0x0601e5a0                slDMACopy
                0x0601e5a0                slCpuDMACopy
                0x0601e5fa                slCashPurge
                0x0601e5fa                CSH_AllClr
 *fill*         0x0601e624        0xc 00
 SLPROG         0x0601e630       0x18 ../../Compiler/SGL_302j/lib_coff/LIBSGL.A(sglA15.o)
                0x0601e630                slSlaveFunc
 *fill*         0x0601e648        0x8 00
 SLPROG         0x0601e650      0x3a4 ../../Compiler/SGL_302j/lib_coff/LIBSGL.A(sglI01.o)
                0x0601e83a                RetPCMBuf
                0x0601e974                Sound_Buf
                0x0601e650                slInitSynch
                0x0601e760                slRandom
                0x0601e8d4                PCM_Buf
                0x0601e66a                slSynch
                0x0601e77e                PCM_EndCheck
 *fill*         0x0601e9f4        0xc 00
 SLPROG         0x0601ea00       0x4e ../../Compiler/SGL_302j/lib_coff/LIBSGL.A(sglF00.o)
                0x0601ea1a                slLocate
                0x0601ea10                slCurColor
                0x0601ea4c                CurrentScreen
                0x0601ea00                slCurScrn
 *fill*         0x0601ea4e        0x2 00
 SLPROG         0x0601ea50       0x20 ../../Compiler/SGL_302j/lib_coff/LIBSGL.A(sglB001.o)
                0x0601ea50                slTVOn
                0x0601ea5a                slTVOff
 SLPROG         0x0601ea70        0xc ../../Compiler/SGL_302j/lib_coff/LIBSGL.A(sglB063.o)
                0x0601ea70                slPriority
 *fill*         0x0601ea7c        0x4 00
 SLPROG         0x0601ea80        0xc ../../Compiler/SGL_302j/lib_coff/LIBSGL.A(sglB016.o)
                0x0601ea80                slBack1ColSet
 *fill*         0x0601ea8c        0x4 00
 SLPROG         0x0601ea90      0x114 ../../Compiler/SGL_302j/lib_coff/LIBSGL.A(sglB200.o)
                0x0601ea9c                slCharNbg0
                0x0601eae2                slPageRbg0
                0x0601eaf8                slPageNbg1
                0x0601eaa8                slCharNbg1
                0x0601eb14                slPageNbg0
                0x0601eb00                slPageNbg2
                0x0601eb08                slPageNbg3
                0x0601eab4                slCharNbg2
                0x0601eaca                slCharNbg3
                0x0601ea90                slCharRbg0
 *fill*         0x0601eba4        0xc 00
 SLPROG         0x0601ebb0        0xc ../../Compiler/SGL_302j/lib_coff/LIBSGL.A(sglB056.o)
                0x0601ebb0                slPlaneNbg1
 *fill*         0x0601ebbc        0x4 00
 SLPROG         0x0601ebc0       0xb4 ../../Compiler/SGL_302j/lib_coff/LIBSGL.A(sglB032.o)
                0x0601ebc0                slMapNbg1
 *fill*         0x0601ec74        0xc 00
 SLPROG         0x0601ec80       0x24 ../../Compiler/SGL_302j/lib_coff/LIBSGL.A(sglB011.o)
                0x0601ec80                slBitMapNbg1
 *fill*         0x0601eca4        0xc 00
 SLPROG         0x0601ecb0        0xc ../../Compiler/SGL_302j/lib_coff/LIBSGL.A(sglB053.o)
                0x0601ecb0                slZoomNbg1
 *fill*         0x0601ecbc        0x4 00
 SLPROG         0x0601ecc0      0x40c ../../Compiler/SGL_302j/lib_coff/LIBSGL.A(sglB015.o)
                0x0601ecc0                slScrAutoDisp
 *fill*         0x0601f0cc        0x4 00
 SLPROG         0x0601f0d0      0x42c ../../Compiler/SGL_302j/lib_coff/LIBSGL.A(sglA20.o)
                0x0601f0d0                slInitMatrix
                0x0601f0ee                slUnitMatrix
                0x0601f0da                slPushUnitMatrix
 *fill*         0x0601f4fc        0x4 00
 SLPROG         0x0601f500       0x1c ../../Compiler/SGL_302j/lib_coff/LIBSGL.A(sglF05.o)
                0x0601f500                slPrint
 *fill*         0x0601f51c        0x4 00
 SLPROG         0x0601f520       0xa8 ../../Compiler/SGL_302j/lib_coff/LIBSGL.A(sglH01.o)
                0x0601f580                slSetSoundOutput
                0x0601f558                slSetSoundEffect
                0x0601f54c                slGetSoundEffect
                0x0601f574                slGetSoundOutput
                0x0601f59c                slGetHelpWindow
                0x0601f520                slGetLanguage
                0x0601f52a                slSetLanguage
                0x0601f5a8                slSetHelpWindow
 *fill*         0x0601f5c8        0x8 00
 SLPROG         0x0601f5d0      0x162 ../../Compiler/SGL_302j/lib_coff/LIBSGL.A(sglC07.o)
                0x0601f5d6                slPutSprite
 *fill*         0x0601f732        0xe 00
 SLPROG         0x0601f740       0xfa ../../Compiler/SGL_302j/lib_coff/LIBSGL.A(sglC06.o)
                0x0601f740                slDispSprite
 *fill*         0x0601f83a        0x6 00
 SLPROG         0x0601f840       0x84 ../../Compiler/SGL_302j/lib_coff/LIBSGL.A(sglD16.o)
                0x0601f888                DMA_SCU_PRM0
                0x0601f840                DMA_ScuSetPrm
 *fill*         0x0601f8c4        0xc 00
 SLPROG         0x0601f8d0       0x88 ../../Compiler/SGL_302j/lib_coff/LIBSGL.A(sglD17.o)
                0x0601f8d0                DMA_ScuStart
 *fill*         0x0601f958        0x8 00
 SLPROG         0x0601f960       0x20 ../../Compiler/SGL_302j/lib_coff/LIBSGL.A(sglD15.o)
                0x0601f960                CSH_Purge
 SLPROG         0x0601f980       0x34 ../../Compiler/SGL_302j/lib_coff/LIBSGL.A(sglD18.o)
                0x0601f980                DMA_ScuGetStatus
 *fill*         0x0601f9b4        0xc 00
 SLPROG         0x0601f9c0       0xa0 ../../Compiler/SGL_302j/lib_coff/LIBSGL.A(sglD01.o)
                0x0601f9c0                slDMAXCopy
 SLPROG         0x0601fa60        0xc ../../Compiler/SGL_302j/lib_coff/LIBSGL.A(sglD03.o)
                0x0601fa60                slDMAStatus
 *fill*         0x0601fa6c        0x4 00
 SLPROG         0x0601fa70      0x470 ../../Compiler/SGL_302j/lib_coff/LIBSGL.A(sglH02.o)
                0x0601fe60                smpc_pfr_tbl
                0x0601fea0                smpc_ptf_tbl
 SLPROG         0x0601fee0       0x60 ../../Compiler/SGL_302j/lib_coff/LIBSGL.A(sglH04.o)
                0x0601ff0a                slComPrmSetTime
                0x0601fee0                slComPrmIntBack
                0x0601fef4                slComPrmSetMemory
 SLPROG         0x0601ff40     0x411e ../../Compiler/SGL_302j/lib_coff/LIBSGL.A(sglA01.o)
                0x0602001c                sin_cos_index_tbl
                0x0601ff40                slSin
                0x0602005c                sin_tbl
                0x0601ff88                GetSinCos
                0x0601ff64                slCos
 *fill*         0x0602405e        0x2 00
 SLPROG         0x06024060     0x12b8 ../../Compiler/SGL_302j/lib_coff/LIBSGL.A(sglJ02.o)
                0x06025294                stvtc_1
                0x06024fcc                stvtc_4
                0x06024f8c                SetPolygon
                0x06025084                stvtc_3
                0x060252bc                stvtc_0
                0x06024f94                SetPosition
                0x06024248                sbCalcPolygon
                0x06024f80                SetTexture
                0x06024060                sbMakePolygon
                0x060252a8                stvtc_2
 *fill*         0x06025318        0x8 00
 SLPROG         0x06025320       0x6a ../../Compiler/SGL_302j/lib_coff/LIBSGL.A(sglM01.o)
                0x0602534c                slSetDepthTbl
                0x0602537c                DepthWorkArea
                0x06025320                slSetDepthLimit
 *fill*         0x0602538a        0x6 00
 SLPROG         0x06025390       0x34 ../../Compiler/SGL_302j/lib_coff/LIBSGL.A(sglA10.o)
                0x06025390                slSquartDbl
 *fill*         0x060253c4        0xc 00
 SLPROG         0x060253d0       0x20 ../../Compiler/SGL_302j/lib_coff/LIBSGL.A(sglA00.o)
                0x060253e4                get_imask
                0x060253d0                set_imask
                0x060253d0                _builtin_set_imask
                0x060253e4                _builtin_get_imask
 SLPROG         0x060253f0       0x74 ../../Compiler/SGL_302j/lib_coff/LIBSGL.A(sglJ00.o)
                0x060253f0                InitSlaveSH
                0x06025458                SlaveCommand
 *fill*         0x06025464        0xc 00
 SLPROG         0x06025470      0xbd0 ../../Compiler/SGL_302j/lib_coff/LIBSGL.A(sglB000.o)
                0x06025470                slInitScroll
                0x060256d0                TVSizeTbl
                0x060255c0                setASC_4to8
                0x06025750                TVModeTbl
                0x06025590                setASC_1to8
                0x06025928                SGL_ASCII_CG
 SLPROG         0x06026040      0x3d0 ../../Compiler/SGL_302j/lib_coff/LIBSGL.A(sglJ01.o)
                0x06026040                SlaveControl
                0x060263fc                ErasePolygonData
 SLPROG         0x06026410      0x75c ../../Compiler/SGL_302j/lib_coff/LIBSGL.A(sglI00.o)
                0x06026700                slInitInterrupt
 *fill*         0x06026b6c        0x4 00
 SLPROG         0x06026b70      0x134 ../../Compiler/SGL_302j/lib_coff/LIBSGL.A(sglC00.o)
                0x06026b70                slInitSprite
 *fill*         0x06026ca4        0xc 00
 SLPROG         0x06026cb0       0xd4 ../../Compiler/SGL_302j/lib_coff/LIBSGL.A(sglB035.o)
                0x06026cb0                sl1MapRA
                0x06026d42                rbank_set
 *fill*         0x06026d84        0xc 00
 SLPROG         0x06026d90       0x40 ../../Compiler/SGL_302j/lib_coff/LIBSGL.A(sglC20.o)
                0x06026d90                SpriteEntry
 SLPROG         0x06026dd0      0x140 ../../Compiler/SGL_302j/lib_coff/LIBSGL.A(sglJ03.o)
                0x06026dd0                sbMakeDMATable
 SLPROG         0x06026f10      0x470 ../../Compiler/SGL_302j/lib_coff/LIBSGL.A(sglJ04.o)
                0x06026fd4                sbMakeRotSprite
                0x06026f6e                sbMakeSprite
 SLPROG         0x06027380       0x3c ../../Compiler/SGL_302j/lib_coff/LIBSGL.A(sglJ05.o)
                0x06027380                sbSortEntry
 *fill*         0x060273bc        0x4 00
 SLPROG         0x060273c0       0xf0 ../../Compiler/SGL_302j/lib_coff/LIBSGL.A(sglH03.o)
                0x06027424                slSmpcIntBack
                0x060274b0                __slprog_end = .

.tors           0x060274b0        0x0
                0x060274b0                ___ctors = .
 *(.ctors)
                0x060274b0                ___ctors_end = .
                0x060274b0                ___dtors = .
 *(.dtors)
                0x060274b0                ___dtors_end = .

.data           0x060274b0      0x830
 *(.data)
 .data          0x060274b0       0x80 ../../Compiler/SGL_302j/lib_coff/LIBSGL.A(sglIc0.o)
                0x060274b0                IntPrioMask
 .data          0x06027530      0x380 c:/users/susan/desktop/joengine-master/compiler/sh_coff/sh-coff/bin/../lib/gcc/sh-coff/4.0-GNUSH_v0601/../../../../sh-coff/lib\libc.a(impure.o)
                0x060278ac                _impure_ptr
 .data          0x060278b0       0x20 c:/users/susan/desktop/joengine-master/compiler/sh_coff/sh-coff/bin/../lib/gcc/sh-coff/4.0-GNUSH_v0601/../../../../sh-coff/lib\libc.a(locale.o)
                0x060278bc                __mb_cur_max
                0x060278b0                __lc_ctype
 .data          0x060278d0      0x410 c:/users/susan/desktop/joengine-master/compiler/sh_coff/sh-coff/bin/../lib/gcc/sh-coff/4.0-GNUSH_v0601/../../../../sh-coff/lib\libc.a(mallocr.o)
                0x060278d8                __malloc_av_
                0x060278d4                __malloc_trim_threshold
                0x060278d0                __malloc_sbrk_base
                0x06027ce0                __edata = .

.bss            0x06027ce0     0x1ab4
                0x06027ce0                __bstart = .
 *(.bss)
 .bss           0x06027ce0        0x4 ../../Compiler/SGL_302j/lib_coff/SEGA_SYS.A(sys_exit.o)
 *fill*         0x06027ce4        0xc 00
 .bss           0x06027cf0        0x2 ../../Compiler/SGL_302j/lib_coff/LIBCD.A(CDC_REG.O)
 *fill*         0x06027cf2        0xe 00
 .bss           0x06027d00        0xc ../../Compiler/SGL_302j/lib_coff/LIBCD.A(GFS_TRN.O)
 *fill*         0x06027d0c        0x4 00
 .bss           0x06027d10        0xc ../../Compiler/SGL_302j/lib_coff/LIBCD.A(CDC_SUB.O)
 *fill*         0x06027d1c        0x4 00
 .bss           0x06027d20       0x10 c:/users/susan/desktop/joengine-master/compiler/sh_coff/sh-coff/bin/../lib/gcc/sh-coff/4.0-GNUSH_v0601\libgcc.a(__main.o)
 .bss           0x06027d30       0x10 c:/users/susan/desktop/joengine-master/compiler/sh_coff/sh-coff/bin/../lib/gcc/sh-coff/4.0-GNUSH_v0601/../../../../sh-coff/lib\libc.a(atexit.o)
 .bss           0x06027d40       0x10 c:/users/susan/desktop/joengine-master/compiler/sh_coff/sh-coff/bin/../lib/gcc/sh-coff/4.0-GNUSH_v0601/../../../../sh-coff/lib\libc.a(locale.o)
                0x06027d44                __mlocale_changed
                0x06027d40                _PathLocale
                0x06027d48                __nlocale_changed
 .bss           0x06027d50       0x40 c:/users/susan/desktop/joengine-master/compiler/sh_coff/sh-coff/bin/../lib/gcc/sh-coff/4.0-GNUSH_v0601/../../../../sh-coff/lib\libc.a(mallocr.o)
                0x06027d80                __malloc_top_pad
                0x06027d50                __malloc_current_mallinfo
                0x06027d7c                __malloc_max_sbrked_mem
                0x06027d78                __malloc_max_total_mem
 .bss           0x06027d90       0x10 c:/users/susan/desktop/joengine-master/compiler/sh_coff/sh-coff/bin/../lib/gcc/sh-coff/4.0-GNUSH_v0601/../../../../sh-coff/lib\libc.a(syscalls.o)
 *(COMMON)
 COMMON         0x06027da0       0x70 main.o
                0x06027da0                framerate
                0x06027db0                plane2
                0x06027dd0                plane3
                0x06027df0                plane
 COMMON         0x06027e10      0x3fc ../../jo_engine/3d.o
                0x06027e10                __jo_sprite_quad
 *fill*         0x0602820c        0x4 00
 COMMON         0x06028210        0x4 ../../jo_engine/fs.o
                0x06028210                __jo_fs_background_job_count
 *fill*         0x06028214        0xc 00
 COMMON         0x06028220       0x40 ../../jo_engine/core.o
                0x06028220                __jo_last_error
 COMMON         0x06028260       0x40 ../../jo_engine/tools.o
                0x06028260                __jo_sprintf_buf
 COMMON         0x060282a0     0x13f8 ../../jo_engine/sprites.o
                0x060282a0                __jo_sprite_def
                0x06028aa0                __jo_hash_table
                0x06028ea0                __jo_sprite_pic
 *fill*         0x06029698        0x8 00
 COMMON         0x060296a0       0xc0 ../../jo_engine/sprite_animator.o
                0x060296a0                __jo_sprite_anim_tab
 COMMON         0x06029760        0xc ../../Compiler/SGL_302j/lib_coff/LIBCD.A(GFS.O)
                0x06029760                GFMC_base
                0x06029764                gfs_mng_ptr
                0x06029768                gfs_use_scudma
 *fill*         0x0602976c        0x4 00
 COMMON         0x06029770        0x8 ../../Compiler/SGL_302j/lib_coff/LIBCD.A(GFS_CDF.O)
                0x06029770                gfcf_fad
                0x06029774                gfcf_stat
 *fill*         0x06029778        0x8 00
 COMMON         0x06029780        0xc ../../Compiler/SGL_302j/lib_coff/LIBCD.A(GFS_CDC.O)
                0x06029780                gfcd_fatal_err
                0x06029784                gfcd_work
                0x06029788                gfcd_playflag
 *fill*         0x0602978c        0x4 00
 COMMON         0x06029790        0x4 c:/users/susan/desktop/joengine-master/compiler/sh_coff/sh-coff/bin/../lib/gcc/sh-coff/4.0-GNUSH_v0601/../../../../sh-coff/lib\libc.a(syscalls.o)
                0x06029790                errno
                0x06029794                __bend = .
                0x06029794                _end = .
LOAD ../../Compiler/SGL_302j/lib_coff/sglarea.o
LOAD main.o
LOAD ../../jo_engine/tga.o
LOAD ../../jo_engine/3d.o
LOAD ../../jo_engine/fs.o
LOAD ../../jo_engine/font.o
LOAD ../../jo_engine/input.o
LOAD ../../jo_engine/physics.o
LOAD ../../jo_engine/core.o
LOAD ../../jo_engine/math.o
LOAD ../../jo_engine/malloc.o
LOAD ../../jo_engine/tools.o
LOAD ../../jo_engine/sprites.o
LOAD ../../jo_engine/map.o
LOAD ../../jo_engine/list.o
LOAD ../../jo_engine/sprite_animator.o
LOAD ../../jo_engine/image.o
LOAD ../../jo_engine/background.o
LOAD ../../jo_engine/time.o
LOAD ../../jo_engine/vdp1_command_pipeline.o
LOAD ../../Compiler/SGL_302j/lib_coff/SEGA_SYS.A
LOAD ../../Compiler/SGL_302j/lib_coff/LIBCD.A
LOAD ../../Compiler/SGL_302j/lib_coff/LIBSGL.A
LOAD c:/users/susan/desktop/joengine-master/compiler/sh_coff/sh-coff/bin/../lib/gcc/sh-coff/4.0-GNUSH_v0601\libgcc.a
LOAD c:/users/susan/desktop/joengine-master/compiler/sh_coff/sh-coff/bin/../lib/gcc/sh-coff/4.0-GNUSH_v0601/../../../../sh-coff/lib\libc.a
LOAD c:/users/susan/desktop/joengine-master/compiler/sh_coff/sh-coff/bin/../lib/gcc/sh-coff/4.0-GNUSH_v0601\libgcc.a
OUTPUT(sl_coff.coff coff-sh)

.data.tr        0x060297a0       0x10
 .data.tr       0x060297a0       0x10 main.o
                0x060297a0                tree_pos_z
                0x060297a4                tree_pos_x

.bss.tre        0x060297b0       0x10
 .bss.tre       0x060297b0       0x10 main.o
                0x060297b0                tree_pos_y

.data.be        0x060297c0       0x10
 .data.be       0x060297c0       0x10 main.o
                0x060297c8                beach_pos_x
                0x060297c4                beach_pos_y
                0x060297c0                beach_pos_z

.data.sk        0x060297d0       0x20
 .data.sk       0x060297d0       0x20 main.o
                0x060297e4                skim2_rot_x
                0x060297e0                skim_pos_x
                0x060297dc                skim_pos_y
                0x060297d4                skim2_pos_z
                0x060297d0                skim3_pos_z
                0x060297d8                skim_pos_z

.bss.ski        0x060297f0       0x20
 .bss.ski       0x060297f0       0x20 main.o
                0x060297f0                skim2_pos_x
                0x060297fc                skim_rot_z
                0x060297f8                skim2_rot_y
                0x06029800                skim_rot_y
                0x060297f4                skim2_rot_z
                0x06029804                skim_rot_x

.data.ca        0x06029810       0x10
 .data.ca       0x06029810       0x10 main.o
                0x06029818                cam_pos_x
                0x06029814                cam_pos_y
                0x06029810                cam_pos_z

.data.wa        0x06029820       0x10
 .data.wa       0x06029820       0x10 main.o
                0x06029820                wave_pos_z

.bss.wav        0x06029830       0x10
 .bss.wav       0x06029830       0x10 main.o
                0x06029830                wave_pos_y

.bss.son        0x06029840       0x10
 .bss.son       0x06029840       0x10 main.o
                0x06029840                sonic2_pos_x
                0x06029844                sonic_rot_y
                0x06029848                sonic_rot_x

.data.so        0x06029850       0x10
 .data.so       0x06029850       0x10 main.o
                0x06029854                sonic_pos_z
                0x06029858                sonic_pos_y
                0x0602985c                sonic_pos_x
                0x06029850                sonic_rot_z

.data.pl        0x06029860       0x90
 .data.pl       0x06029860       0x90 main.o
                0x06029860                plane3_vertices
                0x060298c0                plane_vertices
                0x06029890                plane2_vertices

.data.Me        0x060298f0       0xd0
 .data.Me       0x060298f0       0xd0 main.o
                0x06029954                MeshGrp2
                0x06029990                Meshwaveattemt2COMwave17821Material1001
                0x0602997c                MeshPlane
                0x06029940                MeshGrp3
                0x06029904                MeshGrp7
                0x060298f0                MeshGrp8
                0x0602992c                MeshGrp4
                0x06029968                MeshGrp
                0x060299a4                Meshwaveattemt2COMwave17821Material1
                0x06029918                MeshGrp5

.data.At        0x060299c0     0x3fc0
 .data.At       0x060299c0     0x3fc0 main.o

.data.Po        0x0602d980     0x8d20
 .data.Po       0x0602d980     0x8d20 main.o

.bss.rin        0x060366a0       0x10
 .bss.rin       0x060366a0       0x10 main.o

.data.st        0x060366b0       0x10
 .data.st       0x060366b0       0x10 main.o

.data.ha        0x060366c0       0x10
 .data.ha       0x060366c0       0x10 main.o

.bss.sel        0x060366d0       0x10
 .bss.sel       0x060366d0       0x10 main.o

.bss.Sco        0x060366e0       0x10
 .bss.Sco       0x060366e0       0x10 main.o

.bss.fal        0x060366f0       0x10
 .bss.fal       0x060366f0       0x10 main.o

.data.us        0x06036700       0x10
 .data.us       0x06036700       0x10 main.o

.text.cr        0x06036710       0xe0
 .text.cr       0x06036710       0xe0 main.o
                0x060367bc                create_plane2
                0x06036710                create_plane3
                0x06036790                create_plane
                0x0603673c                create_ring_sprite_animation

.text.ap        0x060367f0       0xf0
 .text.ap       0x060367f0       0xf0 main.o
                0x060367f0                apply_effect

.text.my        0x060368e0      0xc10
 .text.my       0x060368e0      0xc10 main.o
                0x06036920                my_gamepad
                0x06036f1c                my_draw
                0x060368e0                my_background

.text.ta        0x060374f0      0x140
 .text.ta       0x060374f0      0x140 main.o
                0x060374f0                targa

.text.jo        0x06037630     0x4450
 .text.jo       0x06037630       0xd0 main.o
                0x06037630                jo_main
 .text.jo       0x06037700      0x540 ../../jo_engine/tga.o
                0x06037b4c                jo_tga_loader_from_stream
                0x06037a7c                jo_sprite_add_tga
                0x06037b98                jo_sprite_add_tga_from_stream
                0x06037a28                jo_tga_loader
                0x06037700                jo_sprite_add_tga_tileset
 .text.jo       0x06037c40      0x710 ../../jo_engine/3d.o
                0x06037c5c                jo_3d_create_plane
                0x06038264                jo_3d_set_mesh_color
                0x06038200                jo_3d_set_mesh_texture
                0x06037dbc                jo_3d_set_mesh_polygon_texture
                0x06037ed8                jo_3d_set_mesh_polygon_screen_doors
                0x0603819c                jo_3d_set_mesh_light
                0x06037f54                jo_3d_create_sprite_quad
                0x06037e64                jo_3d_set_mesh_polygon_light
                0x06037c40                jo_3d_init
                0x060382f8                jo_3d_create_triangle
                0x06037d10                jo_3d_set_mesh_polygon_color
                0x0603805c                jo_3d_set_mesh_polygon_transparency
                0x06037cb0                jo_3d_create_cube
                0x06038138                jo_3d_set_mesh_screen_doors
                0x060382c8                jo_3d_free_sprite_quad
                0x060380d4                jo_3d_set_mesh_transparency
 .text.jo       0x06038350      0x7f0 ../../jo_engine/fs.o
                0x06038a48                jo_fs_seek_forward
                0x060388ac                jo_fs_read_file
                0x06038868                jo_fs_set_read_sector_count
                0x06038350                jo_fs_init
                0x0603865c                jo_fs_open
                0x060384a0                jo_fs_read_file_async
                0x0603881c                jo_fs_close
                0x06038744                jo_fs_read_next_bytes
                0x060385ec                jo_fs_cd
                0x060383d4                jo_fs_do_background_jobs
                0x06038a00                jo_fs_read_file_in_dir
 .text.jo       0x06038b40      0x460 ../../jo_engine/font.o
                0x06038d50                jo_font_print_centered
                0x06038e90                jo_font_print
                0x06038b40                jo_font_load
 .text.jo       0x06038fa0       0x50 ../../jo_engine/input.o
                0x06038fa0                jo_get_input_type
 .text.jo       0x06038ff0      0x590 ../../jo_engine/core.o
                0x06039004                jo_core_wait_for_slave
                0x06039044                jo_core_suspend
                0x06039430                jo_core_add_callback
                0x06039024                jo_core_exec_on_slave
                0x060394a0                jo_core_run
                0x060391b4                jo_core_remove_slave_callback
                0x0603916c                jo_dump_vdp1_registers
                0x06039038                jo_goto_boot_menu
                0x060391f4                jo_core_add_slave_callback
                0x06039240                jo_core_remove_callback
                0x06039124                jo_dump_vdp2_registers
                0x06039280                jo_core_init
 .text.jo       0x06039580      0x390 ../../jo_engine/math.o
                0x06039580                jo_random
                0x0603984c                jo_planar_rotate
                0x060397b4                jo_sqrt
                0x060397f0                jo_gcd
                0x060395f4                jo_atan2f_rad
 .text.jo       0x06039910      0x350 ../../jo_engine/malloc.o
                0x06039bd8                jo_memory_fragmentation
                0x06039ac0                jo_memory_usage_percent
                0x06039910                jo_add_memory_zone
                0x06039a44                jo_free
                0x06039948                jo_malloc_with_behaviour
 .text.jo       0x06039c60      0x3f0 ../../jo_engine/tools.o
                0x06039fb8                jo_endwith
                0x06039e74                jo_getdate
                0x06039cee                jo_clear_screen
                0x06039d90                jo_strlen
                0x06039cb0                jo_get_current_language
                0x06039d2c                jo_tools_atoi
                0x06039c60                jo_print
                0x06039dd8                jo_memset
                0x06039e2c                jo_map_to_vram
 .text.jo       0x0603a050      0x680 ../../jo_engine/sprites.o
                0x0603a488                jo_sprite_usage_percent
                0x0603a524                jo_sprite_add_8bits_image
                0x0603a5bc                jo_sprite_draw
                0x0603a050                jo_get_last_sprite_id
                0x0603a05c                jo_sprite_init
                0x0603a080                jo_sprite_name2id
                0x0603a1f8                jo_sprite_draw_rotate
                0x0603a368                jo_sprite_replace
                0x0603a1a4                jo_set_gouraud_shading_colors
                0x0603a0f4                jo_sprite_free_from
                0x0603a1cc                jo_set_gouraud_shading_brightness
                0x0603a570                jo_sprite_add
 .text.jo       0x0603a6d0      0x880 ../../jo_engine/map.o
                0x0603ac34                jo_map_per_pixel_vertical_collision
                0x0603ad7c                jo_map_draw
                0x0603a6d0                jo_map_create
                0x0603a74c                jo_map_add_tile
                0x0603a770                jo_map_add_animated_tile
                0x0603a938                jo_map_load_from_file
                0x0603a820                jo_map_free
                0x0603a838                jo_map_move_tiles_by_attribute
                0x0603ae5c                jo_map_3d_draw
                0x0603a8a8                jo_map_hitbox_detection_custom_boundaries
                0x0603a794                jo_map_draw_background
 .text.jo       0x0603af50       0xd0 ../../jo_engine/list.o
                0x0603af50                jo_list_remove
                0x0603af94                jo_list_init
                0x0603afa2                jo_list_add
 .text.jo       0x0603b020      0x1a0 ../../jo_engine/sprite_animator.o
                0x0603b18c                jo_clear_all_sprite_anim
                0x0603b0d0                jo_create_sprite_anim
                0x0603b020                jo_replace_sprite_anim
 .text.jo       0x0603b1c0      0x630 ../../jo_engine/image.o
                0x0603b1c0                jo_free_img
                0x0603b6b8                jo_sprite_add_image_pack
                0x0603b208                jo_replace_color
                0x0603b4c8                jo_sprite_add_bin_from_stream
                0x0603b3f8                jo_bin_loader_from_stream
                0x0603b268                jo_sprite_add_bin_tileset
                0x0603b568                jo_bin_loader
                0x0603b5e8                jo_sprite_add_bin
 .text.jo       0x0603b7f0      0x170 ../../jo_engine/background.o
                0x0603b910                jo_clear_background
                0x0603b880                jo_set_background_sprite
                0x0603b7f0                jo_draw_background_line
 .text.jo       0x0603b960      0x120 ../../jo_engine/time.o
                0x0603ba4c                jo_time_init
                0x0603b960                jo_get_ticks

.text.dr        0x0603ba80      0xce0
 .text.dr       0x0603ba80      0xce0 main.o
                0x0603c594                draw_3dfoam
                0x0603be8c                draw_splash
                0x0603bda4                draw_foam
                0x0603bf0c                draw_wipeout
                0x0603c068                draw_demo
                0x0603bf80                draw_title
                0x0603ba80                draw_controls
                0x0603bb58                draw_beach
                0x0603baf4                draw_floor
                0x0603bbdc                draw_dithwater
                0x0603c644                draw_skimboard
                0x0603bff4                draw_startpress
                0x0603c0dc                draw_player
                0x0603bcbc                draw_sprites

.bss.use        0x0603c760       0x10
 .bss.use       0x0603c760       0x10 main.o

.bss.fy         0x0603c770       0x10
 .bss.fy        0x0603c770       0x10 main.o

.bss.fx         0x0603c780       0x10
 .bss.fx        0x0603c780       0x10 main.o

.bss.ry         0x0603c790       0x10
 .bss.ry        0x0603c790       0x10 main.o

.bss.rx         0x0603c7a0       0x10
 .bss.rx        0x0603c7a0       0x10 main.o

.bss.cam        0x0603c7b0       0x20
 .bss.cam       0x0603c7b0       0x20 main.o

.rodata.        0x0603c7d0      0x5c0
 .rodata.       0x0603c7d0       0x60 ../../jo_engine/tga.o
 .rodata.       0x0603c830      0x150 ../../jo_engine/3d.o
 .rodata.       0x0603c980       0xc0 ../../jo_engine/fs.o
 .rodata.       0x0603ca40       0x40 ../../jo_engine/font.o
 .rodata.       0x0603ca80       0xb0 ../../jo_engine/core.o
 .rodata.       0x0603cb30       0x10 ../../jo_engine/math.o
 .rodata.       0x0603cb40       0x60 ../../jo_engine/malloc.o
 .rodata.       0x0603cba0       0x40 ../../jo_engine/tools.o
 .rodata.       0x0603cbe0       0x80 ../../jo_engine/sprites.o
 .rodata.       0x0603cc60       0x30 ../../jo_engine/map.o
 .rodata.       0x0603cc90       0x10 ../../jo_engine/list.o
 .rodata.       0x0603cca0       0x30 ../../jo_engine/sprite_animator.o
 .rodata.       0x0603ccd0       0xc0 ../../jo_engine/image.o

.text.__        0x0603cd90      0x570
 .text.__       0x0603cd90      0x100 ../../jo_engine/tga.o
                0x0603cd90                __jo_tga_load
 .text.__       0x0603ce90      0x160 ../../jo_engine/core.o
                0x0603ce9e                __jo_core_error
 .text.__       0x0603cff0      0x170 ../../jo_engine/sprites.o
 .text.__       0x0603d160       0xe0 ../../jo_engine/map.o
 .text.__       0x0603d240       0x70 ../../jo_engine/sprite_animator.o
 .text.__       0x0603d2b0       0x50 ../../jo_engine/image.o
                0x0603d2b0                __jo_bin_load

.data.po        0x0603d300       0x30
 .data.po       0x0603d300       0x30 ../../jo_engine/3d.o

.data.__        0x0603d330       0x60
 .data.__       0x0603d330       0x10 ../../jo_engine/fs.o
 .data.__       0x0603d340       0x10 ../../jo_engine/math.o
 .data.__       0x0603d350       0x30 ../../jo_engine/sprites.o
                0x0603d360                __jo_sprite_attributes
                0x0603d354                __jo_sprite_pos
                0x0603d350                __jo_gouraud_shading_runtime_index
 .data.__       0x0603d380       0x10 ../../jo_engine/sprite_animator.o

.bss.__j        0x0603d390     0x25d0
 .bss.__j       0x0603d390     0x2590 ../../jo_engine/fs.o
 .bss.__j       0x0603f920       0x10 ../../jo_engine/core.o
                0x0603f920                __jo_slave_done_flag
 .bss.__j       0x0603f930       0x10 ../../jo_engine/malloc.o
 .bss.__j       0x0603f940       0x10 ../../jo_engine/sprites.o
 .bss.__j       0x0603f950       0x10 ../../jo_engine/sprite_animator.o

.text.ma        0x0603f960       0x50
 .text.ma       0x0603f960       0x50 ../../jo_engine/core.o
                0x0603f960                main

.bss.glo        0x0603f9b0    0x80000
 .bss.glo       0x0603f9b0    0x80000 ../../jo_engine/core.o

.bss.__s        0x060bf9b0       0x10
 .bss.__s       0x060bf9b0       0x10 ../../jo_engine/core.o

.bss.__c        0x060bf9c0       0x10
 .bss.__c       0x060bf9c0       0x10 ../../jo_engine/core.o

.data.Jo        0x060bf9d0      0x5a0
 .data.Jo       0x060bf9d0      0x5a0 ../../jo_engine/math.o
                0x060bf9d0                JoCosLookupTable

.bss.mem        0x060bff70       0x70
 .bss.mem       0x060bff70       0x70 ../../jo_engine/malloc.o

.bss.gl_        0x060bffe0       0x50
 .bss.gl_       0x060bffe0       0x50 ../../jo_engine/map.o

.bss.tic        0x060c0030       0x10
 .bss.tic       0x060c0030       0x10 ../../jo_engine/time.o

.comment        0x060c0040      0x9c0
 .comment       0x060c0040       0x20 c:/users/susan/desktop/joengine-master/compiler/sh_coff/sh-coff/bin/../lib/gcc/sh-coff/4.0-GNUSH_v0601\libgcc.a(_si_to_sf.o)
 .comment       0x060c0060       0x20 c:/users/susan/desktop/joengine-master/compiler/sh_coff/sh-coff/bin/../lib/gcc/sh-coff/4.0-GNUSH_v0601\libgcc.a(_eq_sf.o)
 .comment       0x060c0080       0x20 c:/users/susan/desktop/joengine-master/compiler/sh_coff/sh-coff/bin/../lib/gcc/sh-coff/4.0-GNUSH_v0601\libgcc.a(_lt_sf.o)
 .comment       0x060c00a0       0x20 c:/users/susan/desktop/joengine-master/compiler/sh_coff/sh-coff/bin/../lib/gcc/sh-coff/4.0-GNUSH_v0601\libgcc.a(_addsub_sf.o)
 .comment       0x060c00c0       0x20 c:/users/susan/desktop/joengine-master/compiler/sh_coff/sh-coff/bin/../lib/gcc/sh-coff/4.0-GNUSH_v0601\libgcc.a(_sf_to_si.o)
 .comment       0x060c00e0       0x20 c:/users/susan/desktop/joengine-master/compiler/sh_coff/sh-coff/bin/../lib/gcc/sh-coff/4.0-GNUSH_v0601\libgcc.a(_le_sf.o)
 .comment       0x060c0100       0x20 c:/users/susan/desktop/joengine-master/compiler/sh_coff/sh-coff/bin/../lib/gcc/sh-coff/4.0-GNUSH_v0601\libgcc.a(_si_to_df.o)
 .comment       0x060c0120       0x20 c:/users/susan/desktop/joengine-master/compiler/sh_coff/sh-coff/bin/../lib/gcc/sh-coff/4.0-GNUSH_v0601\libgcc.a(_div_df.o)
 .comment       0x060c0140       0x20 c:/users/susan/desktop/joengine-master/compiler/sh_coff/sh-coff/bin/../lib/gcc/sh-coff/4.0-GNUSH_v0601\libgcc.a(_df_to_si.o)
 .comment       0x060c0160       0x20 c:/users/susan/desktop/joengine-master/compiler/sh_coff/sh-coff/bin/../lib/gcc/sh-coff/4.0-GNUSH_v0601\libgcc.a(_sf_to_df.o)
 .comment       0x060c0180       0x20 c:/users/susan/desktop/joengine-master/compiler/sh_coff/sh-coff/bin/../lib/gcc/sh-coff/4.0-GNUSH_v0601\libgcc.a(_mul_df.o)
 .comment       0x060c01a0       0x20 c:/users/susan/desktop/joengine-master/compiler/sh_coff/sh-coff/bin/../lib/gcc/sh-coff/4.0-GNUSH_v0601\libgcc.a(_gt_sf.o)
 .comment       0x060c01c0       0x20 c:/users/susan/desktop/joengine-master/compiler/sh_coff/sh-coff/bin/../lib/gcc/sh-coff/4.0-GNUSH_v0601\libgcc.a(_mul_sf.o)
 .comment       0x060c01e0       0x20 c:/users/susan/desktop/joengine-master/compiler/sh_coff/sh-coff/bin/../lib/gcc/sh-coff/4.0-GNUSH_v0601\libgcc.a(__main.o)
 .comment       0x060c0200       0x20 c:/users/susan/desktop/joengine-master/compiler/sh_coff/sh-coff/bin/../lib/gcc/sh-coff/4.0-GNUSH_v0601\libgcc.a(_ge_sf.o)
 .comment       0x060c0220       0x20 c:/users/susan/desktop/joengine-master/compiler/sh_coff/sh-coff/bin/../lib/gcc/sh-coff/4.0-GNUSH_v0601\libgcc.a(_div_sf.o)
 .comment       0x060c0240       0x20 c:/users/susan/desktop/joengine-master/compiler/sh_coff/sh-coff/bin/../lib/gcc/sh-coff/4.0-GNUSH_v0601\libgcc.a(_df_to_sf.o)
 .comment       0x060c0260       0x20 c:/users/susan/desktop/joengine-master/compiler/sh_coff/sh-coff/bin/../lib/gcc/sh-coff/4.0-GNUSH_v0601\libgcc.a(_addsub_df.o)
 .comment       0x060c0280       0x20 c:/users/susan/desktop/joengine-master/compiler/sh_coff/sh-coff/bin/../lib/gcc/sh-coff/4.0-GNUSH_v0601\libgcc.a(_pack_sf.o)
 .comment       0x060c02a0       0x20 c:/users/susan/desktop/joengine-master/compiler/sh_coff/sh-coff/bin/../lib/gcc/sh-coff/4.0-GNUSH_v0601\libgcc.a(_unpack_sf.o)
 .comment       0x060c02c0       0x20 c:/users/susan/desktop/joengine-master/compiler/sh_coff/sh-coff/bin/../lib/gcc/sh-coff/4.0-GNUSH_v0601\libgcc.a(_fpcmp_parts_sf.o)
 .comment       0x060c02e0       0x20 c:/users/susan/desktop/joengine-master/compiler/sh_coff/sh-coff/bin/../lib/gcc/sh-coff/4.0-GNUSH_v0601\libgcc.a(_thenan_sf.o)
 .comment       0x060c0300       0x20 c:/users/susan/desktop/joengine-master/compiler/sh_coff/sh-coff/bin/../lib/gcc/sh-coff/4.0-GNUSH_v0601\libgcc.a(_pack_df.o)
 .comment       0x060c0320       0x20 c:/users/susan/desktop/joengine-master/compiler/sh_coff/sh-coff/bin/../lib/gcc/sh-coff/4.0-GNUSH_v0601\libgcc.a(_unpack_df.o)
 .comment       0x060c0340       0x20 c:/users/susan/desktop/joengine-master/compiler/sh_coff/sh-coff/bin/../lib/gcc/sh-coff/4.0-GNUSH_v0601\libgcc.a(_thenan_df.o)
 .comment       0x060c0360       0x20 c:/users/susan/desktop/joengine-master/compiler/sh_coff/sh-coff/bin/../lib/gcc/sh-coff/4.0-GNUSH_v0601\libgcc.a(_make_df.o)
 .comment       0x060c0380       0x20 c:/users/susan/desktop/joengine-master/compiler/sh_coff/sh-coff/bin/../lib/gcc/sh-coff/4.0-GNUSH_v0601\libgcc.a(_muldi3.o)
 .comment       0x060c03a0       0x20 c:/users/susan/desktop/joengine-master/compiler/sh_coff/sh-coff/bin/../lib/gcc/sh-coff/4.0-GNUSH_v0601\libgcc.a(_make_sf.o)
 .comment       0x060c03c0       0x20 c:/users/susan/desktop/joengine-master/compiler/sh_coff/sh-coff/bin/../lib/gcc/sh-coff/4.0-GNUSH_v0601/../../../../sh-coff/lib\libc.a(sprintf.o)
 .comment       0x060c03e0       0x20 c:/users/susan/desktop/joengine-master/compiler/sh_coff/sh-coff/bin/../lib/gcc/sh-coff/4.0-GNUSH_v0601/../../../../sh-coff/lib\libc.a(memcmp.o)
 .comment       0x060c0400       0x20 c:/users/susan/desktop/joengine-master/compiler/sh_coff/sh-coff/bin/../lib/gcc/sh-coff/4.0-GNUSH_v0601/../../../../sh-coff/lib\libc.a(strncmp.o)
 .comment       0x060c0420       0x20 c:/users/susan/desktop/joengine-master/compiler/sh_coff/sh-coff/bin/../lib/gcc/sh-coff/4.0-GNUSH_v0601/../../../../sh-coff/lib\libc.a(strncpy.o)
 .comment       0x060c0440       0x20 c:/users/susan/desktop/joengine-master/compiler/sh_coff/sh-coff/bin/../lib/gcc/sh-coff/4.0-GNUSH_v0601/../../../../sh-coff/lib\libc.a(atexit.o)
 .comment       0x060c0460       0x20 c:/users/susan/desktop/joengine-master/compiler/sh_coff/sh-coff/bin/../lib/gcc/sh-coff/4.0-GNUSH_v0601/../../../../sh-coff/lib\libc.a(vfprintf.o)
 .comment       0x060c0480       0x20 c:/users/susan/desktop/joengine-master/compiler/sh_coff/sh-coff/bin/../lib/gcc/sh-coff/4.0-GNUSH_v0601/../../../../sh-coff/lib\libc.a(impure.o)
 .comment       0x060c04a0       0x20 c:/users/susan/desktop/joengine-master/compiler/sh_coff/sh-coff/bin/../lib/gcc/sh-coff/4.0-GNUSH_v0601/../../../../sh-coff/lib\libc.a(malloc.o)
 .comment       0x060c04c0       0x20 c:/users/susan/desktop/joengine-master/compiler/sh_coff/sh-coff/bin/../lib/gcc/sh-coff/4.0-GNUSH_v0601/../../../../sh-coff/lib\libc.a(fvwrite.o)
 .comment       0x060c04e0       0x20 c:/users/susan/desktop/joengine-master/compiler/sh_coff/sh-coff/bin/../lib/gcc/sh-coff/4.0-GNUSH_v0601/../../../../sh-coff/lib\libc.a(locale.o)
 .comment       0x060c0500       0x20 c:/users/susan/desktop/joengine-master/compiler/sh_coff/sh-coff/bin/../lib/gcc/sh-coff/4.0-GNUSH_v0601/../../../../sh-coff/lib\libc.a(freer.o)
 .comment       0x060c0520       0x20 c:/users/susan/desktop/joengine-master/compiler/sh_coff/sh-coff/bin/../lib/gcc/sh-coff/4.0-GNUSH_v0601/../../../../sh-coff/lib\libc.a(findfp.o)