Archive member included because of file (symbol)

../../Compiler/SGL_302j/lib_coff/SEGA_SYS.A(sys_exit.o)
                              ../../jo_engine/core.o (SYS_Exit)
../../Compiler/SGL_302j/lib_coff/SEGA_SYS.A(sys_sub.o)
                              ../../Compiler/SGL_302j/lib_coff/SEGA_SYS.A(sys_exit.o) (SYSUB_SetStackptr)
../../Compiler/SGL_302j/lib_coff/LIBCD.A(GFS.O)
                              main.o (GFS_Init)
../../Compiler/SGL_302j/lib_coff/LIBCD.A(CDC_CMN.O)
                              ../../Compiler/SGL_302j/lib_coff/SEGA_SYS.A(sys_exit.o) (CDC_GetCurStat)
../../Compiler/SGL_302j/lib_coff/LIBCD.A(CDC_REG.O)
                              ../../Compiler/SGL_302j/lib_coff/SEGA_SYS.A(sys_exit.o) (CDC_GetHirqReq)
../../Compiler/SGL_302j/lib_coff/LIBCD.A(CDC_CFS.O)
                              ../../Compiler/SGL_302j/lib_coff/SEGA_SYS.A(sys_exit.o) (CDC_ChgDir)
../../Compiler/SGL_302j/lib_coff/LIBCD.A(GFS_CDF.O)
                              ../../Compiler/SGL_302j/lib_coff/LIBCD.A(GFS.O) (GFCF_Init)
../../Compiler/SGL_302j/lib_coff/LIBCD.A(GFS_DIR.O)
                              ../../Compiler/SGL_302j/lib_coff/LIBCD.A(GFS.O) (GFDR_SetupDirTbl)
../../Compiler/SGL_302j/lib_coff/LIBCD.A(GFS_TRN.O)
                              ../../Compiler/SGL_302j/lib_coff/LIBCD.A(GFS.O) (GFTR_Setup)
../../Compiler/SGL_302j/lib_coff/LIBCD.A(GFS_BUF.O)
                              ../../Compiler/SGL_302j/lib_coff/LIBCD.A(GFS.O) (GFBF_GetNumData)
../../Compiler/SGL_302j/lib_coff/LIBCD.A(GFS_CDB.O)
                              ../../Compiler/SGL_302j/lib_coff/LIBCD.A(GFS_CDF.O) (GFCB_Setup)
../../Compiler/SGL_302j/lib_coff/LIBCD.A(GFS_CDC.O)
                              ../../Compiler/SGL_302j/lib_coff/LIBCD.A(GFS.O) (GFCD_SetCdbfs)
../../Compiler/SGL_302j/lib_coff/LIBCD.A(CDC_SUB.O)
                              ../../Compiler/SGL_302j/lib_coff/LIBCD.A(CDC_CMN.O) (CDSUB_UpdStatus)
../../Compiler/SGL_302j/lib_coff/LIBCD.A(CDC_BIO.O)
                              ../../Compiler/SGL_302j/lib_coff/LIBCD.A(GFS_CDC.O) (CDC_SetSctLen)
../../Compiler/SGL_302j/lib_coff/LIBCD.A(CDC_SEL.O)
                              ../../Compiler/SGL_302j/lib_coff/LIBCD.A(GFS_CDC.O) (CDC_SetFiltRange)
../../Compiler/SGL_302j/lib_coff/LIBCD.A(CDC_DRV.O)
                              ../../Compiler/SGL_302j/lib_coff/LIBCD.A(GFS_CDC.O) (CDC_CdPlay)
../../Compiler/SGL_302j/lib_coff/LIBCD.A(CDC_BIF.O)
                              ../../Compiler/SGL_302j/lib_coff/LIBCD.A(GFS_CDC.O) (CDC_GetBufSiz)
../../Compiler/SGL_302j/lib_coff/LIBCD.A(CDC_DEV.O)
                              ../../Compiler/SGL_302j/lib_coff/LIBCD.A(GFS_CDC.O) (CDC_CdSetCon)
../../Compiler/SGL_302j/lib_coff/LIBSGL.A(sglM00.o)
                              main.o (slInitGouraud)
../../Compiler/SGL_302j/lib_coff/LIBSGL.A(sglH00.o)
                              main.o (Smpc_Peripheral)
../../Compiler/SGL_302j/lib_coff/LIBSGL.A(sglB063.o)
                              main.o (slPriority)
../../Compiler/SGL_302j/lib_coff/LIBSGL.A(sglA21.o)
                              main.o (slPushMatrix)
../../Compiler/SGL_302j/lib_coff/LIBSGL.A(sglA18.o)
                              main.o (slRotY)
../../Compiler/SGL_302j/lib_coff/LIBSGL.A(sglA27.o)
                              main.o (slTranslate)
../../Compiler/SGL_302j/lib_coff/LIBSGL.A(sglC08.o)
                              main.o (slPutPolygon)
../../Compiler/SGL_302j/lib_coff/LIBSGL.A(sglA19.o)
                              main.o (slRotX)
../../Compiler/SGL_302j/lib_coff/LIBSGL.A(sglA17.o)
                              main.o (slRotZ)
../../Compiler/SGL_302j/lib_coff/LIBSGL.A(sglA28.o)
                              main.o (slScale)
../../Compiler/SGL_302j/lib_coff/LIBSGL.A(sglC04.o)
                              main.o (slZdspLevel)
../../Compiler/SGL_302j/lib_coff/LIBSGL.A(sglA16.o)
                              main.o (slLookAt)
../../Compiler/SGL_302j/lib_coff/LIBSGL.A(sglA20.o)
                              main.o (slUnitMatrix)
../../Compiler/SGL_302j/lib_coff/LIBSGL.A(sglI01.o)
                              main.o (slSynch)
../../Compiler/SGL_302j/lib_coff/LIBSGL.A(sglB001.o)
                              ZT/ZT_TOOLS.o (slTVOn)
../../Compiler/SGL_302j/lib_coff/LIBSGL.A(sglC16.o)
                              main.o (slDynamicFrame)
../../Compiler/SGL_302j/lib_coff/LIBSGL.A(sglK01.o)
                              main.o (SynchConst)
../../Compiler/SGL_302j/lib_coff/LIBSGL.A(sglI04.o)
                              main.o (slIntFunction)
../../Compiler/SGL_302j/lib_coff/LIBSGL.A(sglB015.o)
                              main.o (slScrAutoDisp)
../../Compiler/SGL_302j/lib_coff/LIBSGL.A(sglD00.o)
                              ZT/ZT_LOAD_MODEL.o (slDMACopy)
../../Compiler/SGL_302j/lib_coff/LIBSGL.A(sglD02.o)
                              ZT/ZT_LOAD_MODEL.o (slDMAWait)
../../Compiler/SGL_302j/lib_coff/LIBSGL.A(sglF00.o)
[...]
Memory Configuration

Name             Origin             Length             Attributes
*default*        0x00000000         0xffffffff

Linker script and memory map

TARGET(coff-sh)

SLSTART         0x06004000       0x30
                0x06004000                ___Start = .
 *(SLSTART)
 SLSTART        0x06004000       0x28 ../../Compiler/SGL_302j/lib_coff/LIBSGL.A(sglI00.o)
                0x06004002                slStartSGL
                0x06004000                SGL_Start

.text           0x06004040    0x11a80
 *(.text)
 .text          0x06004040      0x1f0 main.o
 .text          0x06004230       0x50 ZT/ZT_LOAD_MODEL.o
 .text          0x06004280       0x50 ZT/ZT_TOOLS.o
 .text          0x060042d0       0xd0 ../../jo_engine/tga.o
 .text          0x060043a0       0x60 ../../jo_engine/3d.o
 .text          0x06004400      0x120 ../../jo_engine/fs.o
 .text          0x06004520       0x90 ../../jo_engine/font.o
 .text          0x060045b0      0x120 ../../jo_engine/core.o
 .text          0x060046d0       0x30 ../../jo_engine/math.o
 .text          0x06004700       0x60 ../../jo_engine/malloc.o
 .text          0x06004760       0x30 ../../jo_engine/tools.o
 .text          0x06004790       0xa0 ../../jo_engine/sprites.o
 .text          0x06004830       0x60 ../../jo_engine/map.o
 .text          0x06004890       0x10 ../../jo_engine/list.o
 .text          0x060048a0       0x50 ../../jo_engine/sprite_animator.o
 .text          0x060048f0       0xe0 ../../jo_engine/image.o
 .text          0x060049d0      0x238 ../../Compiler/SGL_302j/lib_coff/SEGA_SYS.A(sys_exit.o)
                0x060049f0                SYS_Exit
                0x060049d0                sys_version
 *fill*         0x06004c08        0x8 00
 .text          0x06004c10        0x6 ../../Compiler/SGL_302j/lib_coff/SEGA_SYS.A(sys_sub.o)
                0x06004c10                SYSUB_SetStackptr
 *fill*         0x06004c16        0xa 00
 .text          0x06004c20     0x1adc ../../Compiler/SGL_302j/lib_coff/LIBCD.A(GFS.O)
                0x06004c20                gfs_version
                0x06005e90                gfs_mngGetNumFile
                0x060065ec                gfs_closeSub
                0x060059ac                GFS_SetGmode
                0x06005c68                GFS_SetErrFunc
                0x06005db8                gfs_mngSetupFuncTbl
                0x06004f78                GFS_Reset
                0x06005ce0                gfs_chgRoot
                0x06005dac                gfs_aborttrans
                0x06006090                gfs_svrAddHndl
                0x06005f40                gfs_mngFreeGrp
                0x06005cb8                GFS_ConvTno
                0x06006244                gfs_getRootDir
                0x06005c94                GFS_GetErrStat
                0x060050e8                GFS_Seek
                0x06005758                GFS_NwStop
                0x06005f4c                gfs_mngTermAccess
                0x06004ffc                GFS_Open
                0x06005ef8                GFS_mngAllocGrp
                0x06006634                gfs_isTaskDone
                0x06005458                GFS_Fread
                0x06005bb0                GFS_StartTrans
                0x060065ac                gfs_GetFinfo
                0x06005dec                gfs_mngInitWork
                0x06005240                GFS_ByteToSct
                0x06006050                gfs_svrSearchHndl
                0x06006340                gfs_loadRootDir
                0x06004e9c                GFS_IdToName
                0x0600559c                GFS_NwFread
                0x06005ae0                GFS_SetTransPara
                0x060056a8                GFS_NwCdRead
                0x06006180                gfs_loadVol
                0x06005a7c                GFS_SetReadPara
                0x0600519c                GFS_Tell
                0x06005a10                GFS_SetTmode
                0x06006514                GFS_GetFad
                0x06005b4c                GFS_SetTrFunc
                0x06005bfc                GFS_CdMovePickup
                0x06004e38                GFS_NameToId
                0x06005870                GFS_NwExecOne
                0x060063c8                gfs_flowIn
                0x060052f8                GFS_GetFileInfo
                0x06006470                gfs_transData
                0x060060cc                gfs_svrRemoveHndl
                0x06005720                GFS_NwIsComplete
                0x06006628                gfs_getGmode
                0x060057c4                GFS_NwGetStat
                0x06006128                GFS_OpenSub
                0x06004dd0                GFS_SetDir
                0x0600529c                GFS_GetFileSize
                0x0600536c                GFS_GetNumCdbuf
                0x06006688                gfs_convFinStat
                0x06005394                GFS_Load
                0x060054f4                gfs_waitRead
                0x06004d28                GFS_LoadDir
                0x06004f08                GFS_GetDirInfo
                0x060050b0                GFS_Close
                0x06004c40                GFS_Init
                0x06005840                gfs_recovRdErr
                0x06005fd0                gfs_mngSetErrCode
                0x06005930                GFS_NwExecServer
                0x060051ec                GFS_IsEof
                0x0600656c                gfs_SetSct
 *fill*         0x060066fc        0x4 00
 .text          0x06006700      0x3a0 ../../Compiler/SGL_302j/lib_coff/LIBCD.A(CDC_CMN.O)
                0x060068a4                CDC_TgetToc
                0x06006a48                CDC_DataEnd
                0x06006768                CDC_GetPeriStat
                0x060069dc                CDC_DataReady
                0x060069b4                CDC_CdOpen
                0x06006930                CDC_CdInit
                0x060068f4                CDC_GetSes
                0x06006750                CDC_GetLastStat
                0x06006700                CDC_GetCurStat
                0x0600683c                CDC_GetHwInfo
 .text          0x06006aa0      0x2dc ../../Compiler/SGL_302j/lib_coff/LIBCD.A(CDC_REG.O)
                0x06006af4                CDREG_ClrHirqReq
                0x06006ac4                CDC_ClrHirqReq
                0x06006b74                CDREG_TgetData
                0x06006b64                CDC_GetMpegPtr
                0x06006b40                CDC_GetHirqMsk
                0x06006aa0                CDC_GetDataPtr
                0x06006ab0                CDC_GetHirqReq
                0x06006cd0                CDREG_WaitHirq
                0x06006b54                CDC_SetHirqMsk
                0x06006bd0                CDREG_CmdRsp
                0x06006b04                CDREG_InitHirqReq
                0x06006b2c                CDREG_SetHirqFlag
                0x06006d40                CDREG_ReadRsp
 *fill*         0x06006d7c        0x4 00
 .text          0x06006d80      0x194 ../../Compiler/SGL_302j/lib_coff/LIBCD.A(CDC_CFS.O)
                0x06006d80                CDC_ChgDir
                0x06006db4                CDC_ReadDir
                0x06006ed8                CDC_AbortFile
                0x06006de8                CDC_GetFileScope
                0x06006e48                CDC_TgetFileInfo
                0x06006ea4                CDC_ReadFile
 *fill*         0x06006f14        0xc 00
 .text          0x06006f20      0x8d8 ../../Compiler/SGL_302j/lib_coff/LIBCD.A(GFS_CDF.O)
                0x06007414                GFCF_Seek
                0x0600751c                GFCF_GetStat
                0x060073fc                GFCF_Tell
                0x06006fc0                GFCF_Setup
                0x060074c8                GFCF_cnvIntlvOfs
                0x06006f20                GFCF_Init
                0x060073b4                GFCF_Recover
                0x06007108                GFCF_SetSct
                0x0600742c                GFCF_MovePickup
                0x060075f0                gfcf_isCdOk
                0x060071c0                GFCF_FlowInBuf
                0x0600714c                GFCF_GetFileInfo
                0x06007314                GFCF_StopInBuf
                0x060075b4                gfcf_getSctSize
                0x060076b0                gfcf_getPlayRange
 *fill*         0x060077f8        0x8 00
 .text          0x06007800      0x92c ../../Compiler/SGL_302j/lib_coff/LIBCD.A(GFS_DIR.O)
                0x06007cf0                gfdr_setNextRec
                0x060080f0                gfdr_setDirrecCd
                0x06007ae8                gfdr_open
                0x060078fc                GFDR_GetAtrDirId
                0x06007bd0                gfdr_readByte
                0x06007800                GFDR_SetupDirTbl
                0x06007cc8                gfdr_readLongNM
                0x06007d74                gfdr_readDirEnt
                0x0600792c                GFDR_ChgRoot
                0x06007874                GFDR_NameToId
                0x060079b8                gfdr_setupDirIdTbl
                0x06007914                GFDR_GetAtrDirName
                0x060078d4                GFDR_GetInfoDirId
                0x06007c7c                gfdr_readLongNB
                0x06007b10                gfdr_read
                0x06007bfc                gfdr_readWord
                0x06007a3c                gfdr_setupDirNameTbl
                0x060078e8                GFDR_GetInfoDirName
                0x06007944                GFDR_ChgDir
                0x06007c28                gfdr_readWordNB
 *fill*         0x0600812c        0x4 00
 .text          0x06008130      0x9c6 ../../Compiler/SGL_302j/lib_coff/LIBCD.A(GFS_TRN.O)
                0x06008210                GFTR_SetTransMax
                0x060085e0                gftr_execScu
                0x06008ae4                GFTR_SetTransFunc
                0x060089ac                gftr_remTrn
                0x06008ad0                GFTR_SetData
                0x060087d0                gftr_execSdma1
                0x06008a20                gftr_copyFrac
                0x06008204                GFTR_GetNumTrans
                0x060081a4                GFTR_SetMode
                0x060087a0                gftr_remDma0
                0x06008a48                GFTR_GetLenData
                0x060085d4                gftr_reqScu
                0x060087b8                gftr_reqDma1
                0x060084f0                gftr_getSrcPack
                0x06008aa0                GFTR_RtnDstPk
                0x060086bc                gfdma_exec
                0x060088d4                gftr_execTrn
                0x060083e8                GFTR_ExecSvr
                0x06008864                gftr_reqTrn
                0x0600872c                gfdma_getBytecnt
                0x0600880c                gftr_reqCpu
                0x06008a6c                GFTR_GetDstPack
                0x06008764                gftr_reqDma0
                0x06008370                GFTR_Idle
                0x06008228                GFTR_Pause
                0x060081f8                GFTR_GetTransPara
                0x06008858                gftr_remCpu
                0x060081c4                GFTR_SetTransPara
                0x060087f4                gftr_remDma1
                0x06008234                GFTR_Stop
                0x0600877c                gftr_execSdma0
                0x06008160                GFTR_Setup
                0x0600867c                gftr_remScu
                0x06008578                gftr_getDstPack
                0x060086b0                gfdma_canUse
                0x060082ec                GFTR_Exec
                0x06008abc                GFTR_GetData
                0x0600821c                GFTR_Start
                0x060081b8                GFTR_SetUnit
                0x06008818                gftr_execCpu
                0x06008a54                GFTR_GetLenRoom
 *fill*         0x06008af6        0xa 00
 .text          0x06008b00      0x106 ../../Compiler/SGL_302j/lib_coff/LIBCD.A(GFS_BUF.O)
                0x06008b58                GFBF_GetNumData
                0x06008bd4                GFBF_RtnPk
                0x06008b88                GFBF_GetSrcPk
                0x06008bfc                gfbf_getSctDt
                0x06008b30                GFBF_GetTranData
                0x06008bb0                GFBF_GetSctData
 *fill*         0x06008c06        0xa 00
 .text          0x06008c10      0x600 ../../Compiler/SGL_302j/lib_coff/LIBCD.A(GFS_CDB.O)
                0x060091b8                GFCB_GetPickup
                0x06008d30                GFCB_Close
                0x06008ffc                GFCB_GetSrcPack
                0x06009184                GFCB_SetCon
                0x06008e04                GFCB_GetLenRoom
                0x06009168                GFCB_MovePickup
                0x060090dc                GFCB_GetSctData
                0x06008e10                GFCB_SetFilt
                0x06008d58                GFCB_GetLenData
                0x060091f8                GFCB_UngetPickup
                0x06008c10                GFCB_Setup
                0x06008ea0                GFCB_Tell
                0x060091e0                GFCB_IsPuOwner
                0x06008f00                GFCB_Seek
                0x06008e78                GFCB_DeleteAllData
                0x06009114                GFCB_GetDstPack
                0x06008eb0                gfcb_getSctNum
                0x06009120                GFCB_RtnPk
 .text          0x06009210     0x1a10 ../../Compiler/SGL_302j/lib_coff/LIBCD.A(GFS_CDC.O)
                0x060094ac                GFCD_AllocBuf
                0x0600a294                gfcd_doGetLenDataTsk
                0x0600ab30                GFCD_SetCsctFunc
                0x06009584                GFCD_GetBaseFad
                0x06009700                GFCD_GetFilt
                0x0600a720                gfcd_doChgDirTsk
                0x0600aa60                gfcd_checkEflag
                0x06009a48                GFCD_MovePickup
                0x06009b2c                GFCD_GetSctInfo
                0x0600a3e8                gfcd_doReqDataTsk
                0x06009b74                GFCD_ChgDir
                0x06009868                GFCD_ReqData
                0x0600ab4c                GFCD_ChkScdqFlag
                0x0600a004                GFCD_WaitServer
                0x0600990c                GFCD_DelSctData
                0x06009de4                GFCD_ExecServer
                0x0600a204                gfcd_doSetConTsk
                0x06009440                GFCD_AllocFilt
                0x0600963c                GFCD_SetFilt
                0x0600a040                gfcd_doSetFiltTsk
                0x0600ab70                GFCD_ClrScdqFlag
                0x0600a488                gfcd_doDelSctDataTsk
                0x06009f44                gfcd_doTask
                0x060095b8                GFCD_GetPickup
                0x06009b08                GFCD_CheckMove
                0x0600ab8c                GFCD_WaitScdqFlag
                0x060097a0                GFCD_Play
                0x0600a5bc                gfcd_doMoveSctTsk
                0x06009748                GFCD_SetCon
                0x06009be8                GFCD_SetFiltCon
                0x0600abd0                GFCD_WaitPause
                0x06009dac                GFCD_GetBufSiz
                0x060095ec                GFCD_UngetPickup
                0x06009cd0                GFCD_GetFileInfo
                0x060098c4                GFCD_EndData
                0x060094e0                GFCD_FreeBuf
                0x06009800                GFCD_GetLenData
                0x0600947c                GFCD_FreeFilt
                0x06009eb8                gfcd_isIdleTask
                0x0600923c                GFCD_Init
                0x0600a91c                gfcd_doSetFiltConTsk
                0x06009994                GFCD_GetStat
                0x06009a94                GFCD_MoveSctData
                0x06009618                GFCD_IsPuOwner
                0x0600aa84                gfcd_initCdbMng
                0x06009210                GFCD_SetCdbfs
                0x06009ff0                GFCD_SetTimer
                0x0600ab04                gfcd_setStat
                0x06009964                GFCD_CheckDelSctData
 .text          0x0600ac20      0x152 ../../Compiler/SGL_302j/lib_coff/LIBCD.A(CDC_SUB.O)
                0x0600acc8                CDSUB_GetCdstat
                0x0600ac38                CDSUB_UpdCdstat
                0x0600ad08                CDSUB_RspToCdstat
                0x0600ad50                CDSUB_SoftTimer
                0x0600ac20                CDSUB_UpdStatus
                0x0600ac58                CDSUB_CdCmd
 *fill*         0x0600ad72        0xe 00
 .text          0x0600ad80      0x1e4 ../../Compiler/SGL_302j/lib_coff/LIBCD.A(CDC_BIO.O)
                0x0600ae2c                CDC_GetdelSctData
                0x0600adb4                CDC_GetSctData
                0x0600ae68                CDC_PutSctData
                0x0600aee4                CDC_MoveSctData
                0x0600af28                CDC_GetCopyErr
                0x0600adf0                CDC_DelSctData
                0x0600ad80                CDC_SetSctLen
                0x0600aea0                CDC_CopySctData
 *fill*         0x0600af64        0xc 00
 .text          0x0600af70      0x2b8 ../../Compiler/SGL_302j/lib_coff/LIBCD.A(CDC_SEL.O)
                0x0600b1a0                CDC_GetFiltCon
                0x0600b11c                CDC_GetFiltMode
                0x0600b1f4                CDC_ResetSelector
                0x0600af70                CDC_SetFiltRange
                0x0600affc                CDC_SetFiltSubh
                0x0600b06c                CDC_GetFiltSubh
                0x0600afa4                CDC_GetFiltRange
                0x0600b0e8                CDC_SetFiltMode
                0x0600b160                CDC_SetFiltCon
 *fill*         0x0600b228        0x8 00
 .text          0x0600b230      0x130 ../../Compiler/SGL_302j/lib_coff/LIBCD.A(CDC_DRV.O)
                0x0600b230                CDC_CdPlay
                0x0600b2fc                CDC_CdSeek
                0x0600b330                CDC_CdScan
 .text          0x0600b360      0x270 ../../Compiler/SGL_302j/lib_coff/LIBCD.A(CDC_BIF.O)
                0x0600b3bc                CDC_GetSctNum
                0x0600b53c                CDC_ExeFadSearch
                0x0600b4bc                CDC_GetSctInfo
                0x0600b400                CDC_CalActSiz
                0x0600b360                CDC_GetBufSiz
                0x0600b43c                CDC_GetActSiz
                0x0600b574                CDC_GetFadSearch
 .text          0x0600b5d0       0xa8 ../../Compiler/SGL_302j/lib_coff/LIBCD.A(CDC_DEV.O)
                0x0600b63c                CDC_CdGetLastBuf
                0x0600b5d0                CDC_CdSetCon
                0x0600b600                CDC_CdGetCon
 *fill*         0x0600b678        0x8 00
 .text          0x0600b680      0x128 ../../Compiler/SGL_302j/lib_coff/LIBSGL.A(sglIc0.o)
                0x0600b680                slInitSystem
 *fill*         0x0600b7a8        0x8 00
 .text          0x0600b7b0       0x90 c:/users/susan/desktop/joengine-master/compiler/sh_coff/sh-coff/bin/../lib/gcc/sh-coff/4.0-GNUSH_v0601\libgcc.a(_si_to_sf.o)
                0x0600b7b0                __floatsisf
 .text          0x0600b840       0x70 c:/users/susan/desktop/joengine-master/compiler/sh_coff/sh-coff/bin/../lib/gcc/sh-coff/4.0-GNUSH_v0601\libgcc.a(_eq_sf.o)
                0x0600b840                __eqsf2
 .text          0x0600b8b0       0x70 c:/users/susan/desktop/joengine-master/compiler/sh_coff/sh-coff/bin/../lib/gcc/sh-coff/4.0-GNUSH_v0601\libgcc.a(_lt_sf.o)
                0x0600b8b0                __ltsf2
 .text          0x0600b920      0x250 c:/users/susan/desktop/joengine-master/compiler/sh_coff/sh-coff/bin/../lib/gcc/sh-coff/4.0-GNUSH_v0601\libgcc.a(_addsub_sf.o)
                0x0600bab4                __subsf3
                0x0600bb14                __addsf3
 .text          0x0600bb70       0xa0 c:/users/susan/desktop/joengine-master/compiler/sh_coff/sh-coff/bin/../lib/gcc/sh-coff/4.0-GNUSH_v0601\libgcc.a(_sf_to_si.o)
                0x0600bb70                __fixsfsi
 .text          0x0600bc10       0x70 c:/users/susan/desktop/joengine-master/compiler/sh_coff/sh-coff/bin/../lib/gcc/sh-coff/4.0-GNUSH_v0601\libgcc.a(_le_sf.o)
                0x0600bc10                __lesf2
 .text          0x0600bc80       0xb0 c:/users/susan/desktop/joengine-master/compiler/sh_coff/sh-coff/bin/../lib/gcc/sh-coff/4.0-GNUSH_v0601\libgcc.a(_si_to_df.o)
                0x0600bc80                __floatsidf
 .text          0x0600bd30      0x1b0 c:/users/susan/desktop/joengine-master/compiler/sh_coff/sh-coff/bin/../lib/gcc/sh-coff/4.0-GNUSH_v0601\libgcc.a(_div_df.o)
                0x0600bd38                __divdf3
 .text          0x0600bee0      0x100 c:/users/susan/desktop/joengine-master/compiler/sh_coff/sh-coff/bin/../lib/gcc/sh-coff/4.0-GNUSH_v0601\libgcc.a(_df_to_si.o)
                0x0600bee0                __fixdfsi
 .text          0x0600bfe0      0x100 c:/users/susan/desktop/joengine-master/compiler/sh_coff/sh-coff/bin/../lib/gcc/sh-coff/4.0-GNUSH_v0601\libgcc.a(_sf_to_df.o)
                0x0600bfe0                __extendsfdf2
 .text          0x0600c0e0      0x3b0 c:/users/susan/desktop/joengine-master/compiler/sh_coff/sh-coff/bin/../lib/gcc/sh-coff/4.0-GNUSH_v0601\libgcc.a(_mul_df.o)
                0x0600c0f0                __muldf3
 .text          0x0600c490       0x70 c:/users/susan/desktop/joengine-master/compiler/sh_coff/sh-coff/bin/../lib/gcc/sh-coff/4.0-GNUSH_v0601\libgcc.a(_gt_sf.o)
                0x0600c490                __gtsf2
 .text          0x0600c500       0x70 c:/users/susan/desktop/joengine-master/compiler/sh_coff/sh-coff/bin/../lib/gcc/sh-coff/4.0-GNUSH_v0601\libgcc.a(_udivsi3.o)
                0x0600c522                __udivsi3
 .text          0x0600c570       0xa0 c:/users/susan/desktop/joengine-master/compiler/sh_coff/sh-coff/bin/../lib/gcc/sh-coff/4.0-GNUSH_v0601\libgcc.a(_sdivsi3.o)
                0x0600c570                __sdivsi3
 .text          0x0600c610      0x170 c:/users/susan/desktop/joengine-master/compiler/sh_coff/sh-coff/bin/../lib/gcc/sh-coff/4.0-GNUSH_v0601\libgcc.a(_mul_sf.o)
                0x0600c610                __mulsf3
 .text          0x0600c780       0xa0 c:/users/susan/desktop/joengine-master/compiler/sh_coff/sh-coff/bin/../lib/gcc/sh-coff/4.0-GNUSH_v0601\libgcc.a(__main.o)
                0x0600c7f4                __main
                0x0600c780                __do_global_dtors
                0x0600c7b4                __do_global_ctors
 .text          0x0600c820       0x70 c:/users/susan/desktop/joengine-master/compiler/sh_coff/sh-coff/bin/../lib/gcc/sh-coff/4.0-GNUSH_v0601\libgcc.a(_ge_sf.o)
                0x0600c820                __gesf2
 .text          0x0600c890      0x120 c:/users/susan/desktop/joengine-master/compiler/sh_coff/sh-coff/bin/../lib/gcc/sh-coff/4.0-GNUSH_v0601\libgcc.a(_div_sf.o)
                0x0600c890                __divsf3
 .text          0x0600c9b0       0x70 c:/users/susan/desktop/joengine-master/compiler/sh_coff/sh-coff/bin/../lib/gcc/sh-coff/4.0-GNUSH_v0601\libgcc.a(_df_to_sf.o)
                0x0600c9b0                __truncdfsf2
 .text          0x0600ca20      0x350 c:/users/susan/desktop/joengine-master/compiler/sh_coff/sh-coff/bin/../lib/gcc/sh-coff/4.0-GNUSH_v0601\libgcc.a(_addsub_df.o)
                0x0600ccac                __subdf3
                0x0600cd10                __adddf3
 .text          0x0600cd70       0x60 c:/users/susan/desktop/joengine-master/compiler/sh_coff/sh-coff/bin/../lib/gcc/sh-coff/4.0-GNUSH_v0601\libgcc.a(_ashiftrt.o)
                0x0600cd7c                __ashiftrt_r4_27
                0x0600cdb0                __ashiftrt_r4_6
                0x0600cda0                __ashiftrt_r4_14
                0x0600cd92                __ashiftrt_r4_19
                0x0600cdaa                __ashiftrt_r4_9
                0x0600cdbe                __ashiftrt_r4_0
                0x0600cd70                __ashiftrt_r4_31
                0x0600cd7e                __ashiftrt_r4_26
                0x0600cd8c                __ashiftrt_r4_22
                0x0600cd98                __ashiftrt_r4_16
                0x0600cda4                __ashiftrt_r4_12
                0x0600cd78                __ashiftrt_r4_29
                0x0600cd96                __ashiftrt_r4_17
                0x0600cd76                __ashiftrt_r4_30
                0x0600cdb2                __ashiftrt_r4_5
                0x0600cdac                __ashiftrt_r4_8
                0x0600cd70                __ashiftrt_r4_32
                0x0600cd80                __ashiftrt_r4_25
                0x0600cdb8                __ashiftrt_r4_2
                0x0600cd82                __ashiftrt_r4_24
                0x0600cd9e                __ashiftrt_r4_15
                0x0600cda8                __ashiftrt_r4_10
                0x0600cdba                __ashiftrt_r4_1
                0x0600cd7a                __ashiftrt_r4_28
                0x0600cd90                __ashiftrt_r4_20
                0x0600cdae                __ashiftrt_r4_7
                0x0600cda2                __ashiftrt_r4_13
                0x0600cda6                __ashiftrt_r4_11
                0x0600cdb4                __ashiftrt_r4_4
                0x0600cd8a                __ashiftrt_r4_23
                0x0600cd94                __ashiftrt_r4_18
                0x0600cd8e                __ashiftrt_r4_21
                0x0600cdb6                __ashiftrt_r4_3
 .text          0x0600cdd0       0x90 c:/users/susan/desktop/joengine-master/compiler/sh_coff/sh-coff/bin/../lib/gcc/sh-coff/4.0-GNUSH_v0601\libgcc.a(_lshiftrt.o)
                0x0600cdd0                __lshrsi3
 .text          0x0600ce60       0x90 c:/users/susan/desktop/joengine-master/compiler/sh_coff/sh-coff/bin/../lib/gcc/sh-coff/4.0-GNUSH_v0601\libgcc.a(_ashiftrt_n.o)
                0x0600ce60                __ashrsi3
 .text          0x0600cef0       0x90 c:/users/susan/desktop/joengine-master/compiler/sh_coff/sh-coff/bin/../lib/gcc/sh-coff/4.0-GNUSH_v0601\libgcc.a(_ashiftlt.o)
                0x0600cef0                __ashlsi3
 .text          0x0600cf80      0x1c0 c:/users/susan/desktop/joengine-master/compiler/sh_coff/sh-coff/bin/../lib/gcc/sh-coff/4.0-GNUSH_v0601\libgcc.a(_pack_sf.o)
                0x0600cf80                __pack_f
 .text          0x0600d140       0xc0 c:/users/susan/desktop/joengine-master/compiler/sh_coff/sh-coff/bin/../lib/gcc/sh-coff/4.0-GNUSH_v0601\libgcc.a(_unpack_sf.o)
                0x0600d140                __unpack_f
 .text          0x0600d200       0xa0 c:/users/susan/desktop/joengine-master/compiler/sh_coff/sh-coff/bin/../lib/gcc/sh-coff/4.0-GNUSH_v0601\libgcc.a(_fpcmp_parts_sf.o)
                0x0600d200                __fpcmp_parts_f
 .text          0x0600d2a0       0x10 c:/users/susan/desktop/joengine-master/compiler/sh_coff/sh-coff/bin/../lib/gcc/sh-coff/4.0-GNUSH_v0601\libgcc.a(_thenan_sf.o)
                0x0600d2a0                __thenan_sf
 .text          0x0600d2b0      0x5f0 c:/users/susan/desktop/joengine-master/compiler/sh_coff/sh-coff/bin/../lib/gcc/sh-coff/4.0-GNUSH_v0601\libgcc.a(_pack_df.o)
                0x0600d2c0                __pack_d
 .text          0x0600d8a0      0x180 c:/users/susan/desktop/joengine-master/compiler/sh_coff/sh-coff/bin/../lib/gcc/sh-coff/4.0-GNUSH_v0601\libgcc.a(_unpack_df.o)
                0x0600d8b0                __unpack_d
 .text          0x0600da20       0x20 c:/users/susan/desktop/joengine-master/compiler/sh_coff/sh-coff/bin/../lib/gcc/sh-coff/4.0-GNUSH_v0601\libgcc.a(_thenan_df.o)
                0x0600da20                __thenan_df
 .text          0x0600da40       0x30 c:/users/susan/desktop/joengine-master/compiler/sh_coff/sh-coff/bin/../lib/gcc/sh-coff/4.0-GNUSH_v0601\libgcc.a(_make_df.o)
                0x0600da40                __make_dp
 .text          0x0600da70       0xd0 c:/users/susan/desktop/joengine-master/compiler/sh_coff/sh-coff/bin/../lib/gcc/sh-coff/4.0-GNUSH_v0601\libgcc.a(_muldi3.o)
                0x0600da70                __muldi3
 .text          0x0600db40       0x30 c:/users/susan/desktop/joengine-master/compiler/sh_coff/sh-coff/bin/../lib/gcc/sh-coff/4.0-GNUSH_v0601\libgcc.a(_make_sf.o)
                0x0600db40                __make_fp
 .text          0x0600db70       0x30 c:/users/susan/desktop/joengine-master/compiler/sh_coff/sh-coff/bin/../lib/gcc/sh-coff/4.0-GNUSH_v0601\libgcc.a(_mulsi3.o)
                0x0600db70                __mulsi3
 .text          0x0600dba0       0xb0 c:/users/susan/desktop/joengine-master/compiler/sh_coff/sh-coff/bin/../lib/gcc/sh-coff/4.0-GNUSH_v0601/../../../../sh-coff/lib\libc.a(sprintf.o)
                0x0600dbf0                sprintf
                0x0600dba0                _sprintf_r
 .text          0x0600dc50       0xa0 c:/users/susan/desktop/joengine-master/compiler/sh_coff/sh-coff/bin/../lib/gcc/sh-coff/4.0-GNUSH_v0601/../../../../sh-coff/lib\libc.a(memcpy.o)
                0x0600dc50                memcpy
 .text          0x0600dcf0       0x80 c:/users/susan/desktop/joengine-master/compiler/sh_coff/sh-coff/bin/../lib/gcc/sh-coff/4.0-GNUSH_v0601/../../../../sh-coff/lib\libc.a(memcmp.o)
                0x0600dcf0                memcmp
 .text          0x0600dd70      0x100 c:/users/susan/desktop/joengine-master/compiler/sh_coff/sh-coff/bin/../lib/gcc/sh-coff/4.0-GNUSH_v0601/../../../../sh-coff/lib\libc.a(strncmp.o)
                0x0600dd70                strncmp
 .text          0x0600de70       0xd0 c:/users/susan/desktop/joengine-master/compiler/sh_coff/sh-coff/bin/../lib/gcc/sh-coff/4.0-GNUSH_v0601/../../../../sh-coff/lib\libc.a(strncpy.o)
                0x0600de70                strncpy
 .text          0x0600df40       0x40 c:/users/susan/desktop/joengine-master/compiler/sh_coff/sh-coff/bin/../lib/gcc/sh-coff/4.0-GNUSH_v0601/../../../../sh-coff/lib\libc.a(memset.o)
                0x0600df40                memset
 .text          0x0600df80       0x90 c:/users/susan/desktop/joengine-master/compiler/sh_coff/sh-coff/bin/../lib/gcc/sh-coff/4.0-GNUSH_v0601/../../../../sh-coff/lib\libc.a(atexit.o)
                0x0600df80                atexit
 .text          0x0600e010     0x1d20 c:/users/susan/desktop/joengine-master/compiler/sh_coff/sh-coff/bin/../lib/gcc/sh-coff/4.0-GNUSH_v0601/../../../../sh-coff/lib\libc.a(vfprintf.o)
                0x0600e0c8                _vfprintf_r
                0x0600fd08                vfprintf
 .text          0x0600fd30       0x10 c:/users/susan/desktop/joengine-master/compiler/sh_coff/sh-coff/bin/../lib/gcc/sh-coff/4.0-GNUSH_v0601/../../../../sh-coff/lib\libc.a(impure.o)
                0x0600fd30                _global_impure_ptr
 .text          0x0600fd40       0x40 c:/users/susan/desktop/joengine-master/compiler/sh_coff/sh-coff/bin/../lib/gcc/sh-coff/4.0-GNUSH_v0601/../../../../sh-coff/lib\libc.a(malloc.o)
                0x0600fd5c                free
                0x0600fd40                malloc
 .text          0x0600fd80      0x300 c:/users/susan/desktop/joengine-master/compiler/sh_coff/sh-coff/bin/../lib/gcc/sh-coff/4.0-GNUSH_v0601/../../../../sh-coff/lib\libc.a(fvwrite.o)
                0x0600fd80                __sfvwrite
 .text          0x06010080      0x100 c:/users/susan/desktop/joengine-master/compiler/sh_coff/sh-coff/bin/../lib/gcc/sh-coff/4.0-GNUSH_v0601/../../../../sh-coff/lib\libc.a(locale.o)
                0x06010148                setlocale
                0x060100c8                _setlocale_r
                0x06010124                __locale_charset
                0x06010168                localeconv
                0x06010138                _localeconv_r
 .text          0x06010180      0x360 c:/users/susan/desktop/joengine-master/compiler/sh_coff/sh-coff/bin/../lib/gcc/sh-coff/4.0-GNUSH_v0601/../../../../sh-coff/lib\libc.a(freer.o)
                0x06010180                _malloc_trim_r
                0x06010268                _free_r
 .text          0x060104e0       0x20 c:/users/susan/desktop/joengine-master/compiler/sh_coff/sh-coff/bin/../lib/gcc/sh-coff/4.0-GNUSH_v0601/../../../../sh-coff/lib\libc.a(strlen.o)
                0x060104e0                strlen
 .text          0x06010500      0x270 c:/users/susan/desktop/joengine-master/compiler/sh_coff/sh-coff/bin/../lib/gcc/sh-coff/4.0-GNUSH_v0601/../../../../sh-coff/lib\libc.a(findfp.o)
                0x06010614                __sfp
                0x0601059c                __sfp_lock_acquire
                0x06010744                __fp_unlock_all
                0x06010608                __sfp_lock_release
                0x060105a8                __sinit
                0x060106f4                _cleanup
                0x06010724                __fp_lock_all
                0x060106dc                _cleanup_r
                0x06010544                __sfmoreglue
 .text          0x06010770       0xd0 c:/users/susan/desktop/joengine-master/compiler/sh_coff/sh-coff/bin/../lib/gcc/sh-coff/4.0-GNUSH_v0601/../../../../sh-coff/lib\libc.a(fflush.o)
                0x06010770                fflush
 .text          0x06010840       0xf0 c:/users/susan/desktop/joengine-master/compiler/sh_coff/sh-coff/bin/../lib/gcc/sh-coff/4.0-GNUSH_v0601/../../../../sh-coff/lib\libc.a(wsetup.o)
                0x06010840                __swsetup
 .text          0x06010930       0x70 c:/users/susan/desktop/joengine-master/compiler/sh_coff/sh-coff/bin/../lib/gcc/sh-coff/4.0-GNUSH_v0601/../../../../sh-coff/lib\libc.a(wcrtomb.o)
                0x06010930                _wcrtomb_r
                0x0601097c                wcrtomb
 .text          0x060109a0       0x40 c:/users/susan/desktop/joengine-master/compiler/sh_coff/sh-coff/bin/../lib/gcc/sh-coff/4.0-GNUSH_v0601/../../../../sh-coff/lib\libc.a(s_isinf.o)
                0x060109a0                isinf
 .text          0x060109e0       0xd0 c:/users/susan/desktop/joengine-master/compiler/sh_coff/sh-coff/bin/../lib/gcc/sh-coff/4.0-GNUSH_v0601/../../../../sh-coff/lib\libc.a(memchr.o)
                0x060109e0                memchr
 .text          0x06010ab0      0x6a0 c:/users/susan/desktop/joengine-master/compiler/sh_coff/sh-coff/bin/../lib/gcc/sh-coff/4.0-GNUSH_v0601/../../../../sh-coff/lib\libc.a(mallocr.o)
                0x06010ab0                _malloc_r
 .text          0x06011150      0x130 c:/users/susan/desktop/joengine-master/compiler/sh_coff/sh-coff/bin/../lib/gcc/sh-coff/4.0-GNUSH_v0601/../../../../sh-coff/lib\libc.a(wcsrtombs.o)
                0x06011150                _wcsrtombs_r
                0x06011244                wcsrtombs
 .text          0x06011280       0x40 c:/users/susan/desktop/joengine-master/compiler/sh_coff/sh-coff/bin/../lib/gcc/sh-coff/4.0-GNUSH_v0601/../../../../sh-coff/lib\libc.a(s_isnan.o)
                0x06011280                isnan
 .text          0x060112c0     0x1310 c:/users/susan/desktop/joengine-master/compiler/sh_coff/sh-coff/bin/../lib/gcc/sh-coff/4.0-GNUSH_v0601/../../../../sh-coff/lib\libc.a(dtoa.o)
                0x06011464                _dtoa_r
 .text          0x060125d0       0xe0 c:/users/susan/desktop/joengine-master/compiler/sh_coff/sh-coff/bin/../lib/gcc/sh-coff/4.0-GNUSH_v0601/../../../../sh-coff/lib\libc.a(memmove.o)
                0x060125d0                memmove
 .text          0x060126b0      0x450 c:/users/susan/desktop/joengine-master/compiler/sh_coff/sh-coff/bin/../lib/gcc/sh-coff/4.0-GNUSH_v0601/../../../../sh-coff/lib\libc.a(reallocr.o)
                0x060126b0                _realloc_r
 .text          0x06012b00       0x30 c:/users/susan/desktop/joengine-master/compiler/sh_coff/sh-coff/bin/../lib/gcc/sh-coff/4.0-GNUSH_v0601/../../../../sh-coff/lib\libc.a(strcmp.o)
                0x06012b00                strcmp
 .text          0x06012b30       0x20 c:/users/susan/desktop/joengine-master/compiler/sh_coff/sh-coff/bin/../lib/gcc/sh-coff/4.0-GNUSH_v0601/../../../../sh-coff/lib\libc.a(mlock.o)
                0x06012b30                __malloc_lock
                0x06012b3c                __malloc_unlock
 .text          0x06012b50       0x50 c:/users/susan/desktop/joengine-master/compiler/sh_coff/sh-coff/bin/../lib/gcc/sh-coff/4.0-GNUSH_v0601/../../../../sh-coff/lib\libc.a(sbrkr.o)
                0x06012b50                _sbrk_r
 .text          0x06012ba0      0x170 c:/users/susan/desktop/joengine-master/compiler/sh_coff/sh-coff/bin/../lib/gcc/sh-coff/4.0-GNUSH_v0601/../../../../sh-coff/lib\libc.a(stdio.o)
                0x06012bf8                __swrite
                0x06012ce8                __sclose
                0x06012ba0                __sread
                0x06012c88                __sseek
 .text          0x06012d10      0x130 c:/users/susan/desktop/joengine-master/compiler/sh_coff/sh-coff/bin/../lib/gcc/sh-coff/4.0-GNUSH_v0601/../../../../sh-coff/lib\libc.a(fclose.o)
                0x06012d10                _fclose_r
                0x06012e1c                fclose
 .text          0x06012e40      0x200 c:/users/susan/desktop/joengine-master/compiler/sh_coff/sh-coff/bin/../lib/gcc/sh-coff/4.0-GNUSH_v0601/../../../../sh-coff/lib\libc.a(fwalk.o)
                0x06012fb4                _fwalk_reent
                0x06012f30                _fwalk
 .text          0x06013040      0x150 c:/users/susan/desktop/joengine-master/compiler/sh_coff/sh-coff/bin/../lib/gcc/sh-coff/4.0-GNUSH_v0601/../../../../sh-coff/lib\libc.a(makebuf.o)
                0x06013040                __smakebuf
 .text          0x06013190      0x2c0 c:/users/susan/desktop/joengine-master/compiler/sh_coff/sh-coff/bin/../lib/gcc/sh-coff/4.0-GNUSH_v0601/../../../../sh-coff/lib\libc.a(wctomb_r.o)
                0x060131b0                _wctomb_r
 .text          0x06013450      0xdc0 c:/users/susan/desktop/joengine-master/compiler/sh_coff/sh-coff/bin/../lib/gcc/sh-coff/4.0-GNUSH_v0601/../../../../sh-coff/lib\libc.a(mprec.o)
                0x06013c90                __mcmp
                0x06014114                _ratio
                0x060138ec                _i2b
                0x06013e8c                _b2d
                0x060136e4                _s2b
                0x060137bc                _hi0bits
                0x06013ac0                _pow5mult
                0x06013cd4                __mdiff
                0x06013b98                _lshift
                0x06013910                _multiply
                0x06013fe0                _d2b
                0x06013568                _Balloc
                0x06013450                __mprec_tinytens
                0x060141a8                _mprec_log10
                0x06013478                __mprec_bigtens
                0x06013df4                _ulp
                0x060135f8                _Bfree
                0x060134a0                __mprec_tens
                0x06013824                _lo0bits
                0x06013618                _multadd
 .text          0x06014210      0x390 c:/users/susan/desktop/joengine-master/compiler/sh_coff/sh-coff/bin/../lib/gcc/sh-coff/4.0-GNUSH_v0601/../../../../sh-coff/lib\libc.a(syscalls.o)
                0x06014380                _exit
                0x060143b4                _getpid
                0x0601441c                _utime
                0x06014248                _write
                0x06014210                _read
                0x06014368                _unlink
                0x06014330                _open
                0x060143cc                _stat
                0x06014374                isatty
                0x0601444c                _wait
                0x06014398                _kill
                0x060143e8                _chmod
                0x0601447c                _execv
                0x06014460                _execve
                0x0601455c                __setup_argv_and_call_main
                0x060144b4                _gettimeofday
                0x0601427c                _link
                0x060143c0                _raise
                0x0601434c                _creat
                0x06014494                _pipe
                0x06014400                _chown
                0x0601422c                _lseek
                0x06014264                _close
                0x060144a8                _times
                0x0601431c                _fstat
                0x06014438                _fork
                0x060142a4                _sbrk
 .text          0x060145a0       0x50 c:/users/susan/desktop/joengine-master/compiler/sh_coff/sh-coff/bin/../lib/gcc/sh-coff/4.0-GNUSH_v0601/../../../../sh-coff/lib\libc.a(readr.o)
                0x060145a0                _read_r
 .text          0x060145f0       0x50 c:/users/susan/desktop/joengine-master/compiler/sh_coff/sh-coff/bin/../lib/gcc/sh-coff/4.0-GNUSH_v0601/../../../../sh-coff/lib\libc.a(writer.o)
                0x060145f0                _write_r
 .text          0x06014640       0x50 c:/users/susan/desktop/joengine-master/compiler/sh_coff/sh-coff/bin/../lib/gcc/sh-coff/4.0-GNUSH_v0601/../../../../sh-coff/lib\libc.a(lseekr.o)
                0x06014640                _lseek_r
 .text          0x06014690       0x50 c:/users/susan/desktop/joengine-master/compiler/sh_coff/sh-coff/bin/../lib/gcc/sh-coff/4.0-GNUSH_v0601/../../../../sh-coff/lib\libc.a(closer.o)
                0x06014690                _close_r
 .text          0x060146e0       0x50 c:/users/susan/desktop/joengine-master/compiler/sh_coff/sh-coff/bin/../lib/gcc/sh-coff/4.0-GNUSH_v0601/../../../../sh-coff/lib\libc.a(fstatr.o)
                0x060146e0                _fstat_r
 .text          0x06014730       0xa0 c:/users/susan/desktop/joengine-master/compiler/sh_coff/sh-coff/bin/../lib/gcc/sh-coff/4.0-GNUSH_v0601/../../../../sh-coff/lib\libc.a(callocr.o)
                0x06014730                _calloc_r
 .text          0x060147d0       0x20 c:/users/susan/desktop/joengine-master/compiler/sh_coff/sh-coff/bin/../lib/gcc/sh-coff/4.0-GNUSH_v0601/../../../../sh-coff/lib\libc.a(trap.o)
                0x060147d0                __trap34
 .text          0x060147f0       0x20 c:/users/susan/desktop/joengine-master/compiler/sh_coff/sh-coff/bin/../lib/gcc/sh-coff/4.0-GNUSH_v0601/../../../../sh-coff/lib\libc.a(abort.o)
                0x060147f0                abort
 .text          0x06014810      0x260 c:/users/susan/desktop/joengine-master/compiler/sh_coff/sh-coff/bin/../lib/gcc/sh-coff/4.0-GNUSH_v0601/../../../../sh-coff/lib\libc.a(signal.o)
                0x060148cc                _raise_r
                0x06014a50                __sigtramp
                0x060149fc                raise
                0x06014a38                _init_signal
                0x06014988                __sigtramp_r
                0x06014a18                signal
                0x0601485c                _signal_r
                0x06014810                _init_signal_r
 .text          0x06014a70       0x60 c:/users/susan/desktop/joengine-master/compiler/sh_coff/sh-coff/bin/../lib/gcc/sh-coff/4.0-GNUSH_v0601/../../../../sh-coff/lib\libc.a(signalr.o)
                0x06014ab8                _getpid_r
                0x06014a70                _kill_r
 .text          0x06014ad0       0x70 c:/users/susan/desktop/joengine-master/compiler/sh_coff/sh-coff/bin/../lib/gcc/sh-coff/4.0-GNUSH_v0601\libgcc.a(_eq_df.o)
                0x06014ad0                __eqdf2
 .text          0x06014b40       0x70 c:/users/susan/desktop/joengine-master/compiler/sh_coff/sh-coff/bin/../lib/gcc/sh-coff/4.0-GNUSH_v0601\libgcc.a(_ne_df.o)
                0x06014b40                __nedf2
 .text          0x06014bb0       0x70 c:/users/susan/desktop/joengine-master/compiler/sh_coff/sh-coff/bin/../lib/gcc/sh-coff/4.0-GNUSH_v0601\libgcc.a(_lt_df.o)
                0x06014bb0                __ltdf2
 .text          0x06014c20      0x610 c:/users/susan/desktop/joengine-master/compiler/sh_coff/sh-coff/bin/../lib/gcc/sh-coff/4.0-GNUSH_v0601\libgcc.a(_udivdi3.o)
                0x06014c20                __udivdi3
 .text          0x06015230      0x600 c:/users/susan/desktop/joengine-master/compiler/sh_coff/sh-coff/bin/../lib/gcc/sh-coff/4.0-GNUSH_v0601\libgcc.a(_umoddi3.o)
                0x06015230                __umoddi3
 .text          0x06015830       0x70 c:/users/susan/desktop/joengine-master/compiler/sh_coff/sh-coff/bin/../lib/gcc/sh-coff/4.0-GNUSH_v0601\libgcc.a(_gt_df.o)
                0x06015830                __gtdf2
 .text          0x060158a0       0x70 c:/users/susan/desktop/joengine-master/compiler/sh_coff/sh-coff/bin/../lib/gcc/sh-coff/4.0-GNUSH_v0601\libgcc.a(_ge_df.o)
                0x060158a0                __gedf2
 .text          0x06015910       0xb0 c:/users/susan/desktop/joengine-master/compiler/sh_coff/sh-coff/bin/../lib/gcc/sh-coff/4.0-GNUSH_v0601\libgcc.a(_fpcmp_parts_df.o)
                0x06015910                __fpcmp_parts_d
 .text          0x060159c0      0x100 c:/users/susan/desktop/joengine-master/compiler/sh_coff/sh-coff/bin/../lib/gcc/sh-coff/4.0-GNUSH_v0601\libgcc.a(_clz.o)
                0x060159c0                __clz_tab
 *(.strings)
                0x06015ac0                __etext = .

.rodata
 *(.rodata)

SLPROG          0x06015ac0    0x122a0
                0x06015ac0                __slprog_start = .
 *(SLPROG)
 SLPROG         0x06015ac0     0x6540 ../../Compiler/SGL_302j/lib_coff/sglarea.o
                0x06015adc                SpriteBuf
                0x06015b00                RemainEvent
                0x06015acc                SortList
                0x06015aca                MaxPolygons
                0x06015ae8                CommandBuf
                0x06015afc                MaxWorks
                0x06015afe                WorkSize
                0x06015af4                PCM_WkSize
                0x06015aec                CLOfstBuf
                0x06015c00                RemainWork
                0x06015af0                PCM_Work
                0x06015ac0                MasterStack
                0x06015ac4                SlaveStack
                0x06015ac8                MaxVertices
                0x06015af8                MaxEvents
                0x06015ad8                Zbuffer
                0x06015ae0                SpriteBufSize
                0x06018000                WorkBuf
                0x06015ad4                TransList
                0x06015ae4                Pbuffer
                0x06015ad0                SortListSize
                0x06015afa                EventSize
                0x06016000                EventBuf
 SLPROG         0x0601c000      0x4b8 ../../Compiler/SGL_302j/lib_coff/LIBSGL.A(sglM00.o)
                0x0601c13a                slGouraudTblCopy
                0x0601c198                slSetGouraudColor
                0x0601c234                slSetFlatColor
                0x0601c192                slSetGouraudTbl
                0x0601c0f4                slPutPolygonX
                0x0601c000                slInitGouraud
                0x0601c210                slSetAmbient
 *fill*         0x0601c4b8        0x8 00
 SLPROG         0x0601c4c0      0xfc8 ../../Compiler/SGL_302j/lib_coff/LIBSGL.A(sglH00.o)
                0x0601c55c                slSetPortData1
                0x0601c54c                slGetPortData1
                0x0601cd3a                slSetPortMode1
                0x0601cf74                Smpc_Status
                0x0601c512                slSetPortDir2
                0x0601cb58                slSmpcCashSend
                0x0601c578                slGetPortSelect1
                0x0601c95e                slIntBackCancel
                0x0601c610                slSetPortExt1
                0x0601cd20                slGetPortMode1
                0x0601cc14                slSmpcCashBlow
                0x0601cf04                slRequestCommand
                0x0601cfa4                SmpcStatusBuf
                0x0601c566                slSetPortData2
                0x0601c8c6                slSetResultBuffer
                0x0601c5fc                slGetPortExt1
                0x0601c640                slSetPortExt2
                0x0601c4e0                slGetPortDir2
                0x0601c606                slGetPortExt2
                0x0601c992                slClearReset
                0x0601c988                slCheckReset
                0x0601c4e8                slSetPortDir1
                0x0601c5c0                slSetPortSelect2
                0x0601c58c                slSetPortSelect1
                0x0601cd2c                slGetPortMode2
                0x0601c582                slGetPortSelect2
                0x0601c4d8                slGetPortDir1
                0x0601c554                slGetPortData2
                0x0601ccfa                slSetOptimize
                0x0601ccf0                slGetOptimize
                0x0601c7b4                slSmpcDirectAccess
                0x0601cf82                Per_Connect1
                0x0601c834                slInitPeripheral
                0x0601c952                slCheckIntBackSet
                0x0601cf83                Per_Connect2
                0x0601cf7c                Smpc_Peripheral
                0x0601cd78                slSetPortMode2
                0x0601cf78                Smpc_Result
 *fill*         0x0601d488        0x8 00
 SLPROG         0x0601d490        0xc ../../Compiler/SGL_302j/lib_coff/LIBSGL.A(sglB063.o)
                0x0601d490                slPriority
 *fill*         0x0601d49c        0x4 00
 SLPROG         0x0601d4a0       0x48 ../../Compiler/SGL_302j/lib_coff/LIBSGL.A(sglA21.o)
                0x0601d4d4                slPopMatrix
                0x0601d4a0                slPushMatrix
                0x0601d4d4                slDecMatrixPtr
 *fill*         0x0601d4e8        0x8 00
 SLPROG         0x0601d4f0       0x78 ../../Compiler/SGL_302j/lib_coff/LIBSGL.A(sglA18.o)
                0x0601d4fa                slRotYSC
                0x0601d4f0                slRotY
 *fill*         0x0601d568        0x8 00
 SLPROG         0x0601d570       0x50 ../../Compiler/SGL_302j/lib_coff/LIBSGL.A(sglA27.o)
                0x0601d570                slTranslate
 SLPROG         0x0601d5c0     0x1218 ../../Compiler/SGL_302j/lib_coff/LIBSGL.A(sglC08.o)
                0x0601d5c0                slPutPolygon
                0x0601e23c                MsCalcDepthFlat
 *fill*         0x0601e7d8        0x8 00
 SLPROG         0x0601e7e0       0x78 ../../Compiler/SGL_302j/lib_coff/LIBSGL.A(sglA19.o)
                0x0601e7e0                slRotX
                0x0601e7ea                slRotXSC
 *fill*         0x0601e858        0x8 00
 SLPROG         0x0601e860       0x78 ../../Compiler/SGL_302j/lib_coff/LIBSGL.A(sglA17.o)
                0x0601e86a                slRotZSC
                0x0601e860                slRotZ
 *fill*         0x0601e8d8        0x8 00
 SLPROG         0x0601e8e0       0x70 ../../Compiler/SGL_302j/lib_coff/LIBSGL.A(sglA28.o)
                0x0601e8e0                slScale
 SLPROG         0x0601e950       0x2c ../../Compiler/SGL_302j/lib_coff/LIBSGL.A(sglC04.o)
                0x0601e950                slZdspLevel
 *fill*         0x0601e97c        0x4 00
 SLPROG         0x0601e980       0xd0 ../../Compiler/SGL_302j/lib_coff/LIBSGL.A(sglA16.o)
                0x0601e980                slLookAt
 SLPROG         0x0601ea50      0x42c ../../Compiler/SGL_302j/lib_coff/LIBSGL.A(sglA20.o)
                0x0601ea50                slInitMatrix
                0x0601ea6e                slUnitMatrix
                0x0601ea5a                slPushUnitMatrix
 *fill*         0x0601ee7c        0x4 00
 SLPROG         0x0601ee80      0x3a4 ../../Compiler/SGL_302j/lib_coff/LIBSGL.A(sglI01.o)
                0x0601f06a                RetPCMBuf
                0x0601f1a4                Sound_Buf
                0x0601ee80                slInitSynch
                0x0601ef90                slRandom
                0x0601f104                PCM_Buf
                0x0601ee9a                slSynch
                0x0601efae                PCM_EndCheck
 *fill*         0x0601f224        0xc 00
 SLPROG         0x0601f230       0x20 ../../Compiler/SGL_302j/lib_coff/LIBSGL.A(sglB001.o)
                0x0601f230                slTVOn
                0x0601f23a                slTVOff
 SLPROG         0x0601f250       0x54 ../../Compiler/SGL_302j/lib_coff/LIBSGL.A(sglC16.o)
                0x0601f250                slDynamicFrame
 *fill*         0x0601f2a4        0xc 00
 SLPROG         0x0601f2b0       0x10 ../../Compiler/SGL_302j/lib_coff/LIBSGL.A(sglI04.o)
                0x0601f2b0                slIntFunction
 SLPROG         0x0601f2c0      0x40c ../../Compiler/SGL_302j/lib_coff/LIBSGL.A(sglB015.o)
                0x0601f2c0                slScrAutoDisp
 *fill*         0x0601f6cc        0x4 00
 SLPROG         0x0601f6d0       0x84 ../../Compiler/SGL_302j/lib_coff/LIBSGL.A(sglD00.o)
                0x0601f6d0                slDMACopy
                0x0601f6d0                slCpuDMACopy
                0x0601f72a                slCashPurge
                0x0601f72a                CSH_AllClr
 *fill*         0x0601f754        0xc 00
 SLPROG         0x0601f760       0x10 ../../Compiler/SGL_302j/lib_coff/LIBSGL.A(sglD02.o)
                0x0601f760                slDMAWait
 SLPROG         0x0601f770       0x4e ../../Compiler/SGL_302j/lib_coff/LIBSGL.A(sglF00.o)
                0x0601f78a                slLocate
                0x0601f780                slCurColor
                0x0601f7bc                CurrentScreen
                0x0601f770                slCurScrn
 *fill*         0x0601f7be        0x2 00
 SLPROG         0x0601f7c0       0x1c ../../Compiler/SGL_302j/lib_coff/LIBSGL.A(sglF05.o)
                0x0601f7c0                slPrint
 *fill*         0x0601f7dc        0x4 00
 SLPROG         0x0601f7e0      0x114 ../../Compiler/SGL_302j/lib_coff/LIBSGL.A(sglB200.o)
                0x0601f7ec                slCharNbg0
                0x0601f832                slPageRbg0
                0x0601f848                slPageNbg1
                0x0601f7f8                slCharNbg1
                0x0601f864                slPageNbg0
                0x0601f850                slPageNbg2
                0x0601f858                slPageNbg3
                0x0601f804                slCharNbg2
                0x0601f81a                slCharNbg3
                0x0601f7e0                slCharRbg0
 *fill*         0x0601f8f4        0xc 00
 SLPROG         0x0601f900       0x10 ../../Compiler/SGL_302j/lib_coff/LIBSGL.A(sglB058.o)
                0x0601f900                slPlaneNbg3
 SLPROG         0x0601f910       0xb4 ../../Compiler/SGL_302j/lib_coff/LIBSGL.A(sglB034.o)
                0x0601f910                slMapNbg3
 *fill*         0x0601f9c4        0xc 00
 SLPROG         0x0601f9d0       0x24 ../../Compiler/SGL_302j/lib_coff/LIBSGL.A(sglB010.o)
                0x0601f9d0                slBitMapNbg0
 *fill*         0x0601f9f4        0xc 00
 SLPROG         0x0601fa00       0x14 ../../Compiler/SGL_302j/lib_coff/LIBSGL.A(sglB061.o)
                0x0601fa00                slBMPalette
 *fill*         0x0601fa14        0xc 00
 SLPROG         0x0601fa20        0xc ../../Compiler/SGL_302j/lib_coff/LIBSGL.A(sglB016.o)
                0x0601fa20                slBack1ColSet
 *fill*         0x0601fa2c        0x4 00
 SLPROG         0x0601fa30       0x10 ../../Compiler/SGL_302j/lib_coff/LIBSGL.A(sglB028.o)
                0x0601fa30                slColOffsetB
 SLPROG         0x0601fa40        0x8 ../../Compiler/SGL_302j/lib_coff/LIBSGL.A(sglB024.o)
                0x0601fa40                slColOffsetOn
 *fill*         0x0601fa48        0x8 00
 SLPROG         0x0601fa50       0x10 ../../Compiler/SGL_302j/lib_coff/LIBSGL.A(sglB025.o)
                0x0601fa50                slColOffsetBUse
 SLPROG         0x0601fa60       0x24 ../../Compiler/SGL_302j/lib_coff/LIBSGL.A(sglB011.o)
                0x0601fa60                slBitMapNbg1
 *fill*         0x0601fa84        0xc 00
 SLPROG         0x0601fa90        0xc ../../Compiler/SGL_302j/lib_coff/LIBSGL.A(sglB071.o)
                0x0601fa90                slScrPosNbg1
 *fill*         0x0601fa9c        0x4 00
 SLPROG         0x0601faa0       0x34 ../../Compiler/SGL_302j/lib_coff/LIBSGL.A(sglB070.o)
                0x0601faa0                slScrPosNbg0
 *fill*         0x0601fad4        0xc 00
 SLPROG         0x0601fae0       0x10 ../../Compiler/SGL_302j/lib_coff/LIBSGL.A(sglB027.o)
                0x0601fae0                slColOffsetA
 SLPROG         0x0601faf0       0x10 ../../Compiler/SGL_302j/lib_coff/LIBSGL.A(sglA08.o)
                0x0601faf0                slInnerProduct
 SLPROG         0x0601fb00       0x18 ../../Compiler/SGL_302j/lib_coff/LIBSGL.A(sglA15.o)
                0x0601fb00                slSlaveFunc
 *fill*         0x0601fb18        0x8 00
 SLPROG         0x0601fb20        0xc ../../Compiler/SGL_302j/lib_coff/LIBSGL.A(sglB056.o)
                0x0601fb20                slPlaneNbg1
 *fill*         0x0601fb2c        0x4 00
 SLPROG         0x0601fb30       0xb4 ../../Compiler/SGL_302j/lib_coff/LIBSGL.A(sglB032.o)
                0x0601fb30                slMapNbg1
 *fill*         0x0601fbe4        0xc 00
 SLPROG         0x0601fbf0        0xc ../../Compiler/SGL_302j/lib_coff/LIBSGL.A(sglB053.o)
                0x0601fbf0                slZoomNbg1
 *fill*         0x0601fbfc        0x4 00
 SLPROG         0x0601fc00       0xa8 ../../Compiler/SGL_302j/lib_coff/LIBSGL.A(sglH01.o)
                0x0601fc60                slSetSoundOutput
                0x0601fc38                slSetSoundEffect
                0x0601fc2c                slGetSoundEffect
                0x0601fc54                slGetSoundOutput
                0x0601fc7c                slGetHelpWindow
                0x0601fc00                slGetLanguage
                0x0601fc0a                slSetLanguage
                0x0601fc88                slSetHelpWindow
 *fill*         0x0601fca8        0x8 00
 SLPROG         0x0601fcb0      0x162 ../../Compiler/SGL_302j/lib_coff/LIBSGL.A(sglC07.o)
                0x0601fcb6                slPutSprite
 *fill*         0x0601fe12        0xe 00
 SLPROG         0x0601fe20       0xfa ../../Compiler/SGL_302j/lib_coff/LIBSGL.A(sglC06.o)
                0x0601fe20                slDispSprite
 *fill*         0x0601ff1a        0x6 00
 SLPROG         0x0601ff20       0x84 ../../Compiler/SGL_302j/lib_coff/LIBSGL.A(sglD16.o)
                0x0601ff68                DMA_SCU_PRM0
                0x0601ff20                DMA_ScuSetPrm
 *fill*         0x0601ffa4        0xc 00
 SLPROG         0x0601ffb0       0x88 ../../Compiler/SGL_302j/lib_coff/LIBSGL.A(sglD17.o)
                0x0601ffb0                DMA_ScuStart
 *fill*         0x06020038        0x8 00
 SLPROG         0x06020040       0x20 ../../Compiler/SGL_302j/lib_coff/LIBSGL.A(sglD15.o)
                0x06020040                CSH_Purge
 SLPROG         0x06020060       0x34 ../../Compiler/SGL_302j/lib_coff/LIBSGL.A(sglD18.o)
                0x06020060                DMA_ScuGetStatus
 *fill*         0x06020094        0xc 00
 SLPROG         0x060200a0       0xa0 ../../Compiler/SGL_302j/lib_coff/LIBSGL.A(sglD01.o)
                0x060200a0                slDMAXCopy
 SLPROG         0x06020140        0xc ../../Compiler/SGL_302j/lib_coff/LIBSGL.A(sglD03.o)
                0x06020140                slDMAStatus
 *fill*         0x0602014c        0x4 00
 SLPROG         0x06020150       0xac ../../Compiler/SGL_302j/lib_coff/LIBSGL.A(sglC13.o)
                0x06020150                slPutPolygonS
 *fill*         0x060201fc        0x4 00
 SLPROG         0x06020200       0x24 ../../Compiler/SGL_302j/lib_coff/LIBSGL.A(sglA25.o)
                0x06020200                slTransposeMatrix
 *fill*         0x06020224        0xc 00
 SLPROG         0x06020230       0x22 ../../Compiler/SGL_302j/lib_coff/LIBSGL.A(sglA40.o)
                0x06020230                slCalcVector
 *fill*         0x06020252        0xe 00
 SLPROG         0x06020260       0xc0 ../../Compiler/SGL_302j/lib_coff/LIBSGL.A(sglD19.o)
                0x06020260                DMA_ScuMemCopy
 SLPROG         0x06020320      0x470 ../../Compiler/SGL_302j/lib_coff/LIBSGL.A(sglH02.o)
                0x06020710                smpc_pfr_tbl
                0x06020750                smpc_ptf_tbl
 SLPROG         0x06020790       0x60 ../../Compiler/SGL_302j/lib_coff/LIBSGL.A(sglH04.o)
                0x060207ba                slComPrmSetTime
                0x06020790                slComPrmIntBack
                0x060207a4                slComPrmSetMemory
 SLPROG         0x060207f0     0x411e ../../Compiler/SGL_302j/lib_coff/LIBSGL.A(sglA01.o)
                0x060208cc                sin_cos_index_tbl
                0x060207f0                slSin
                0x0602090c                sin_tbl
                0x06020838                GetSinCos
                0x06020814                slCos
 *fill*         0x0602490e        0x2 00
 SLPROG         0x06024910     0x12b8 ../../Compiler/SGL_302j/lib_coff/LIBSGL.A(sglJ02.o)
                0x06025b44                stvtc_1
                0x0602587c                stvtc_4
                0x0602583c                SetPolygon
                0x06025934                stvtc_3
                0x06025b6c                stvtc_0
                0x06025844                SetPosition
                0x06024af8                sbCalcPolygon
                0x06025830                SetTexture
                0x06024910                sbMakePolygon
                0x06025b58                stvtc_2
 *fill*         0x06025bc8        0x8 00
 SLPROG         0x06025bd0       0x6a ../../Compiler/SGL_302j/lib_coff/LIBSGL.A(sglM01.o)
                0x06025bfc                slSetDepthTbl
                0x06025c2c                DepthWorkArea
                0x06025bd0                slSetDepthLimit
 *fill*         0x06025c3a        0x6 00
 SLPROG         0x06025c40       0x34 ../../Compiler/SGL_302j/lib_coff/LIBSGL.A(sglA10.o)
                0x06025c40                slSquartDbl
 *fill*         0x06025c74        0xc 00
 SLPROG         0x06025c80       0xd4 ../../Compiler/SGL_302j/lib_coff/LIBSGL.A(sglB035.o)
                0x06025c80                sl1MapRA
                0x06025d12                rbank_set
 *fill*         0x06025d54        0xc 00
 SLPROG         0x06025d60       0x20 ../../Compiler/SGL_302j/lib_coff/LIBSGL.A(sglA00.o)
                0x06025d74                get_imask
                0x06025d60                set_imask
                0x06025d60                _builtin_set_imask
                0x06025d74                _builtin_get_imask
 SLPROG         0x06025d80       0x74 ../../Compiler/SGL_302j/lib_coff/LIBSGL.A(sglJ00.o)
                0x06025d80                InitSlaveSH
                0x06025de8                SlaveCommand
 *fill*         0x06025df4        0xc 00
 SLPROG         0x06025e00      0xbd0 ../../Compiler/SGL_302j/lib_coff/LIBSGL.A(sglB000.o)
                0x06025e00                slInitScroll
                0x06026060                TVSizeTbl
                0x06025f50                setASC_4to8
                0x060260e0                TVModeTbl
                0x06025f20                setASC_1to8
                0x060262b8                SGL_ASCII_CG
 SLPROG         0x060269d0      0x3d0 ../../Compiler/SGL_302j/lib_coff/LIBSGL.A(sglJ01.o)
                0x060269d0                SlaveControl
                0x06026d8c                ErasePolygonData
 SLPROG         0x06026da0      0x75c ../../Compiler/SGL_302j/lib_coff/LIBSGL.A(sglI00.o)
                0x06027090                slInitInterrupt
 *fill*         0x060274fc        0x4 00
 SLPROG         0x06027500      0x134 ../../Compiler/SGL_302j/lib_coff/LIBSGL.A(sglC00.o)
                0x06027500                slInitSprite
 *fill*         0x06027634        0xc 00
 SLPROG         0x06027640       0x40 ../../Compiler/SGL_302j/lib_coff/LIBSGL.A(sglC20.o)
                0x06027640                SpriteEntry
 SLPROG         0x06027680      0x140 ../../Compiler/SGL_302j/lib_coff/LIBSGL.A(sglJ03.o)
                0x06027680                sbMakeDMATable
 SLPROG         0x060277c0      0x470 ../../Compiler/SGL_302j/lib_coff/LIBSGL.A(sglJ04.o)
                0x06027884                sbMakeRotSprite
                0x0602781e                sbMakeSprite
 SLPROG         0x06027c30       0x3c ../../Compiler/SGL_302j/lib_coff/LIBSGL.A(sglJ05.o)
                0x06027c30                sbSortEntry
 *fill*         0x06027c6c        0x4 00
 SLPROG         0x06027c70       0xf0 ../../Compiler/SGL_302j/lib_coff/LIBSGL.A(sglH03.o)
                0x06027cd4                slSmpcIntBack
                0x06027d60                __slprog_end = .

.tors           0x06027d60        0x0
                0x06027d60                ___ctors = .
 *(.ctors)
                0x06027d60                ___ctors_end = .
                0x06027d60                ___dtors = .
 *(.dtors)
                0x06027d60                ___dtors_end = .

.data           0x06027d60      0x830
 *(.data)
 .data          0x06027d60       0x80 ../../Compiler/SGL_302j/lib_coff/LIBSGL.A(sglIc0.o)
                0x06027d60                IntPrioMask
 .data          0x06027de0      0x380 c:/users/susan/desktop/joengine-master/compiler/sh_coff/sh-coff/bin/../lib/gcc/sh-coff/4.0-GNUSH_v0601/../../../../sh-coff/lib\libc.a(impure.o)
                0x0602815c                _impure_ptr
 .data          0x06028160       0x20 c:/users/susan/desktop/joengine-master/compiler/sh_coff/sh-coff/bin/../lib/gcc/sh-coff/4.0-GNUSH_v0601/../../../../sh-coff/lib\libc.a(locale.o)
                0x0602816c                __mb_cur_max
                0x06028160                __lc_ctype
 .data          0x06028180      0x410 c:/users/susan/desktop/joengine-master/compiler/sh_coff/sh-coff/bin/../lib/gcc/sh-coff/4.0-GNUSH_v0601/../../../../sh-coff/lib\libc.a(mallocr.o)
                0x06028188                __malloc_av_
                0x06028184                __malloc_trim_threshold
                0x06028180                __malloc_sbrk_base
                0x06028590                __edata = .

.bss            0x06028590     0x4924
                0x06028590                __bstart = .
 *(.bss)
 .bss           0x06028590        0x4 ../../Compiler/SGL_302j/lib_coff/SEGA_SYS.A(sys_exit.o)
 *fill*         0x06028594        0xc 00
 .bss           0x060285a0        0x2 ../../Compiler/SGL_302j/lib_coff/LIBCD.A(CDC_REG.O)
 *fill*         0x060285a2        0xe 00
 .bss           0x060285b0        0xc ../../Compiler/SGL_302j/lib_coff/LIBCD.A(GFS_TRN.O)
 *fill*         0x060285bc        0x4 00
 .bss           0x060285c0        0xc ../../Compiler/SGL_302j/lib_coff/LIBCD.A(CDC_SUB.O)
 *fill*         0x060285cc        0x4 00
 .bss           0x060285d0       0x10 c:/users/susan/desktop/joengine-master/compiler/sh_coff/sh-coff/bin/../lib/gcc/sh-coff/4.0-GNUSH_v0601\libgcc.a(__main.o)
 .bss           0x060285e0       0x10 c:/users/susan/desktop/joengine-master/compiler/sh_coff/sh-coff/bin/../lib/gcc/sh-coff/4.0-GNUSH_v0601/../../../../sh-coff/lib\libc.a(atexit.o)
 .bss           0x060285f0       0x10 c:/users/susan/desktop/joengine-master/compiler/sh_coff/sh-coff/bin/../lib/gcc/sh-coff/4.0-GNUSH_v0601/../../../../sh-coff/lib\libc.a(locale.o)
                0x060285f4                __mlocale_changed
                0x060285f0                _PathLocale
                0x060285f8                __nlocale_changed
 .bss           0x06028600       0x40 c:/users/susan/desktop/joengine-master/compiler/sh_coff/sh-coff/bin/../lib/gcc/sh-coff/4.0-GNUSH_v0601/../../../../sh-coff/lib\libc.a(mallocr.o)
                0x06028630                __malloc_top_pad
                0x06028600                __malloc_current_mallinfo
                0x0602862c                __malloc_max_sbrked_mem
                0x06028628                __malloc_max_total_mem
 .bss           0x06028640       0x10 c:/users/susan/desktop/joengine-master/compiler/sh_coff/sh-coff/bin/../lib/gcc/sh-coff/4.0-GNUSH_v0601/../../../../sh-coff/lib\libc.a(syscalls.o)
 *(COMMON)
 COMMON         0x06028650     0x2b20 main.o
                0x06028650                grtbl_workArea
                0x060295f0                gfsLibWork
                0x0602a598                framerate
                0x0602a5a0                gourRealMax
                0x0602ada0                gfsDirTbl
                0x0602adb0                plane2
                0x0602add0                gfsDirName
                0x0602b028                gfsDirN
                0x0602b030                plane3
                0x0602b050                plane
                0x0602b070                vwork
 COMMON         0x0602b170      0x3c0 ZT/ZT_LOAD_MODEL.o
                0x0602b170                entities
 COMMON         0x0602b530      0x3fc ../../jo_engine/3d.o
                0x0602b530                __jo_sprite_quad
 *fill*         0x0602b92c        0x4 00
 COMMON         0x0602b930        0x4 ../../jo_engine/fs.o
                0x0602b930                __jo_fs_background_job_count
 *fill*         0x0602b934        0xc 00
 COMMON         0x0602b940       0x40 ../../jo_engine/core.o
                0x0602b940                __jo_last_error
 COMMON         0x0602b980       0x40 ../../jo_engine/tools.o
                0x0602b980                __jo_sprintf_buf
 COMMON         0x0602b9c0     0x13f8 ../../jo_engine/sprites.o
                0x0602b9c0                __jo_sprite_def
                0x0602c1c0                __jo_hash_table
                0x0602c5c0                __jo_sprite_pic
 *fill*         0x0602cdb8        0x8 00
 COMMON         0x0602cdc0       0xc0 ../../jo_engine/sprite_animator.o
                0x0602cdc0                __jo_sprite_anim_tab
 COMMON         0x0602ce80        0xc ../../Compiler/SGL_302j/lib_coff/LIBCD.A(GFS.O)
                0x0602ce80                GFMC_base
                0x0602ce84                gfs_mng_ptr
                0x0602ce88                gfs_use_scudma
 *fill*         0x0602ce8c        0x4 00
 COMMON         0x0602ce90        0x8 ../../Compiler/SGL_302j/lib_coff/LIBCD.A(GFS_CDF.O)
                0x0602ce90                gfcf_fad
                0x0602ce94                gfcf_stat
 *fill*         0x0602ce98        0x8 00
 COMMON         0x0602cea0        0xc ../../Compiler/SGL_302j/lib_coff/LIBCD.A(GFS_CDC.O)
                0x0602cea0                gfcd_fatal_err
                0x0602cea4                gfcd_work
                0x0602cea8                gfcd_playflag
 *fill*         0x0602ceac        0x4 00
 COMMON         0x0602ceb0        0x4 c:/users/susan/desktop/joengine-master/compiler/sh_coff/sh-coff/bin/../lib/gcc/sh-coff/4.0-GNUSH_v0601/../../../../sh-coff/lib\libc.a(syscalls.o)
                0x0602ceb0                errno
                0x0602ceb4                __bend = .
                0x0602ceb4                _end = .
LOAD ../../Compiler/SGL_302j/lib_coff/sglarea.o
LOAD main.o
LOAD ZT/ZT_LOAD_MODEL.o
LOAD ZT/ZT_TOOLS.o
LOAD ../../jo_engine/tga.o
LOAD ../../jo_engine/3d.o
LOAD ../../jo_engine/fs.o
LOAD ../../jo_engine/font.o
LOAD ../../jo_engine/input.o
LOAD ../../jo_engine/physics.o
LOAD ../../jo_engine/core.o
LOAD ../../jo_engine/math.o
LOAD ../../jo_engine/malloc.o
LOAD ../../jo_engine/tools.o
LOAD ../../jo_engine/sprites.o
LOAD ../../jo_engine/map.o
LOAD ../../jo_engine/list.o
LOAD ../../jo_engine/sprite_animator.o
LOAD ../../jo_engine/image.o
LOAD ../../jo_engine/background.o
LOAD ../../jo_engine/time.o
LOAD ../../jo_engine/vdp1_command_pipeline.o
LOAD ../../Compiler/SGL_302j/lib_coff/SEGA_SYS.A
LOAD ../../Compiler/SGL_302j/lib_coff/LIBCD.A
LOAD ../../Compiler/SGL_302j/lib_coff/LIBSGL.A
LOAD c:/users/susan/desktop/joengine-master/compiler/sh_coff/sh-coff/bin/../lib/gcc/sh-coff/4.0-GNUSH_v0601\libgcc.a
LOAD c:/users/susan/desktop/joengine-master/compiler/sh_coff/sh-coff/bin/../lib/gcc/sh-coff/4.0-GNUSH_v0601/../../../../sh-coff/lib\libc.a
LOAD c:/users/susan/desktop/joengine-master/compiler/sh_coff/sh-coff/bin/../lib/gcc/sh-coff/4.0-GNUSH_v0601\libgcc.a
OUTPUT(sl_coff.coff coff-sh)

.data.tr        0x0602cec0       0x10
 .data.tr       0x0602cec0       0x10 main.o
                0x0602cec0                tree_pos_z
                0x0602cec4                tree_pos_x

.bss.tre        0x0602ced0       0x10
 .bss.tre       0x0602ced0       0x10 main.o
                0x0602ced0                tree_pos_y

.data.be        0x0602cee0       0x10
 .data.be       0x0602cee0       0x10 main.o
                0x0602cee8                beach_pos_x
                0x0602cee4                beach_pos_y
                0x0602cee0                beach_pos_z

.data.sk        0x0602cef0       0x20
 .data.sk       0x0602cef0       0x20 main.o
                0x0602cf04                skim2_rot_x
                0x0602cf00                skim_pos_x
                0x0602cefc                skim_pos_y
                0x0602cef4                skim2_pos_z
                0x0602cef0                skim3_pos_z
                0x0602cef8                skim_pos_z

.bss.ski        0x0602cf10       0x20
 .bss.ski       0x0602cf10       0x20 main.o
                0x0602cf10                skim2_pos_x
                0x0602cf1c                skim_rot_z
                0x0602cf18                skim2_rot_y
                0x0602cf20                skim_rot_y
                0x0602cf14                skim2_rot_z
                0x0602cf24                skim_rot_x

.data.ca        0x0602cf30       0x10
 .data.ca       0x0602cf30       0x10 main.o
                0x0602cf38                cam_pos_x
                0x0602cf34                cam_pos_y
                0x0602cf30                cam_pos_z

.data.wa        0x0602cf40       0x10
 .data.wa       0x0602cf40       0x10 main.o
                0x0602cf40                wave_pos_z

.bss.wav        0x0602cf50       0x10
 .bss.wav       0x0602cf50       0x10 main.o
                0x0602cf50                wave_pos_y

.bss.son        0x0602cf60       0x10
 .bss.son       0x0602cf60       0x10 main.o
                0x0602cf60                sonic2_pos_x
                0x0602cf64                sonic_rot_y
                0x0602cf68                sonic_rot_x

.data.so        0x0602cf70       0x10
 .data.so       0x0602cf70       0x10 main.o
                0x0602cf74                sonic_pos_z
                0x0602cf78                sonic_pos_y
                0x0602cf7c                sonic_pos_x
                0x0602cf70                sonic_rot_z

.data.pl        0x0602cf80       0x90
 .data.pl       0x0602cf80       0x90 main.o
                0x0602cf80                plane3_vertices
                0x0602cfe0                plane_vertices
                0x0602cfb0                plane2_vertices

.data.en        0x0602d010       0x10
 .data.en       0x0602d010       0x10 main.o
                0x0602d010                enableRTG

.data.Me        0x0602d020       0x80
 .data.Me       0x0602d020       0x80 main.o
                0x0602d034                MeshGrp2
                0x0602d070                Meshwaveattemt2COMwave17821Material1001
                0x0602d05c                MeshPlane
                0x0602d020                MeshGrp7
                0x0602d048                MeshGrp
                0x0602d084                Meshwaveattemt2COMwave17821Material1

.data.At        0x0602d0a0     0x3760
 .data.At       0x0602d0a0     0x3760 main.o

.data.Po        0x06030800     0x77b0
 .data.Po       0x06030800     0x77b0 main.o

.bss.rin        0x06037fb0       0x10
 .bss.rin       0x06037fb0       0x10 main.o

.data.ha        0x06037fc0       0x10
 .data.ha       0x06037fc0       0x10 main.o

.data.st        0x06037fd0       0x10
 .data.st       0x06037fd0       0x10 main.o

.bss.Sco        0x06037fe0       0x10
 .bss.Sco       0x06037fe0       0x10 main.o

.bss.fal        0x06037ff0       0x10
 .bss.fal       0x06037ff0       0x10 main.o

.data.us        0x06038000       0x10
 .data.us       0x06038000       0x10 main.o

.bss.sel        0x06038010       0x10
 .bss.sel       0x06038010       0x10 main.o

.text.zt        0x06038020      0x460
 .text.zt       0x06038020       0x40 main.o
                0x06038020                ztCDinit
 .text.zt       0x06038060      0x180 ZT/ZT_LOAD_MODEL.o
                0x06038060                ztLoad3Dmodel
 .text.zt       0x060381e0      0x2a0 ZT/ZT_TOOLS.o
                0x060381e0                ztClearText
                0x060382a4                ztLoadVDP2bmp
                0x06038210                ztFont2NBG3

.text.cr        0x06038480       0xe0
 .text.cr       0x06038480       0xe0 main.o
                0x0603852c                create_plane2
                0x06038480                create_plane3
                0x06038500                create_plane
                0x060384ac                create_ring_sprite_animation

.text.ap        0x06038560       0xc0
 .text.ap       0x06038560       0xc0 main.o
                0x06038560                apply_effect

.text.ta        0x06038620      0x110
 .text.ta       0x06038620      0x110 main.o
                0x06038620                targa

.text.my        0x06038730      0xc50
 .text.my       0x06038730      0xc50 main.o
                0x0603874c                my_gamepad
                0x06038df8                my_draw
                0x06038730                my_vblank

.text.dr        0x06039380      0xaf0
 .text.dr       0x06039380      0xaf0 main.o
                0x06039c9c                draw_3dfoam
                0x0603978c                draw_splash
                0x060396a4                draw_foam
                0x06039380                draw_wipeout
                0x06039458                draw_beach
                0x060393f4                draw_floor
                0x060394dc                draw_dithwater
                0x06039d4c                draw_skimboard
                0x0603980c                draw_player
                0x060395bc                draw_sprites

.text.ga        0x06039e70       0x30
 .text.ga       0x06039e70       0x30 main.o
                0x06039e70                gameLoop

.text.jo        0x06039ea0     0x4510
 .text.jo       0x06039ea0      0x190 main.o
                0x06039ea0                jo_main
 .text.jo       0x0603a030      0x540 ../../jo_engine/tga.o
                0x0603a47c                jo_tga_loader_from_stream
                0x0603a3ac                jo_sprite_add_tga
                0x0603a4c8                jo_sprite_add_tga_from_stream
                0x0603a358                jo_tga_loader
                0x0603a030                jo_sprite_add_tga_tileset
 .text.jo       0x0603a570      0x710 ../../jo_engine/3d.o
                0x0603a58c                jo_3d_create_plane
                0x0603ab94                jo_3d_set_mesh_color
                0x0603ab30                jo_3d_set_mesh_texture
                0x0603a6ec                jo_3d_set_mesh_polygon_texture
                0x0603a808                jo_3d_set_mesh_polygon_screen_doors
                0x0603aacc                jo_3d_set_mesh_light
                0x0603a884                jo_3d_create_sprite_quad
                0x0603a794                jo_3d_set_mesh_polygon_light
                0x0603a570                jo_3d_init
                0x0603ac28                jo_3d_create_triangle
                0x0603a640                jo_3d_set_mesh_polygon_color
                0x0603a98c                jo_3d_set_mesh_polygon_transparency
                0x0603a5e0                jo_3d_create_cube
                0x0603aa68                jo_3d_set_mesh_screen_doors
                0x0603abf8                jo_3d_free_sprite_quad
                0x0603aa04                jo_3d_set_mesh_transparency
 .text.jo       0x0603ac80      0x7f0 ../../jo_engine/fs.o
                0x0603b378                jo_fs_seek_forward
                0x0603b1dc                jo_fs_read_file
                0x0603b198                jo_fs_set_read_sector_count
                0x0603ac80                jo_fs_init
                0x0603af8c                jo_fs_open
                0x0603add0                jo_fs_read_file_async
                0x0603b14c                jo_fs_close
                0x0603b074                jo_fs_read_next_bytes
                0x0603af1c                jo_fs_cd
                0x0603ad04                jo_fs_do_background_jobs
                0x0603b330                jo_fs_read_file_in_dir
 .text.jo       0x0603b470      0x460 ../../jo_engine/font.o
                0x0603b680                jo_font_print_centered
                0x0603b7c0                jo_font_print
                0x0603b470                jo_font_load
 .text.jo       0x0603b8d0       0x50 ../../jo_engine/input.o
                0x0603b8d0                jo_get_input_type
 .text.jo       0x0603b920      0x590 ../../jo_engine/core.o
                0x0603b934                jo_core_wait_for_slave
                0x0603b974                jo_core_suspend
                0x0603bd60                jo_core_add_callback
                0x0603b954                jo_core_exec_on_slave
                0x0603bdd0                jo_core_run
                0x0603bae4                jo_core_remove_slave_callback
                0x0603ba9c                jo_dump_vdp1_registers
                0x0603b968                jo_goto_boot_menu
                0x0603bb24                jo_core_add_slave_callback
                0x0603bb70                jo_core_remove_callback
                0x0603ba54                jo_dump_vdp2_registers
                0x0603bbb0                jo_core_init
 .text.jo       0x0603beb0      0x390 ../../jo_engine/math.o
                0x0603beb0                jo_random
                0x0603c17c                jo_planar_rotate
                0x0603c0e4                jo_sqrt
                0x0603c120                jo_gcd
                0x0603bf24                jo_atan2f_rad
 .text.jo       0x0603c240      0x350 ../../jo_engine/malloc.o
                0x0603c508                jo_memory_fragmentation
                0x0603c3f0                jo_memory_usage_percent
                0x0603c240                jo_add_memory_zone
                0x0603c374                jo_free
                0x0603c278                jo_malloc_with_behaviour
 .text.jo       0x0603c590      0x3f0 ../../jo_engine/tools.o
                0x0603c8e8                jo_endwith
                0x0603c7a4                jo_getdate
                0x0603c61e                jo_clear_screen
                0x0603c6c0                jo_strlen
                0x0603c5e0                jo_get_current_language
                0x0603c65c                jo_tools_atoi
                0x0603c590                jo_print
                0x0603c708                jo_memset
                0x0603c75c                jo_map_to_vram
 .text.jo       0x0603c980      0x680 ../../jo_engine/sprites.o
                0x0603cdb8                jo_sprite_usage_percent
                0x0603ce54                jo_sprite_add_8bits_image
                0x0603ceec                jo_sprite_draw
                0x0603c980                jo_get_last_sprite_id
                0x0603c98c                jo_sprite_init
                0x0603c9b0                jo_sprite_name2id
                0x0603cb28                jo_sprite_draw_rotate
                0x0603cc98                jo_sprite_replace
                0x0603cad4                jo_set_gouraud_shading_colors
                0x0603ca24                jo_sprite_free_from
                0x0603cafc                jo_set_gouraud_shading_brightness
                0x0603cea0                jo_sprite_add
 .text.jo       0x0603d000      0x880 ../../jo_engine/map.o
                0x0603d564                jo_map_per_pixel_vertical_collision
                0x0603d6ac                jo_map_draw
                0x0603d000                jo_map_create
                0x0603d07c                jo_map_add_tile
                0x0603d0a0                jo_map_add_animated_tile
                0x0603d268                jo_map_load_from_file
                0x0603d150                jo_map_free
                0x0603d168                jo_map_move_tiles_by_attribute
                0x0603d78c                jo_map_3d_draw
                0x0603d1d8                jo_map_hitbox_detection_custom_boundaries
                0x0603d0c4                jo_map_draw_background
 .text.jo       0x0603d880       0xd0 ../../jo_engine/list.o
                0x0603d880                jo_list_remove
                0x0603d8c4                jo_list_init
                0x0603d8d2                jo_list_add
 .text.jo       0x0603d950      0x1a0 ../../jo_engine/sprite_animator.o
                0x0603dabc                jo_clear_all_sprite_anim
                0x0603da00                jo_create_sprite_anim
                0x0603d950                jo_replace_sprite_anim
 .text.jo       0x0603daf0      0x630 ../../jo_engine/image.o
                0x0603daf0                jo_free_img
                0x0603dfe8                jo_sprite_add_image_pack
                0x0603db38                jo_replace_color
                0x0603ddf8                jo_sprite_add_bin_from_stream
                0x0603dd28                jo_bin_loader_from_stream
                0x0603db98                jo_sprite_add_bin_tileset
                0x0603de98                jo_bin_loader
                0x0603df18                jo_sprite_add_bin
 .text.jo       0x0603e120      0x170 ../../jo_engine/background.o
                0x0603e240                jo_clear_background
                0x0603e1b0                jo_set_background_sprite
                0x0603e120                jo_draw_background_line
 .text.jo       0x0603e290      0x120 ../../jo_engine/time.o
                0x0603e37c                jo_time_init
                0x0603e290                jo_get_ticks

.bss.use        0x0603e3b0       0x10
 .bss.use       0x0603e3b0       0x10 main.o

.bss.fy         0x0603e3c0       0x10
 .bss.fy        0x0603e3c0       0x10 main.o

.bss.fx         0x0603e3d0       0x10
 .bss.fx        0x0603e3d0       0x10 main.o

.bss.ry         0x0603e3e0       0x10
 .bss.ry        0x0603e3e0       0x10 main.o

.bss.rx         0x0603e3f0       0x10
 .bss.rx        0x0603e3f0       0x10 main.o

.bss.cam        0x0603e400       0x20
 .bss.cam       0x0603e400       0x20 main.o

.text.se        0x0603e420      0x120
 .text.se       0x0603e420      0x120 ZT/ZT_LOAD_MODEL.o
                0x0603e420                setTextures

.text.lo        0x0603e540      0x140
 .text.lo       0x0603e540      0x140 ZT/ZT_LOAD_MODEL.o
                0x0603e628                loadPDATA
                0x0603e540                loadTextures

.text.Pa        0x0603e680       0x20
 .text.Pa       0x0603e680       0x20 ZT/ZT_TOOLS.o
                0x0603e680                Pal2CRAM

.text.Ce        0x0603e6a0       0x20
 .text.Ce       0x0603e6a0       0x20 ZT/ZT_TOOLS.o
                0x0603e6a0                Cel2VRAM

.text.Ma        0x0603e6c0       0x50
 .text.Ma       0x0603e6c0       0x50 ZT/ZT_TOOLS.o
                0x0603e6c0                Map2VRAM

.text.me        0x0603e710       0x50
 .text.me       0x0603e710       0x50 ZT/ZT_TOOLS.o
                0x0603e738                memcpy_l
                0x0603e74c                memset_l
                0x0603e724                memset_w
                0x0603e710                memcpy_w

.text.fa        0x0603e760      0x140
 .text.fa       0x0603e760      0x140 ZT/ZT_TOOLS.o
                0x0603e760                fadeIn
                0x0603e7dc                fadeOut

.text.Ch        0x0603e8a0       0x30
 .text.Ch       0x0603e8a0       0x30 ZT/ZT_TOOLS.o
                0x0603e8a0                CheckOnPlane

.rodata.        0x0603e8d0      0x5c0
 .rodata.       0x0603e8d0       0x60 ../../jo_engine/tga.o
 .rodata.       0x0603e930      0x150 ../../jo_engine/3d.o
 .rodata.       0x0603ea80       0xc0 ../../jo_engine/fs.o
 .rodata.       0x0603eb40       0x40 ../../jo_engine/font.o
 .rodata.       0x0603eb80       0xb0 ../../jo_engine/core.o
 .rodata.       0x0603ec30       0x10 ../../jo_engine/math.o
 .rodata.       0x0603ec40       0x60 ../../jo_engine/malloc.o
 .rodata.       0x0603eca0       0x40 ../../jo_engine/tools.o
 .rodata.       0x0603ece0       0x80 ../../jo_engine/sprites.o
 .rodata.       0x0603ed60       0x30 ../../jo_engine/map.o
 .rodata.       0x0603ed90       0x10 ../../jo_engine/list.o
 .rodata.       0x0603eda0       0x30 ../../jo_engine/sprite_animator.o
 .rodata.       0x0603edd0       0xc0 ../../jo_engine/image.o

.text.__        0x0603ee90      0x570
 .text.__       0x0603ee90      0x100 ../../jo_engine/tga.o
                0x0603ee90                __jo_tga_load
 .text.__       0x0603ef90      0x160 ../../jo_engine/core.o
                0x0603ef9e                __jo_core_error
 .text.__       0x0603f0f0      0x170 ../../jo_engine/sprites.o
 .text.__       0x0603f260       0xe0 ../../jo_engine/map.o
 .text.__       0x0603f340       0x70 ../../jo_engine/sprite_animator.o
 .text.__       0x0603f3b0       0x50 ../../jo_engine/image.o
                0x0603f3b0                __jo_bin_load

.data.po        0x0603f400       0x30
 .data.po       0x0603f400       0x30 ../../jo_engine/3d.o

.data.__        0x0603f430       0x60
 .data.__       0x0603f430       0x10 ../../jo_engine/fs.o
 .data.__       0x0603f440       0x10 ../../jo_engine/math.o
 .data.__       0x0603f450       0x30 ../../jo_engine/sprites.o
                0x0603f460                __jo_sprite_attributes
                0x0603f454                __jo_sprite_pos
                0x0603f450                __jo_gouraud_shading_runtime_index
 .data.__       0x0603f480       0x10 ../../jo_engine/sprite_animator.o

.bss.__j        0x0603f490     0x25d0
 .bss.__j       0x0603f490     0x2590 ../../jo_engine/fs.o
 .bss.__j       0x06041a20       0x10 ../../jo_engine/core.o
                0x06041a20                __jo_slave_done_flag
 .bss.__j       0x06041a30       0x10 ../../jo_engine/malloc.o
 .bss.__j       0x06041a40       0x10 ../../jo_engine/sprites.o
 .bss.__j       0x06041a50       0x10 ../../jo_engine/sprite_animator.o

.text.ma        0x06041a60       0x50
 .text.ma       0x06041a60       0x50 ../../jo_engine/core.o
                0x06041a60                main

.bss.glo        0x06041ab0    0x40000
 .bss.glo       0x06041ab0    0x40000 ../../jo_engine/core.o

.bss.__s        0x06081ab0       0x10
 .bss.__s       0x06081ab0       0x10 ../../jo_engine/core.o

.bss.__c        0x06081ac0       0x10
 .bss.__c       0x06081ac0       0x10 ../../jo_engine/core.o

.data.Jo        0x06081ad0      0x5a0
 .data.Jo       0x06081ad0      0x5a0 ../../jo_engine/math.o
                0x06081ad0                JoCosLookupTable

.bss.mem        0x06082070       0x70
 .bss.mem       0x06082070       0x70 ../../jo_engine/malloc.o

.bss.gl_        0x060820e0       0x50
 .bss.gl_       0x060820e0       0x50 ../../jo_engine/map.o

.bss.tic        0x06082130       0x10
 .bss.tic       0x06082130       0x10 ../../jo_engine/time.o

.comment        0x06082140      0x9c0
 .comment       0x06082140       0x20 c:/users/susan/desktop/joengine-master/compiler/sh_coff/sh-coff/bin/../lib/gcc/sh-coff/4.0-GNUSH_v0601\libgcc.a(_si_to_sf.o)
 .comment       0x06082160       0x20 c:/users/susan/desktop/joengine-master/compiler/sh_coff/sh-coff/bin/../lib/gcc/sh-coff/4.0-GNUSH_v0601\libgcc.a(_eq_sf.o)
 .comment       0x06082180       0x20 c:/users/susan/desktop/joengine-master/compiler/sh_coff/sh-coff/bin/../lib/gcc/sh-coff/4.0-GNUSH_v0601\libgcc.a(_lt_sf.o)
 .comment       0x060821a0       0x20 c:/users/susan/desktop/joengine-master/compiler/sh_coff/sh-coff/bin/../lib/gcc/sh-coff/4.0-GNUSH_v0601\libgcc.a(_addsub_sf.o)
 .comment       0x060821c0       0x20 c:/users/susan/desktop/joengine-master/compiler/sh_coff/sh-coff/bin/../lib/gcc/sh-coff/4.0-GNUSH_v0601\libgcc.a(_sf_to_si.o)