Archive member included because of file (symbol)

../../Compiler/SGL_302j/lib_coff/SEGA_SYS.A(sys_exit.o)
                              ../../jo_engine/core.o (SYS_Exit)
../../Compiler/SGL_302j/lib_coff/SEGA_SYS.A(sys_sub.o)
                              ../../Compiler/SGL_302j/lib_coff/SEGA_SYS.A(sys_exit.o) (SYSUB_SetStackptr)
../../Compiler/SGL_302j/lib_coff/LIBCD.A(GFS.O)
                              ../../jo_engine/fs.o (GFS_Init)
../../Compiler/SGL_302j/lib_coff/LIBCD.A(CDC_CMN.O)
                              ../../Compiler/SGL_302j/lib_coff/SEGA_SYS.A(sys_exit.o) (CDC_GetCurStat)
../../Compiler/SGL_302j/lib_coff/LIBCD.A(CDC_REG.O)
                              ../../Compiler/SGL_302j/lib_coff/SEGA_SYS.A(sys_exit.o) (CDC_GetHirqReq)
../../Compiler/SGL_302j/lib_coff/LIBCD.A(CDC_CFS.O)
                              ../../Compiler/SGL_302j/lib_coff/SEGA_SYS.A(sys_exit.o) (CDC_ChgDir)
../../Compiler/SGL_302j/lib_coff/LIBCD.A(GFS_CDF.O)
                              ../../Compiler/SGL_302j/lib_coff/LIBCD.A(GFS.O) (GFCF_Init)
../../Compiler/SGL_302j/lib_coff/LIBCD.A(GFS_DIR.O)
                              ../../Compiler/SGL_302j/lib_coff/LIBCD.A(GFS.O) (GFDR_SetupDirTbl)
../../Compiler/SGL_302j/lib_coff/LIBCD.A(GFS_TRN.O)
                              ../../Compiler/SGL_302j/lib_coff/LIBCD.A(GFS.O) (GFTR_Setup)
../../Compiler/SGL_302j/lib_coff/LIBCD.A(GFS_BUF.O)
                              ../../Compiler/SGL_302j/lib_coff/LIBCD.A(GFS.O) (GFBF_GetNumData)
../../Compiler/SGL_302j/lib_coff/LIBCD.A(GFS_CDB.O)
                              ../../Compiler/SGL_302j/lib_coff/LIBCD.A(GFS_CDF.O) (GFCB_Setup)
../../Compiler/SGL_302j/lib_coff/LIBCD.A(GFS_CDC.O)
                              ../../Compiler/SGL_302j/lib_coff/LIBCD.A(GFS.O) (GFCD_SetCdbfs)
../../Compiler/SGL_302j/lib_coff/LIBCD.A(CDC_SUB.O)
                              ../../Compiler/SGL_302j/lib_coff/LIBCD.A(CDC_CMN.O) (CDSUB_UpdStatus)
../../Compiler/SGL_302j/lib_coff/LIBCD.A(CDC_BIO.O)
                              ../../Compiler/SGL_302j/lib_coff/LIBCD.A(GFS_CDC.O) (CDC_SetSctLen)
../../Compiler/SGL_302j/lib_coff/LIBCD.A(CDC_SEL.O)
                              ../../Compiler/SGL_302j/lib_coff/LIBCD.A(GFS_CDC.O) (CDC_SetFiltRange)
../../Compiler/SGL_302j/lib_coff/LIBCD.A(CDC_DRV.O)
                              ../../Compiler/SGL_302j/lib_coff/LIBCD.A(GFS_CDC.O) (CDC_CdPlay)
../../Compiler/SGL_302j/lib_coff/LIBCD.A(CDC_BIF.O)
                              ../../Compiler/SGL_302j/lib_coff/LIBCD.A(GFS_CDC.O) (CDC_GetBufSiz)
../../Compiler/SGL_302j/lib_coff/LIBCD.A(CDC_DEV.O)
                              ../../Compiler/SGL_302j/lib_coff/LIBCD.A(GFS_CDC.O) (CDC_CdSetCon)
../../Compiler/SGL_302j/lib_coff/LIBSGL.A(sglH00.o)
                              main.o (Smpc_Peripheral)
../../Compiler/SGL_302j/lib_coff/LIBSGL.A(sglC16.o)
                              main.o (slDynamicFrame)
../../Compiler/SGL_302j/lib_coff/LIBSGL.A(sglK01.o)
                              main.o (SynchConst)
../../Compiler/SGL_302j/lib_coff/LIBSGL.A(sglA21.o)
                              main.o (slPushMatrix)
../../Compiler/SGL_302j/lib_coff/LIBSGL.A(sglA18.o)
                              main.o (slRotY)
../../Compiler/SGL_302j/lib_coff/LIBSGL.A(sglA27.o)
                              main.o (slTranslate)
../../Compiler/SGL_302j/lib_coff/LIBSGL.A(sglC08.o)
                              main.o (slPutPolygon)
../../Compiler/SGL_302j/lib_coff/LIBSGL.A(sglA19.o)
                              main.o (slRotX)
../../Compiler/SGL_302j/lib_coff/LIBSGL.A(sglA17.o)
                              main.o (slRotZ)
../../Compiler/SGL_302j/lib_coff/LIBSGL.A(sglA28.o)
                              main.o (slScale)
../../Compiler/SGL_302j/lib_coff/LIBSGL.A(sglC04.o)
                              main.o (slZdspLevel)
../../Compiler/SGL_302j/lib_coff/LIBSGL.A(sglA16.o)
                              main.o (slLookAt)
../../Compiler/SGL_302j/lib_coff/LIBSGL.A(sglD00.o)
                              ../../jo_engine/sprites.o (slDMACopy)
../../Compiler/SGL_302j/lib_coff/LIBSGL.A(sglA15.o)
                              ../../jo_engine/core.o (slSlaveFunc)
../../Compiler/SGL_302j/lib_coff/LIBSGL.A(sglI01.o)
                              ../../jo_engine/core.o (slSynch)
../../Compiler/SGL_302j/lib_coff/LIBSGL.A(sglF00.o)
                              ../../jo_engine/core.o (slCurColor)
../../Compiler/SGL_302j/lib_coff/LIBSGL.A(sglIc0.o)
                              ../../jo_engine/core.o (slInitSystem)
../../Compiler/SGL_302j/lib_coff/LIBSGL.A(sglB001.o)
                              ../../jo_engine/core.o (slTVOn)
../../Compiler/SGL_302j/lib_coff/LIBSGL.A(sglB063.o)
                              ../../jo_engine/core.o (slPriority)
../../Compiler/SGL_302j/lib_coff/LIBSGL.A(sglB016.o)
                              ../../jo_engine/core.o (slBack1ColSet)
../../Compiler/SGL_302j/lib_coff/LIBSGL.A(sglB200.o)
[...]
Memory Configuration

Name             Origin             Length             Attributes
*default*        0x00000000         0xffffffff

Linker script and memory map

TARGET(coff-sh)

SLSTART         0x06004000       0x30
                0x06004000                ___Start = .
 *(SLSTART)
 SLSTART        0x06004000       0x28 ../../Compiler/SGL_302j/lib_coff/LIBSGL.A(sglI00.o)
                0x06004002                slStartSGL
                0x06004000                SGL_Start

.text           0x06004040    0x11a60
 *(.text)
 .text          0x06004040      0x270 main.o
 .text          0x060042b0       0xd0 ../../jo_engine/tga.o
 .text          0x06004380       0x60 ../../jo_engine/3d.o
 .text          0x060043e0      0x120 ../../jo_engine/fs.o
 .text          0x06004500       0x90 ../../jo_engine/font.o
 .text          0x06004590      0x120 ../../jo_engine/core.o
 .text          0x060046b0       0x30 ../../jo_engine/math.o
 .text          0x060046e0       0x60 ../../jo_engine/malloc.o
 .text          0x06004740       0x30 ../../jo_engine/tools.o
 .text          0x06004770       0xa0 ../../jo_engine/sprites.o
 .text          0x06004810       0x60 ../../jo_engine/map.o
 .text          0x06004870       0x10 ../../jo_engine/list.o
 .text          0x06004880       0x50 ../../jo_engine/sprite_animator.o
 .text          0x060048d0       0xe0 ../../jo_engine/image.o
 .text          0x060049b0      0x238 ../../Compiler/SGL_302j/lib_coff/SEGA_SYS.A(sys_exit.o)
                0x060049d0                SYS_Exit
                0x060049b0                sys_version
 *fill*         0x06004be8        0x8 00
 .text          0x06004bf0        0x6 ../../Compiler/SGL_302j/lib_coff/SEGA_SYS.A(sys_sub.o)
                0x06004bf0                SYSUB_SetStackptr
 *fill*         0x06004bf6        0xa 00
 .text          0x06004c00     0x1adc ../../Compiler/SGL_302j/lib_coff/LIBCD.A(GFS.O)
                0x06004c00                gfs_version
                0x06005e70                gfs_mngGetNumFile
                0x060065cc                gfs_closeSub
                0x0600598c                GFS_SetGmode
                0x06005c48                GFS_SetErrFunc
                0x06005d98                gfs_mngSetupFuncTbl
                0x06004f58                GFS_Reset
                0x06005cc0                gfs_chgRoot
                0x06005d8c                gfs_aborttrans
                0x06006070                gfs_svrAddHndl
                0x06005f20                gfs_mngFreeGrp
                0x06005c98                GFS_ConvTno
                0x06006224                gfs_getRootDir
                0x06005c74                GFS_GetErrStat
                0x060050c8                GFS_Seek
                0x06005738                GFS_NwStop
                0x06005f2c                gfs_mngTermAccess
                0x06004fdc                GFS_Open
                0x06005ed8                GFS_mngAllocGrp
                0x06006614                gfs_isTaskDone
                0x06005438                GFS_Fread
                0x06005b90                GFS_StartTrans
                0x0600658c                gfs_GetFinfo
                0x06005dcc                gfs_mngInitWork
                0x06005220                GFS_ByteToSct
                0x06006030                gfs_svrSearchHndl
                0x06006320                gfs_loadRootDir
                0x06004e7c                GFS_IdToName
                0x0600557c                GFS_NwFread
                0x06005ac0                GFS_SetTransPara
                0x06005688                GFS_NwCdRead
                0x06006160                gfs_loadVol
                0x06005a5c                GFS_SetReadPara
                0x0600517c                GFS_Tell
                0x060059f0                GFS_SetTmode
                0x060064f4                GFS_GetFad
                0x06005b2c                GFS_SetTrFunc
                0x06005bdc                GFS_CdMovePickup
                0x06004e18                GFS_NameToId
                0x06005850                GFS_NwExecOne
                0x060063a8                gfs_flowIn
                0x060052d8                GFS_GetFileInfo
                0x06006450                gfs_transData
                0x060060ac                gfs_svrRemoveHndl
                0x06005700                GFS_NwIsComplete
                0x06006608                gfs_getGmode
                0x060057a4                GFS_NwGetStat
                0x06006108                GFS_OpenSub
                0x06004db0                GFS_SetDir
                0x0600527c                GFS_GetFileSize
                0x0600534c                GFS_GetNumCdbuf
                0x06006668                gfs_convFinStat
                0x06005374                GFS_Load
                0x060054d4                gfs_waitRead
                0x06004d08                GFS_LoadDir
                0x06004ee8                GFS_GetDirInfo
                0x06005090                GFS_Close
                0x06004c20                GFS_Init
                0x06005820                gfs_recovRdErr
                0x06005fb0                gfs_mngSetErrCode
                0x06005910                GFS_NwExecServer
                0x060051cc                GFS_IsEof
                0x0600654c                gfs_SetSct
 *fill*         0x060066dc        0x4 00
 .text          0x060066e0      0x3a0 ../../Compiler/SGL_302j/lib_coff/LIBCD.A(CDC_CMN.O)
                0x06006884                CDC_TgetToc
                0x06006a28                CDC_DataEnd
                0x06006748                CDC_GetPeriStat
                0x060069bc                CDC_DataReady
                0x06006994                CDC_CdOpen
                0x06006910                CDC_CdInit
                0x060068d4                CDC_GetSes
                0x06006730                CDC_GetLastStat
                0x060066e0                CDC_GetCurStat
                0x0600681c                CDC_GetHwInfo
 .text          0x06006a80      0x2dc ../../Compiler/SGL_302j/lib_coff/LIBCD.A(CDC_REG.O)
                0x06006ad4                CDREG_ClrHirqReq
                0x06006aa4                CDC_ClrHirqReq
                0x06006b54                CDREG_TgetData
                0x06006b44                CDC_GetMpegPtr
                0x06006b20                CDC_GetHirqMsk
                0x06006a80                CDC_GetDataPtr
                0x06006a90                CDC_GetHirqReq
                0x06006cb0                CDREG_WaitHirq
                0x06006b34                CDC_SetHirqMsk
                0x06006bb0                CDREG_CmdRsp
                0x06006ae4                CDREG_InitHirqReq
                0x06006b0c                CDREG_SetHirqFlag
                0x06006d20                CDREG_ReadRsp
 *fill*         0x06006d5c        0x4 00
 .text          0x06006d60      0x194 ../../Compiler/SGL_302j/lib_coff/LIBCD.A(CDC_CFS.O)
                0x06006d60                CDC_ChgDir
                0x06006d94                CDC_ReadDir
                0x06006eb8                CDC_AbortFile
                0x06006dc8                CDC_GetFileScope
                0x06006e28                CDC_TgetFileInfo
                0x06006e84                CDC_ReadFile
 *fill*         0x06006ef4        0xc 00
 .text          0x06006f00      0x8d8 ../../Compiler/SGL_302j/lib_coff/LIBCD.A(GFS_CDF.O)
                0x060073f4                GFCF_Seek
                0x060074fc                GFCF_GetStat
                0x060073dc                GFCF_Tell
                0x06006fa0                GFCF_Setup
                0x060074a8                GFCF_cnvIntlvOfs
                0x06006f00                GFCF_Init
                0x06007394                GFCF_Recover
                0x060070e8                GFCF_SetSct
                0x0600740c                GFCF_MovePickup
                0x060075d0                gfcf_isCdOk
                0x060071a0                GFCF_FlowInBuf
                0x0600712c                GFCF_GetFileInfo
                0x060072f4                GFCF_StopInBuf
                0x06007594                gfcf_getSctSize
                0x06007690                gfcf_getPlayRange
 *fill*         0x060077d8        0x8 00
 .text          0x060077e0      0x92c ../../Compiler/SGL_302j/lib_coff/LIBCD.A(GFS_DIR.O)
                0x06007cd0                gfdr_setNextRec
                0x060080d0                gfdr_setDirrecCd
                0x06007ac8                gfdr_open
                0x060078dc                GFDR_GetAtrDirId
                0x06007bb0                gfdr_readByte
                0x060077e0                GFDR_SetupDirTbl
                0x06007ca8                gfdr_readLongNM
                0x06007d54                gfdr_readDirEnt
                0x0600790c                GFDR_ChgRoot
                0x06007854                GFDR_NameToId
                0x06007998                gfdr_setupDirIdTbl
                0x060078f4                GFDR_GetAtrDirName
                0x060078b4                GFDR_GetInfoDirId
                0x06007c5c                gfdr_readLongNB
                0x06007af0                gfdr_read
                0x06007bdc                gfdr_readWord
                0x06007a1c                gfdr_setupDirNameTbl
                0x060078c8                GFDR_GetInfoDirName
                0x06007924                GFDR_ChgDir
                0x06007c08                gfdr_readWordNB
 *fill*         0x0600810c        0x4 00
 .text          0x06008110      0x9c6 ../../Compiler/SGL_302j/lib_coff/LIBCD.A(GFS_TRN.O)
                0x060081f0                GFTR_SetTransMax
                0x060085c0                gftr_execScu
                0x06008ac4                GFTR_SetTransFunc
                0x0600898c                gftr_remTrn
                0x06008ab0                GFTR_SetData
                0x060087b0                gftr_execSdma1
                0x06008a00                gftr_copyFrac
                0x060081e4                GFTR_GetNumTrans
                0x06008184                GFTR_SetMode
                0x06008780                gftr_remDma0
                0x06008a28                GFTR_GetLenData
                0x060085b4                gftr_reqScu
                0x06008798                gftr_reqDma1
                0x060084d0                gftr_getSrcPack
                0x06008a80                GFTR_RtnDstPk
                0x0600869c                gfdma_exec
                0x060088b4                gftr_execTrn
                0x060083c8                GFTR_ExecSvr
                0x06008844                gftr_reqTrn
                0x0600870c                gfdma_getBytecnt
                0x060087ec                gftr_reqCpu
                0x06008a4c                GFTR_GetDstPack
                0x06008744                gftr_reqDma0
                0x06008350                GFTR_Idle
                0x06008208                GFTR_Pause
                0x060081d8                GFTR_GetTransPara
                0x06008838                gftr_remCpu
                0x060081a4                GFTR_SetTransPara
                0x060087d4                gftr_remDma1
                0x06008214                GFTR_Stop
                0x0600875c                gftr_execSdma0
                0x06008140                GFTR_Setup
                0x0600865c                gftr_remScu
                0x06008558                gftr_getDstPack
                0x06008690                gfdma_canUse
                0x060082cc                GFTR_Exec
                0x06008a9c                GFTR_GetData
                0x060081fc                GFTR_Start
                0x06008198                GFTR_SetUnit
                0x060087f8                gftr_execCpu
                0x06008a34                GFTR_GetLenRoom
 *fill*         0x06008ad6        0xa 00
 .text          0x06008ae0      0x106 ../../Compiler/SGL_302j/lib_coff/LIBCD.A(GFS_BUF.O)
                0x06008b38                GFBF_GetNumData
                0x06008bb4                GFBF_RtnPk
                0x06008b68                GFBF_GetSrcPk
                0x06008bdc                gfbf_getSctDt
                0x06008b10                GFBF_GetTranData
                0x06008b90                GFBF_GetSctData
 *fill*         0x06008be6        0xa 00
 .text          0x06008bf0      0x600 ../../Compiler/SGL_302j/lib_coff/LIBCD.A(GFS_CDB.O)
                0x06009198                GFCB_GetPickup
                0x06008d10                GFCB_Close
                0x06008fdc                GFCB_GetSrcPack
                0x06009164                GFCB_SetCon
                0x06008de4                GFCB_GetLenRoom
                0x06009148                GFCB_MovePickup
                0x060090bc                GFCB_GetSctData
                0x06008df0                GFCB_SetFilt
                0x06008d38                GFCB_GetLenData
                0x060091d8                GFCB_UngetPickup
                0x06008bf0                GFCB_Setup
                0x06008e80                GFCB_Tell
                0x060091c0                GFCB_IsPuOwner
                0x06008ee0                GFCB_Seek
                0x06008e58                GFCB_DeleteAllData
                0x060090f4                GFCB_GetDstPack
                0x06008e90                gfcb_getSctNum
                0x06009100                GFCB_RtnPk
 .text          0x060091f0     0x1a10 ../../Compiler/SGL_302j/lib_coff/LIBCD.A(GFS_CDC.O)
                0x0600948c                GFCD_AllocBuf
                0x0600a274                gfcd_doGetLenDataTsk
                0x0600ab10                GFCD_SetCsctFunc
                0x06009564                GFCD_GetBaseFad
                0x060096e0                GFCD_GetFilt
                0x0600a700                gfcd_doChgDirTsk
                0x0600aa40                gfcd_checkEflag
                0x06009a28                GFCD_MovePickup
                0x06009b0c                GFCD_GetSctInfo
                0x0600a3c8                gfcd_doReqDataTsk
                0x06009b54                GFCD_ChgDir
                0x06009848                GFCD_ReqData
                0x0600ab2c                GFCD_ChkScdqFlag
                0x06009fe4                GFCD_WaitServer
                0x060098ec                GFCD_DelSctData
                0x06009dc4                GFCD_ExecServer
                0x0600a1e4                gfcd_doSetConTsk
                0x06009420                GFCD_AllocFilt
                0x0600961c                GFCD_SetFilt
                0x0600a020                gfcd_doSetFiltTsk
                0x0600ab50                GFCD_ClrScdqFlag
                0x0600a468                gfcd_doDelSctDataTsk
                0x06009f24                gfcd_doTask
                0x06009598                GFCD_GetPickup
                0x06009ae8                GFCD_CheckMove
                0x0600ab6c                GFCD_WaitScdqFlag
                0x06009780                GFCD_Play
                0x0600a59c                gfcd_doMoveSctTsk
                0x06009728                GFCD_SetCon
                0x06009bc8                GFCD_SetFiltCon
                0x0600abb0                GFCD_WaitPause
                0x06009d8c                GFCD_GetBufSiz
                0x060095cc                GFCD_UngetPickup
                0x06009cb0                GFCD_GetFileInfo
                0x060098a4                GFCD_EndData
                0x060094c0                GFCD_FreeBuf
                0x060097e0                GFCD_GetLenData
                0x0600945c                GFCD_FreeFilt
                0x06009e98                gfcd_isIdleTask
                0x0600921c                GFCD_Init
                0x0600a8fc                gfcd_doSetFiltConTsk
                0x06009974                GFCD_GetStat
                0x06009a74                GFCD_MoveSctData
                0x060095f8                GFCD_IsPuOwner
                0x0600aa64                gfcd_initCdbMng
                0x060091f0                GFCD_SetCdbfs
                0x06009fd0                GFCD_SetTimer
                0x0600aae4                gfcd_setStat
                0x06009944                GFCD_CheckDelSctData
 .text          0x0600ac00      0x152 ../../Compiler/SGL_302j/lib_coff/LIBCD.A(CDC_SUB.O)
                0x0600aca8                CDSUB_GetCdstat
                0x0600ac18                CDSUB_UpdCdstat
                0x0600ace8                CDSUB_RspToCdstat
                0x0600ad30                CDSUB_SoftTimer
                0x0600ac00                CDSUB_UpdStatus
                0x0600ac38                CDSUB_CdCmd
 *fill*         0x0600ad52        0xe 00
 .text          0x0600ad60      0x1e4 ../../Compiler/SGL_302j/lib_coff/LIBCD.A(CDC_BIO.O)
                0x0600ae0c                CDC_GetdelSctData
                0x0600ad94                CDC_GetSctData
                0x0600ae48                CDC_PutSctData
                0x0600aec4                CDC_MoveSctData
                0x0600af08                CDC_GetCopyErr
                0x0600add0                CDC_DelSctData
                0x0600ad60                CDC_SetSctLen
                0x0600ae80                CDC_CopySctData
 *fill*         0x0600af44        0xc 00
 .text          0x0600af50      0x2b8 ../../Compiler/SGL_302j/lib_coff/LIBCD.A(CDC_SEL.O)
                0x0600b180                CDC_GetFiltCon
                0x0600b0fc                CDC_GetFiltMode
                0x0600b1d4                CDC_ResetSelector
                0x0600af50                CDC_SetFiltRange
                0x0600afdc                CDC_SetFiltSubh
                0x0600b04c                CDC_GetFiltSubh
                0x0600af84                CDC_GetFiltRange
                0x0600b0c8                CDC_SetFiltMode
                0x0600b140                CDC_SetFiltCon
 *fill*         0x0600b208        0x8 00
 .text          0x0600b210      0x130 ../../Compiler/SGL_302j/lib_coff/LIBCD.A(CDC_DRV.O)
                0x0600b210                CDC_CdPlay
                0x0600b2dc                CDC_CdSeek
                0x0600b310                CDC_CdScan
 .text          0x0600b340      0x270 ../../Compiler/SGL_302j/lib_coff/LIBCD.A(CDC_BIF.O)
                0x0600b39c                CDC_GetSctNum
                0x0600b51c                CDC_ExeFadSearch
                0x0600b49c                CDC_GetSctInfo
                0x0600b3e0                CDC_CalActSiz
                0x0600b340                CDC_GetBufSiz
                0x0600b41c                CDC_GetActSiz
                0x0600b554                CDC_GetFadSearch
 .text          0x0600b5b0       0xa8 ../../Compiler/SGL_302j/lib_coff/LIBCD.A(CDC_DEV.O)
                0x0600b61c                CDC_CdGetLastBuf
                0x0600b5b0                CDC_CdSetCon
                0x0600b5e0                CDC_CdGetCon
 *fill*         0x0600b658        0x8 00
 .text          0x0600b660      0x128 ../../Compiler/SGL_302j/lib_coff/LIBSGL.A(sglIc0.o)
                0x0600b660                slInitSystem
 *fill*         0x0600b788        0x8 00
 .text          0x0600b790       0x90 c:/users/susan/desktop/joengine-master/compiler/sh_coff/sh-coff/bin/../lib/gcc/sh-coff/4.0-GNUSH_v0601\libgcc.a(_si_to_sf.o)
                0x0600b790                __floatsisf
 .text          0x0600b820       0x70 c:/users/susan/desktop/joengine-master/compiler/sh_coff/sh-coff/bin/../lib/gcc/sh-coff/4.0-GNUSH_v0601\libgcc.a(_eq_sf.o)
                0x0600b820                __eqsf2
 .text          0x0600b890       0x70 c:/users/susan/desktop/joengine-master/compiler/sh_coff/sh-coff/bin/../lib/gcc/sh-coff/4.0-GNUSH_v0601\libgcc.a(_lt_sf.o)
                0x0600b890                __ltsf2
 .text          0x0600b900      0x250 c:/users/susan/desktop/joengine-master/compiler/sh_coff/sh-coff/bin/../lib/gcc/sh-coff/4.0-GNUSH_v0601\libgcc.a(_addsub_sf.o)
                0x0600ba94                __subsf3
                0x0600baf4                __addsf3
 .text          0x0600bb50       0xa0 c:/users/susan/desktop/joengine-master/compiler/sh_coff/sh-coff/bin/../lib/gcc/sh-coff/4.0-GNUSH_v0601\libgcc.a(_sf_to_si.o)
                0x0600bb50                __fixsfsi
 .text          0x0600bbf0       0x70 c:/users/susan/desktop/joengine-master/compiler/sh_coff/sh-coff/bin/../lib/gcc/sh-coff/4.0-GNUSH_v0601\libgcc.a(_le_sf.o)
                0x0600bbf0                __lesf2
 .text          0x0600bc60       0xb0 c:/users/susan/desktop/joengine-master/compiler/sh_coff/sh-coff/bin/../lib/gcc/sh-coff/4.0-GNUSH_v0601\libgcc.a(_si_to_df.o)
                0x0600bc60                __floatsidf
 .text          0x0600bd10      0x1b0 c:/users/susan/desktop/joengine-master/compiler/sh_coff/sh-coff/bin/../lib/gcc/sh-coff/4.0-GNUSH_v0601\libgcc.a(_div_df.o)
                0x0600bd18                __divdf3
 .text          0x0600bec0      0x100 c:/users/susan/desktop/joengine-master/compiler/sh_coff/sh-coff/bin/../lib/gcc/sh-coff/4.0-GNUSH_v0601\libgcc.a(_df_to_si.o)
                0x0600bec0                __fixdfsi
 .text          0x0600bfc0      0x100 c:/users/susan/desktop/joengine-master/compiler/sh_coff/sh-coff/bin/../lib/gcc/sh-coff/4.0-GNUSH_v0601\libgcc.a(_sf_to_df.o)
                0x0600bfc0                __extendsfdf2
 .text          0x0600c0c0      0x3b0 c:/users/susan/desktop/joengine-master/compiler/sh_coff/sh-coff/bin/../lib/gcc/sh-coff/4.0-GNUSH_v0601\libgcc.a(_mul_df.o)
                0x0600c0d0                __muldf3
 .text          0x0600c470       0x70 c:/users/susan/desktop/joengine-master/compiler/sh_coff/sh-coff/bin/../lib/gcc/sh-coff/4.0-GNUSH_v0601\libgcc.a(_gt_sf.o)
                0x0600c470                __gtsf2
 .text          0x0600c4e0       0x70 c:/users/susan/desktop/joengine-master/compiler/sh_coff/sh-coff/bin/../lib/gcc/sh-coff/4.0-GNUSH_v0601\libgcc.a(_udivsi3.o)
                0x0600c502                __udivsi3
 .text          0x0600c550      0x170 c:/users/susan/desktop/joengine-master/compiler/sh_coff/sh-coff/bin/../lib/gcc/sh-coff/4.0-GNUSH_v0601\libgcc.a(_mul_sf.o)
                0x0600c550                __mulsf3
 .text          0x0600c6c0       0xa0 c:/users/susan/desktop/joengine-master/compiler/sh_coff/sh-coff/bin/../lib/gcc/sh-coff/4.0-GNUSH_v0601\libgcc.a(__main.o)
                0x0600c734                __main
                0x0600c6c0                __do_global_dtors
                0x0600c6f4                __do_global_ctors
 .text          0x0600c760       0xa0 c:/users/susan/desktop/joengine-master/compiler/sh_coff/sh-coff/bin/../lib/gcc/sh-coff/4.0-GNUSH_v0601\libgcc.a(_sdivsi3.o)
                0x0600c760                __sdivsi3
 .text          0x0600c800       0x70 c:/users/susan/desktop/joengine-master/compiler/sh_coff/sh-coff/bin/../lib/gcc/sh-coff/4.0-GNUSH_v0601\libgcc.a(_ge_sf.o)
                0x0600c800                __gesf2
 .text          0x0600c870      0x120 c:/users/susan/desktop/joengine-master/compiler/sh_coff/sh-coff/bin/../lib/gcc/sh-coff/4.0-GNUSH_v0601\libgcc.a(_div_sf.o)
                0x0600c870                __divsf3
 .text          0x0600c990       0x70 c:/users/susan/desktop/joengine-master/compiler/sh_coff/sh-coff/bin/../lib/gcc/sh-coff/4.0-GNUSH_v0601\libgcc.a(_df_to_sf.o)
                0x0600c990                __truncdfsf2
 .text          0x0600ca00      0x350 c:/users/susan/desktop/joengine-master/compiler/sh_coff/sh-coff/bin/../lib/gcc/sh-coff/4.0-GNUSH_v0601\libgcc.a(_addsub_df.o)
                0x0600cc8c                __subdf3
                0x0600ccf0                __adddf3
 .text          0x0600cd50       0x60 c:/users/susan/desktop/joengine-master/compiler/sh_coff/sh-coff/bin/../lib/gcc/sh-coff/4.0-GNUSH_v0601\libgcc.a(_ashiftrt.o)
                0x0600cd5c                __ashiftrt_r4_27
                0x0600cd90                __ashiftrt_r4_6
                0x0600cd80                __ashiftrt_r4_14
                0x0600cd72                __ashiftrt_r4_19
                0x0600cd8a                __ashiftrt_r4_9
                0x0600cd9e                __ashiftrt_r4_0
                0x0600cd50                __ashiftrt_r4_31
                0x0600cd5e                __ashiftrt_r4_26
                0x0600cd6c                __ashiftrt_r4_22
                0x0600cd78                __ashiftrt_r4_16
                0x0600cd84                __ashiftrt_r4_12
                0x0600cd58                __ashiftrt_r4_29
                0x0600cd76                __ashiftrt_r4_17
                0x0600cd56                __ashiftrt_r4_30
                0x0600cd92                __ashiftrt_r4_5
                0x0600cd8c                __ashiftrt_r4_8
                0x0600cd50                __ashiftrt_r4_32
                0x0600cd60                __ashiftrt_r4_25
                0x0600cd98                __ashiftrt_r4_2
                0x0600cd62                __ashiftrt_r4_24
                0x0600cd7e                __ashiftrt_r4_15
                0x0600cd88                __ashiftrt_r4_10
                0x0600cd9a                __ashiftrt_r4_1
                0x0600cd5a                __ashiftrt_r4_28
                0x0600cd70                __ashiftrt_r4_20
                0x0600cd8e                __ashiftrt_r4_7
                0x0600cd82                __ashiftrt_r4_13
                0x0600cd86                __ashiftrt_r4_11
                0x0600cd94                __ashiftrt_r4_4
                0x0600cd6a                __ashiftrt_r4_23
                0x0600cd74                __ashiftrt_r4_18
                0x0600cd6e                __ashiftrt_r4_21
                0x0600cd96                __ashiftrt_r4_3
 .text          0x0600cdb0       0x90 c:/users/susan/desktop/joengine-master/compiler/sh_coff/sh-coff/bin/../lib/gcc/sh-coff/4.0-GNUSH_v0601\libgcc.a(_lshiftrt.o)
                0x0600cdb0                __lshrsi3
 .text          0x0600ce40       0x90 c:/users/susan/desktop/joengine-master/compiler/sh_coff/sh-coff/bin/../lib/gcc/sh-coff/4.0-GNUSH_v0601\libgcc.a(_ashiftrt_n.o)
                0x0600ce40                __ashrsi3
 .text          0x0600ced0       0x90 c:/users/susan/desktop/joengine-master/compiler/sh_coff/sh-coff/bin/../lib/gcc/sh-coff/4.0-GNUSH_v0601\libgcc.a(_ashiftlt.o)
                0x0600ced0                __ashlsi3
 .text          0x0600cf60      0x1c0 c:/users/susan/desktop/joengine-master/compiler/sh_coff/sh-coff/bin/../lib/gcc/sh-coff/4.0-GNUSH_v0601\libgcc.a(_pack_sf.o)
                0x0600cf60                __pack_f
 .text          0x0600d120       0xc0 c:/users/susan/desktop/joengine-master/compiler/sh_coff/sh-coff/bin/../lib/gcc/sh-coff/4.0-GNUSH_v0601\libgcc.a(_unpack_sf.o)
                0x0600d120                __unpack_f
 .text          0x0600d1e0       0xa0 c:/users/susan/desktop/joengine-master/compiler/sh_coff/sh-coff/bin/../lib/gcc/sh-coff/4.0-GNUSH_v0601\libgcc.a(_fpcmp_parts_sf.o)
                0x0600d1e0                __fpcmp_parts_f
 .text          0x0600d280       0x10 c:/users/susan/desktop/joengine-master/compiler/sh_coff/sh-coff/bin/../lib/gcc/sh-coff/4.0-GNUSH_v0601\libgcc.a(_thenan_sf.o)
                0x0600d280                __thenan_sf
 .text          0x0600d290      0x5f0 c:/users/susan/desktop/joengine-master/compiler/sh_coff/sh-coff/bin/../lib/gcc/sh-coff/4.0-GNUSH_v0601\libgcc.a(_pack_df.o)
                0x0600d2a0                __pack_d
 .text          0x0600d880      0x180 c:/users/susan/desktop/joengine-master/compiler/sh_coff/sh-coff/bin/../lib/gcc/sh-coff/4.0-GNUSH_v0601\libgcc.a(_unpack_df.o)
                0x0600d890                __unpack_d
 .text          0x0600da00       0x20 c:/users/susan/desktop/joengine-master/compiler/sh_coff/sh-coff/bin/../lib/gcc/sh-coff/4.0-GNUSH_v0601\libgcc.a(_thenan_df.o)
                0x0600da00                __thenan_df
 .text          0x0600da20       0x30 c:/users/susan/desktop/joengine-master/compiler/sh_coff/sh-coff/bin/../lib/gcc/sh-coff/4.0-GNUSH_v0601\libgcc.a(_make_df.o)
                0x0600da20                __make_dp
 .text          0x0600da50       0xd0 c:/users/susan/desktop/joengine-master/compiler/sh_coff/sh-coff/bin/../lib/gcc/sh-coff/4.0-GNUSH_v0601\libgcc.a(_muldi3.o)
                0x0600da50                __muldi3
 .text          0x0600db20       0x30 c:/users/susan/desktop/joengine-master/compiler/sh_coff/sh-coff/bin/../lib/gcc/sh-coff/4.0-GNUSH_v0601\libgcc.a(_make_sf.o)
                0x0600db20                __make_fp
 .text          0x0600db50       0x30 c:/users/susan/desktop/joengine-master/compiler/sh_coff/sh-coff/bin/../lib/gcc/sh-coff/4.0-GNUSH_v0601\libgcc.a(_mulsi3.o)
                0x0600db50                __mulsi3
 .text          0x0600db80       0xb0 c:/users/susan/desktop/joengine-master/compiler/sh_coff/sh-coff/bin/../lib/gcc/sh-coff/4.0-GNUSH_v0601/../../../../sh-coff/lib\libc.a(sprintf.o)
                0x0600dbd0                sprintf
                0x0600db80                _sprintf_r
 .text          0x0600dc30       0xa0 c:/users/susan/desktop/joengine-master/compiler/sh_coff/sh-coff/bin/../lib/gcc/sh-coff/4.0-GNUSH_v0601/../../../../sh-coff/lib\libc.a(memcpy.o)
                0x0600dc30                memcpy
 .text          0x0600dcd0       0x80 c:/users/susan/desktop/joengine-master/compiler/sh_coff/sh-coff/bin/../lib/gcc/sh-coff/4.0-GNUSH_v0601/../../../../sh-coff/lib\libc.a(memcmp.o)
                0x0600dcd0                memcmp
 .text          0x0600dd50      0x100 c:/users/susan/desktop/joengine-master/compiler/sh_coff/sh-coff/bin/../lib/gcc/sh-coff/4.0-GNUSH_v0601/../../../../sh-coff/lib\libc.a(strncmp.o)
                0x0600dd50                strncmp
 .text          0x0600de50       0xd0 c:/users/susan/desktop/joengine-master/compiler/sh_coff/sh-coff/bin/../lib/gcc/sh-coff/4.0-GNUSH_v0601/../../../../sh-coff/lib\libc.a(strncpy.o)
                0x0600de50                strncpy
 .text          0x0600df20       0x40 c:/users/susan/desktop/joengine-master/compiler/sh_coff/sh-coff/bin/../lib/gcc/sh-coff/4.0-GNUSH_v0601/../../../../sh-coff/lib\libc.a(memset.o)
                0x0600df20                memset
 .text          0x0600df60       0x90 c:/users/susan/desktop/joengine-master/compiler/sh_coff/sh-coff/bin/../lib/gcc/sh-coff/4.0-GNUSH_v0601/../../../../sh-coff/lib\libc.a(atexit.o)
                0x0600df60                atexit
 .text          0x0600dff0     0x1d20 c:/users/susan/desktop/joengine-master/compiler/sh_coff/sh-coff/bin/../lib/gcc/sh-coff/4.0-GNUSH_v0601/../../../../sh-coff/lib\libc.a(vfprintf.o)
                0x0600e0a8                _vfprintf_r
                0x0600fce8                vfprintf
 .text          0x0600fd10       0x10 c:/users/susan/desktop/joengine-master/compiler/sh_coff/sh-coff/bin/../lib/gcc/sh-coff/4.0-GNUSH_v0601/../../../../sh-coff/lib\libc.a(impure.o)
                0x0600fd10                _global_impure_ptr
 .text          0x0600fd20       0x40 c:/users/susan/desktop/joengine-master/compiler/sh_coff/sh-coff/bin/../lib/gcc/sh-coff/4.0-GNUSH_v0601/../../../../sh-coff/lib\libc.a(malloc.o)
                0x0600fd3c                free
                0x0600fd20                malloc
 .text          0x0600fd60      0x300 c:/users/susan/desktop/joengine-master/compiler/sh_coff/sh-coff/bin/../lib/gcc/sh-coff/4.0-GNUSH_v0601/../../../../sh-coff/lib\libc.a(fvwrite.o)
                0x0600fd60                __sfvwrite
 .text          0x06010060      0x100 c:/users/susan/desktop/joengine-master/compiler/sh_coff/sh-coff/bin/../lib/gcc/sh-coff/4.0-GNUSH_v0601/../../../../sh-coff/lib\libc.a(locale.o)
                0x06010128                setlocale
                0x060100a8                _setlocale_r
                0x06010104                __locale_charset
                0x06010148                localeconv
                0x06010118                _localeconv_r
 .text          0x06010160      0x360 c:/users/susan/desktop/joengine-master/compiler/sh_coff/sh-coff/bin/../lib/gcc/sh-coff/4.0-GNUSH_v0601/../../../../sh-coff/lib\libc.a(freer.o)
                0x06010160                _malloc_trim_r
                0x06010248                _free_r
 .text          0x060104c0       0x20 c:/users/susan/desktop/joengine-master/compiler/sh_coff/sh-coff/bin/../lib/gcc/sh-coff/4.0-GNUSH_v0601/../../../../sh-coff/lib\libc.a(strlen.o)
                0x060104c0                strlen
 .text          0x060104e0      0x270 c:/users/susan/desktop/joengine-master/compiler/sh_coff/sh-coff/bin/../lib/gcc/sh-coff/4.0-GNUSH_v0601/../../../../sh-coff/lib\libc.a(findfp.o)
                0x060105f4                __sfp
                0x0601057c                __sfp_lock_acquire
                0x06010724                __fp_unlock_all
                0x060105e8                __sfp_lock_release
                0x06010588                __sinit
                0x060106d4                _cleanup
                0x06010704                __fp_lock_all
                0x060106bc                _cleanup_r
                0x06010524                __sfmoreglue
 .text          0x06010750       0xd0 c:/users/susan/desktop/joengine-master/compiler/sh_coff/sh-coff/bin/../lib/gcc/sh-coff/4.0-GNUSH_v0601/../../../../sh-coff/lib\libc.a(fflush.o)
                0x06010750                fflush
 .text          0x06010820       0xf0 c:/users/susan/desktop/joengine-master/compiler/sh_coff/sh-coff/bin/../lib/gcc/sh-coff/4.0-GNUSH_v0601/../../../../sh-coff/lib\libc.a(wsetup.o)
                0x06010820                __swsetup
 .text          0x06010910       0x70 c:/users/susan/desktop/joengine-master/compiler/sh_coff/sh-coff/bin/../lib/gcc/sh-coff/4.0-GNUSH_v0601/../../../../sh-coff/lib\libc.a(wcrtomb.o)
                0x06010910                _wcrtomb_r
                0x0601095c                wcrtomb
 .text          0x06010980       0x40 c:/users/susan/desktop/joengine-master/compiler/sh_coff/sh-coff/bin/../lib/gcc/sh-coff/4.0-GNUSH_v0601/../../../../sh-coff/lib\libc.a(s_isinf.o)
                0x06010980                isinf
 .text          0x060109c0       0xd0 c:/users/susan/desktop/joengine-master/compiler/sh_coff/sh-coff/bin/../lib/gcc/sh-coff/4.0-GNUSH_v0601/../../../../sh-coff/lib\libc.a(memchr.o)
                0x060109c0                memchr
 .text          0x06010a90      0x6a0 c:/users/susan/desktop/joengine-master/compiler/sh_coff/sh-coff/bin/../lib/gcc/sh-coff/4.0-GNUSH_v0601/../../../../sh-coff/lib\libc.a(mallocr.o)
                0x06010a90                _malloc_r
 .text          0x06011130      0x130 c:/users/susan/desktop/joengine-master/compiler/sh_coff/sh-coff/bin/../lib/gcc/sh-coff/4.0-GNUSH_v0601/../../../../sh-coff/lib\libc.a(wcsrtombs.o)
                0x06011130                _wcsrtombs_r
                0x06011224                wcsrtombs
 .text          0x06011260       0x40 c:/users/susan/desktop/joengine-master/compiler/sh_coff/sh-coff/bin/../lib/gcc/sh-coff/4.0-GNUSH_v0601/../../../../sh-coff/lib\libc.a(s_isnan.o)
                0x06011260                isnan
 .text          0x060112a0     0x1310 c:/users/susan/desktop/joengine-master/compiler/sh_coff/sh-coff/bin/../lib/gcc/sh-coff/4.0-GNUSH_v0601/../../../../sh-coff/lib\libc.a(dtoa.o)
                0x06011444                _dtoa_r
 .text          0x060125b0       0xe0 c:/users/susan/desktop/joengine-master/compiler/sh_coff/sh-coff/bin/../lib/gcc/sh-coff/4.0-GNUSH_v0601/../../../../sh-coff/lib\libc.a(memmove.o)
                0x060125b0                memmove
 .text          0x06012690      0x450 c:/users/susan/desktop/joengine-master/compiler/sh_coff/sh-coff/bin/../lib/gcc/sh-coff/4.0-GNUSH_v0601/../../../../sh-coff/lib\libc.a(reallocr.o)
                0x06012690                _realloc_r
 .text          0x06012ae0       0x30 c:/users/susan/desktop/joengine-master/compiler/sh_coff/sh-coff/bin/../lib/gcc/sh-coff/4.0-GNUSH_v0601/../../../../sh-coff/lib\libc.a(strcmp.o)
                0x06012ae0                strcmp
 .text          0x06012b10       0x20 c:/users/susan/desktop/joengine-master/compiler/sh_coff/sh-coff/bin/../lib/gcc/sh-coff/4.0-GNUSH_v0601/../../../../sh-coff/lib\libc.a(mlock.o)
                0x06012b10                __malloc_lock
                0x06012b1c                __malloc_unlock
 .text          0x06012b30       0x50 c:/users/susan/desktop/joengine-master/compiler/sh_coff/sh-coff/bin/../lib/gcc/sh-coff/4.0-GNUSH_v0601/../../../../sh-coff/lib\libc.a(sbrkr.o)
                0x06012b30                _sbrk_r
 .text          0x06012b80      0x170 c:/users/susan/desktop/joengine-master/compiler/sh_coff/sh-coff/bin/../lib/gcc/sh-coff/4.0-GNUSH_v0601/../../../../sh-coff/lib\libc.a(stdio.o)
                0x06012bd8                __swrite
                0x06012cc8                __sclose
                0x06012b80                __sread
                0x06012c68                __sseek
 .text          0x06012cf0      0x130 c:/users/susan/desktop/joengine-master/compiler/sh_coff/sh-coff/bin/../lib/gcc/sh-coff/4.0-GNUSH_v0601/../../../../sh-coff/lib\libc.a(fclose.o)
                0x06012cf0                _fclose_r
                0x06012dfc                fclose
 .text          0x06012e20      0x200 c:/users/susan/desktop/joengine-master/compiler/sh_coff/sh-coff/bin/../lib/gcc/sh-coff/4.0-GNUSH_v0601/../../../../sh-coff/lib\libc.a(fwalk.o)
                0x06012f94                _fwalk_reent
                0x06012f10                _fwalk
 .text          0x06013020      0x150 c:/users/susan/desktop/joengine-master/compiler/sh_coff/sh-coff/bin/../lib/gcc/sh-coff/4.0-GNUSH_v0601/../../../../sh-coff/lib\libc.a(makebuf.o)
                0x06013020                __smakebuf
 .text          0x06013170      0x2c0 c:/users/susan/desktop/joengine-master/compiler/sh_coff/sh-coff/bin/../lib/gcc/sh-coff/4.0-GNUSH_v0601/../../../../sh-coff/lib\libc.a(wctomb_r.o)
                0x06013190                _wctomb_r
 .text          0x06013430      0xdc0 c:/users/susan/desktop/joengine-master/compiler/sh_coff/sh-coff/bin/../lib/gcc/sh-coff/4.0-GNUSH_v0601/../../../../sh-coff/lib\libc.a(mprec.o)
                0x06013c70                __mcmp
                0x060140f4                _ratio
                0x060138cc                _i2b
                0x06013e6c                _b2d
                0x060136c4                _s2b
                0x0601379c                _hi0bits
                0x06013aa0                _pow5mult
                0x06013cb4                __mdiff
                0x06013b78                _lshift
                0x060138f0                _multiply
                0x06013fc0                _d2b
                0x06013548                _Balloc
                0x06013430                __mprec_tinytens
                0x06014188                _mprec_log10
                0x06013458                __mprec_bigtens
                0x06013dd4                _ulp
                0x060135d8                _Bfree
                0x06013480                __mprec_tens
                0x06013804                _lo0bits
                0x060135f8                _multadd
 .text          0x060141f0      0x390 c:/users/susan/desktop/joengine-master/compiler/sh_coff/sh-coff/bin/../lib/gcc/sh-coff/4.0-GNUSH_v0601/../../../../sh-coff/lib\libc.a(syscalls.o)
                0x06014360                _exit
                0x06014394                _getpid
                0x060143fc                _utime
                0x06014228                _write
                0x060141f0                _read
                0x06014348                _unlink
                0x06014310                _open
                0x060143ac                _stat
                0x06014354                isatty
                0x0601442c                _wait
                0x06014378                _kill
                0x060143c8                _chmod
                0x0601445c                _execv
                0x06014440                _execve
                0x0601453c                __setup_argv_and_call_main
                0x06014494                _gettimeofday
                0x0601425c                _link
                0x060143a0                _raise
                0x0601432c                _creat
                0x06014474                _pipe
                0x060143e0                _chown
                0x0601420c                _lseek
                0x06014244                _close
                0x06014488                _times
                0x060142fc                _fstat
                0x06014418                _fork
                0x06014284                _sbrk
 .text          0x06014580       0x50 c:/users/susan/desktop/joengine-master/compiler/sh_coff/sh-coff/bin/../lib/gcc/sh-coff/4.0-GNUSH_v0601/../../../../sh-coff/lib\libc.a(readr.o)
                0x06014580                _read_r
 .text          0x060145d0       0x50 c:/users/susan/desktop/joengine-master/compiler/sh_coff/sh-coff/bin/../lib/gcc/sh-coff/4.0-GNUSH_v0601/../../../../sh-coff/lib\libc.a(writer.o)
                0x060145d0                _write_r
 .text          0x06014620       0x50 c:/users/susan/desktop/joengine-master/compiler/sh_coff/sh-coff/bin/../lib/gcc/sh-coff/4.0-GNUSH_v0601/../../../../sh-coff/lib\libc.a(lseekr.o)
                0x06014620                _lseek_r
 .text          0x06014670       0x50 c:/users/susan/desktop/joengine-master/compiler/sh_coff/sh-coff/bin/../lib/gcc/sh-coff/4.0-GNUSH_v0601/../../../../sh-coff/lib\libc.a(closer.o)
                0x06014670                _close_r
 .text          0x060146c0       0x50 c:/users/susan/desktop/joengine-master/compiler/sh_coff/sh-coff/bin/../lib/gcc/sh-coff/4.0-GNUSH_v0601/../../../../sh-coff/lib\libc.a(fstatr.o)
                0x060146c0                _fstat_r
 .text          0x06014710       0xa0 c:/users/susan/desktop/joengine-master/compiler/sh_coff/sh-coff/bin/../lib/gcc/sh-coff/4.0-GNUSH_v0601/../../../../sh-coff/lib\libc.a(callocr.o)
                0x06014710                _calloc_r
 .text          0x060147b0       0x20 c:/users/susan/desktop/joengine-master/compiler/sh_coff/sh-coff/bin/../lib/gcc/sh-coff/4.0-GNUSH_v0601/../../../../sh-coff/lib\libc.a(trap.o)
                0x060147b0                __trap34
 .text          0x060147d0       0x20 c:/users/susan/desktop/joengine-master/compiler/sh_coff/sh-coff/bin/../lib/gcc/sh-coff/4.0-GNUSH_v0601/../../../../sh-coff/lib\libc.a(abort.o)
                0x060147d0                abort
 .text          0x060147f0      0x260 c:/users/susan/desktop/joengine-master/compiler/sh_coff/sh-coff/bin/../lib/gcc/sh-coff/4.0-GNUSH_v0601/../../../../sh-coff/lib\libc.a(signal.o)
                0x060148ac                _raise_r
                0x06014a30                __sigtramp
                0x060149dc                raise
                0x06014a18                _init_signal
                0x06014968                __sigtramp_r
                0x060149f8                signal
                0x0601483c                _signal_r
                0x060147f0                _init_signal_r
 .text          0x06014a50       0x60 c:/users/susan/desktop/joengine-master/compiler/sh_coff/sh-coff/bin/../lib/gcc/sh-coff/4.0-GNUSH_v0601/../../../../sh-coff/lib\libc.a(signalr.o)
                0x06014a98                _getpid_r
                0x06014a50                _kill_r
 .text          0x06014ab0       0x70 c:/users/susan/desktop/joengine-master/compiler/sh_coff/sh-coff/bin/../lib/gcc/sh-coff/4.0-GNUSH_v0601\libgcc.a(_eq_df.o)
                0x06014ab0                __eqdf2
 .text          0x06014b20       0x70 c:/users/susan/desktop/joengine-master/compiler/sh_coff/sh-coff/bin/../lib/gcc/sh-coff/4.0-GNUSH_v0601\libgcc.a(_ne_df.o)
                0x06014b20                __nedf2
 .text          0x06014b90       0x70 c:/users/susan/desktop/joengine-master/compiler/sh_coff/sh-coff/bin/../lib/gcc/sh-coff/4.0-GNUSH_v0601\libgcc.a(_lt_df.o)
                0x06014b90                __ltdf2
 .text          0x06014c00      0x610 c:/users/susan/desktop/joengine-master/compiler/sh_coff/sh-coff/bin/../lib/gcc/sh-coff/4.0-GNUSH_v0601\libgcc.a(_udivdi3.o)
                0x06014c00                __udivdi3
 .text          0x06015210      0x600 c:/users/susan/desktop/joengine-master/compiler/sh_coff/sh-coff/bin/../lib/gcc/sh-coff/4.0-GNUSH_v0601\libgcc.a(_umoddi3.o)
                0x06015210                __umoddi3
 .text          0x06015810       0x70 c:/users/susan/desktop/joengine-master/compiler/sh_coff/sh-coff/bin/../lib/gcc/sh-coff/4.0-GNUSH_v0601\libgcc.a(_gt_df.o)
                0x06015810                __gtdf2
 .text          0x06015880       0x70 c:/users/susan/desktop/joengine-master/compiler/sh_coff/sh-coff/bin/../lib/gcc/sh-coff/4.0-GNUSH_v0601\libgcc.a(_ge_df.o)
                0x06015880                __gedf2
 .text          0x060158f0       0xb0 c:/users/susan/desktop/joengine-master/compiler/sh_coff/sh-coff/bin/../lib/gcc/sh-coff/4.0-GNUSH_v0601\libgcc.a(_fpcmp_parts_df.o)
                0x060158f0                __fpcmp_parts_d
 .text          0x060159a0      0x100 c:/users/susan/desktop/joengine-master/compiler/sh_coff/sh-coff/bin/../lib/gcc/sh-coff/4.0-GNUSH_v0601\libgcc.a(_clz.o)
                0x060159a0                __clz_tab
 *(.strings)
                0x06015aa0                __etext = .

.rodata
 *(.rodata)

SLPROG          0x06015aa0    0x11a30
                0x06015aa0                __slprog_start = .
 *(SLPROG)
 SLPROG         0x06015aa0     0x6540 ../../Compiler/SGL_302j/lib_coff/sglarea.o
                0x06015abc                SpriteBuf
                0x06015ae0                RemainEvent
                0x06015aac                SortList
                0x06015aaa                MaxPolygons
                0x06015ac8                CommandBuf
                0x06015adc                MaxWorks
                0x06015ade                WorkSize
                0x06015ad4                PCM_WkSize
                0x06015acc                CLOfstBuf
                0x06015be0                RemainWork
                0x06015ad0                PCM_Work
                0x06015aa0                MasterStack
                0x06015aa4                SlaveStack
                0x06015aa8                MaxVertices
                0x06015ad8                MaxEvents
                0x06015ab8                Zbuffer
                0x06015ac0                SpriteBufSize
                0x06017fe0                WorkBuf
                0x06015ab4                TransList
                0x06015ac4                Pbuffer
                0x06015ab0                SortListSize
                0x06015ada                EventSize
                0x06015fe0                EventBuf
 SLPROG         0x0601bfe0      0xfc8 ../../Compiler/SGL_302j/lib_coff/LIBSGL.A(sglH00.o)
                0x0601c07c                slSetPortData1
                0x0601c06c                slGetPortData1
                0x0601c85a                slSetPortMode1
                0x0601ca94                Smpc_Status
                0x0601c032                slSetPortDir2
                0x0601c678                slSmpcCashSend
                0x0601c098                slGetPortSelect1
                0x0601c47e                slIntBackCancel
                0x0601c130                slSetPortExt1
                0x0601c840                slGetPortMode1
                0x0601c734                slSmpcCashBlow
                0x0601ca24                slRequestCommand
                0x0601cac4                SmpcStatusBuf
                0x0601c086                slSetPortData2
                0x0601c3e6                slSetResultBuffer
                0x0601c11c                slGetPortExt1
                0x0601c160                slSetPortExt2
                0x0601c000                slGetPortDir2
                0x0601c126                slGetPortExt2
                0x0601c4b2                slClearReset
                0x0601c4a8                slCheckReset
                0x0601c008                slSetPortDir1
                0x0601c0e0                slSetPortSelect2
                0x0601c0ac                slSetPortSelect1
                0x0601c84c                slGetPortMode2
                0x0601c0a2                slGetPortSelect2
                0x0601bff8                slGetPortDir1
                0x0601c074                slGetPortData2
                0x0601c81a                slSetOptimize
                0x0601c810                slGetOptimize
                0x0601c2d4                slSmpcDirectAccess
                0x0601caa2                Per_Connect1
                0x0601c354                slInitPeripheral
                0x0601c472                slCheckIntBackSet
                0x0601caa3                Per_Connect2
                0x0601ca9c                Smpc_Peripheral
                0x0601c898                slSetPortMode2
                0x0601ca98                Smpc_Result
 *fill*         0x0601cfa8        0x8 00
 SLPROG         0x0601cfb0       0x54 ../../Compiler/SGL_302j/lib_coff/LIBSGL.A(sglC16.o)
                0x0601cfb0                slDynamicFrame
 *fill*         0x0601d004        0xc 00
 SLPROG         0x0601d010       0x48 ../../Compiler/SGL_302j/lib_coff/LIBSGL.A(sglA21.o)
                0x0601d044                slPopMatrix
                0x0601d010                slPushMatrix
                0x0601d044                slDecMatrixPtr
 *fill*         0x0601d058        0x8 00
 SLPROG         0x0601d060       0x78 ../../Compiler/SGL_302j/lib_coff/LIBSGL.A(sglA18.o)
                0x0601d06a                slRotYSC
                0x0601d060                slRotY
 *fill*         0x0601d0d8        0x8 00
 SLPROG         0x0601d0e0       0x50 ../../Compiler/SGL_302j/lib_coff/LIBSGL.A(sglA27.o)
                0x0601d0e0                slTranslate
 SLPROG         0x0601d130     0x1218 ../../Compiler/SGL_302j/lib_coff/LIBSGL.A(sglC08.o)
                0x0601d130                slPutPolygon
                0x0601ddac                MsCalcDepthFlat
 *fill*         0x0601e348        0x8 00
 SLPROG         0x0601e350       0x78 ../../Compiler/SGL_302j/lib_coff/LIBSGL.A(sglA19.o)
                0x0601e350                slRotX
                0x0601e35a                slRotXSC
 *fill*         0x0601e3c8        0x8 00
 SLPROG         0x0601e3d0       0x78 ../../Compiler/SGL_302j/lib_coff/LIBSGL.A(sglA17.o)
                0x0601e3da                slRotZSC
                0x0601e3d0                slRotZ
 *fill*         0x0601e448        0x8 00
 SLPROG         0x0601e450       0x70 ../../Compiler/SGL_302j/lib_coff/LIBSGL.A(sglA28.o)
                0x0601e450                slScale
 SLPROG         0x0601e4c0       0x2c ../../Compiler/SGL_302j/lib_coff/LIBSGL.A(sglC04.o)
                0x0601e4c0                slZdspLevel
 *fill*         0x0601e4ec        0x4 00
 SLPROG         0x0601e4f0       0xd0 ../../Compiler/SGL_302j/lib_coff/LIBSGL.A(sglA16.o)
                0x0601e4f0                slLookAt
 SLPROG         0x0601e5c0       0x84 ../../Compiler/SGL_302j/lib_coff/LIBSGL.A(sglD00.o)
                0x0601e5c0                slDMACopy
                0x0601e5c0                slCpuDMACopy
                0x0601e61a                slCashPurge
                0x0601e61a                CSH_AllClr
 *fill*         0x0601e644        0xc 00
 SLPROG         0x0601e650       0x18 ../../Compiler/SGL_302j/lib_coff/LIBSGL.A(sglA15.o)
                0x0601e650                slSlaveFunc
 *fill*         0x0601e668        0x8 00
 SLPROG         0x0601e670      0x3a4 ../../Compiler/SGL_302j/lib_coff/LIBSGL.A(sglI01.o)
                0x0601e85a                RetPCMBuf
                0x0601e994                Sound_Buf
                0x0601e670                slInitSynch
                0x0601e780                slRandom
                0x0601e8f4                PCM_Buf
                0x0601e68a                slSynch
                0x0601e79e                PCM_EndCheck
 *fill*         0x0601ea14        0xc 00
 SLPROG         0x0601ea20       0x4e ../../Compiler/SGL_302j/lib_coff/LIBSGL.A(sglF00.o)
                0x0601ea3a                slLocate
                0x0601ea30                slCurColor
                0x0601ea6c                CurrentScreen
                0x0601ea20                slCurScrn
 *fill*         0x0601ea6e        0x2 00
 SLPROG         0x0601ea70       0x20 ../../Compiler/SGL_302j/lib_coff/LIBSGL.A(sglB001.o)
                0x0601ea70                slTVOn
                0x0601ea7a                slTVOff
 SLPROG         0x0601ea90        0xc ../../Compiler/SGL_302j/lib_coff/LIBSGL.A(sglB063.o)
                0x0601ea90                slPriority
 *fill*         0x0601ea9c        0x4 00
 SLPROG         0x0601eaa0        0xc ../../Compiler/SGL_302j/lib_coff/LIBSGL.A(sglB016.o)
                0x0601eaa0                slBack1ColSet
 *fill*         0x0601eaac        0x4 00
 SLPROG         0x0601eab0      0x114 ../../Compiler/SGL_302j/lib_coff/LIBSGL.A(sglB200.o)
                0x0601eabc                slCharNbg0
                0x0601eb02                slPageRbg0
                0x0601eb18                slPageNbg1
                0x0601eac8                slCharNbg1
                0x0601eb34                slPageNbg0
                0x0601eb20                slPageNbg2
                0x0601eb28                slPageNbg3
                0x0601ead4                slCharNbg2
                0x0601eaea                slCharNbg3
                0x0601eab0                slCharRbg0
 *fill*         0x0601ebc4        0xc 00
 SLPROG         0x0601ebd0        0xc ../../Compiler/SGL_302j/lib_coff/LIBSGL.A(sglB056.o)
                0x0601ebd0                slPlaneNbg1
 *fill*         0x0601ebdc        0x4 00
 SLPROG         0x0601ebe0       0xb4 ../../Compiler/SGL_302j/lib_coff/LIBSGL.A(sglB032.o)
                0x0601ebe0                slMapNbg1
 *fill*         0x0601ec94        0xc 00
 SLPROG         0x0601eca0       0x24 ../../Compiler/SGL_302j/lib_coff/LIBSGL.A(sglB011.o)
                0x0601eca0                slBitMapNbg1
 *fill*         0x0601ecc4        0xc 00
 SLPROG         0x0601ecd0        0xc ../../Compiler/SGL_302j/lib_coff/LIBSGL.A(sglB053.o)
                0x0601ecd0                slZoomNbg1
 *fill*         0x0601ecdc        0x4 00
 SLPROG         0x0601ece0      0x40c ../../Compiler/SGL_302j/lib_coff/LIBSGL.A(sglB015.o)
                0x0601ece0                slScrAutoDisp
 *fill*         0x0601f0ec        0x4 00
 SLPROG         0x0601f0f0      0x42c ../../Compiler/SGL_302j/lib_coff/LIBSGL.A(sglA20.o)
                0x0601f0f0                slInitMatrix
                0x0601f10e                slUnitMatrix
                0x0601f0fa                slPushUnitMatrix
 *fill*         0x0601f51c        0x4 00
 SLPROG         0x0601f520       0x1c ../../Compiler/SGL_302j/lib_coff/LIBSGL.A(sglF05.o)
                0x0601f520                slPrint
 *fill*         0x0601f53c        0x4 00
 SLPROG         0x0601f540       0xa8 ../../Compiler/SGL_302j/lib_coff/LIBSGL.A(sglH01.o)
                0x0601f5a0                slSetSoundOutput
                0x0601f578                slSetSoundEffect
                0x0601f56c                slGetSoundEffect
                0x0601f594                slGetSoundOutput
                0x0601f5bc                slGetHelpWindow
                0x0601f540                slGetLanguage
                0x0601f54a                slSetLanguage
                0x0601f5c8                slSetHelpWindow
 *fill*         0x0601f5e8        0x8 00
 SLPROG         0x0601f5f0      0x162 ../../Compiler/SGL_302j/lib_coff/LIBSGL.A(sglC07.o)
                0x0601f5f6                slPutSprite
 *fill*         0x0601f752        0xe 00
 SLPROG         0x0601f760       0xfa ../../Compiler/SGL_302j/lib_coff/LIBSGL.A(sglC06.o)
                0x0601f760                slDispSprite
 *fill*         0x0601f85a        0x6 00
 SLPROG         0x0601f860       0x84 ../../Compiler/SGL_302j/lib_coff/LIBSGL.A(sglD16.o)
                0x0601f8a8                DMA_SCU_PRM0
                0x0601f860                DMA_ScuSetPrm
 *fill*         0x0601f8e4        0xc 00
 SLPROG         0x0601f8f0       0x88 ../../Compiler/SGL_302j/lib_coff/LIBSGL.A(sglD17.o)
                0x0601f8f0                DMA_ScuStart
 *fill*         0x0601f978        0x8 00
 SLPROG         0x0601f980       0x20 ../../Compiler/SGL_302j/lib_coff/LIBSGL.A(sglD15.o)
                0x0601f980                CSH_Purge
 SLPROG         0x0601f9a0       0x34 ../../Compiler/SGL_302j/lib_coff/LIBSGL.A(sglD18.o)
                0x0601f9a0                DMA_ScuGetStatus
 *fill*         0x0601f9d4        0xc 00
 SLPROG         0x0601f9e0       0xa0 ../../Compiler/SGL_302j/lib_coff/LIBSGL.A(sglD01.o)
                0x0601f9e0                slDMAXCopy
 SLPROG         0x0601fa80        0xc ../../Compiler/SGL_302j/lib_coff/LIBSGL.A(sglD03.o)
                0x0601fa80                slDMAStatus
 *fill*         0x0601fa8c        0x4 00
 SLPROG         0x0601fa90      0x470 ../../Compiler/SGL_302j/lib_coff/LIBSGL.A(sglH02.o)
                0x0601fe80                smpc_pfr_tbl
                0x0601fec0                smpc_ptf_tbl
 SLPROG         0x0601ff00       0x60 ../../Compiler/SGL_302j/lib_coff/LIBSGL.A(sglH04.o)
                0x0601ff2a                slComPrmSetTime
                0x0601ff00                slComPrmIntBack
                0x0601ff14                slComPrmSetMemory
 SLPROG         0x0601ff60     0x411e ../../Compiler/SGL_302j/lib_coff/LIBSGL.A(sglA01.o)
                0x0602003c                sin_cos_index_tbl
                0x0601ff60                slSin
                0x0602007c                sin_tbl
                0x0601ffa8                GetSinCos
                0x0601ff84                slCos
 *fill*         0x0602407e        0x2 00
 SLPROG         0x06024080     0x12b8 ../../Compiler/SGL_302j/lib_coff/LIBSGL.A(sglJ02.o)
                0x060252b4                stvtc_1
                0x06024fec                stvtc_4
                0x06024fac                SetPolygon
                0x060250a4                stvtc_3
                0x060252dc                stvtc_0
                0x06024fb4                SetPosition
                0x06024268                sbCalcPolygon
                0x06024fa0                SetTexture
                0x06024080                sbMakePolygon
                0x060252c8                stvtc_2
 *fill*         0x06025338        0x8 00
 SLPROG         0x06025340       0x6a ../../Compiler/SGL_302j/lib_coff/LIBSGL.A(sglM01.o)
                0x0602536c                slSetDepthTbl
                0x0602539c                DepthWorkArea
                0x06025340                slSetDepthLimit
 *fill*         0x060253aa        0x6 00
 SLPROG         0x060253b0       0x34 ../../Compiler/SGL_302j/lib_coff/LIBSGL.A(sglA10.o)
                0x060253b0                slSquartDbl
 *fill*         0x060253e4        0xc 00
 SLPROG         0x060253f0       0x20 ../../Compiler/SGL_302j/lib_coff/LIBSGL.A(sglA00.o)
                0x06025404                get_imask
                0x060253f0                set_imask
                0x060253f0                _builtin_set_imask
                0x06025404                _builtin_get_imask
 SLPROG         0x06025410       0x74 ../../Compiler/SGL_302j/lib_coff/LIBSGL.A(sglJ00.o)
                0x06025410                InitSlaveSH
                0x06025478                SlaveCommand
 *fill*         0x06025484        0xc 00
 SLPROG         0x06025490      0xbd0 ../../Compiler/SGL_302j/lib_coff/LIBSGL.A(sglB000.o)
                0x06025490                slInitScroll
                0x060256f0                TVSizeTbl
                0x060255e0                setASC_4to8
                0x06025770                TVModeTbl
                0x060255b0                setASC_1to8
                0x06025948                SGL_ASCII_CG
 SLPROG         0x06026060      0x3d0 ../../Compiler/SGL_302j/lib_coff/LIBSGL.A(sglJ01.o)
                0x06026060                SlaveControl
                0x0602641c                ErasePolygonData
 SLPROG         0x06026430      0x75c ../../Compiler/SGL_302j/lib_coff/LIBSGL.A(sglI00.o)
                0x06026720                slInitInterrupt
 *fill*         0x06026b8c        0x4 00
 SLPROG         0x06026b90      0x134 ../../Compiler/SGL_302j/lib_coff/LIBSGL.A(sglC00.o)
                0x06026b90                slInitSprite
 *fill*         0x06026cc4        0xc 00
 SLPROG         0x06026cd0       0xd4 ../../Compiler/SGL_302j/lib_coff/LIBSGL.A(sglB035.o)
                0x06026cd0                sl1MapRA
                0x06026d62                rbank_set
 *fill*         0x06026da4        0xc 00
 SLPROG         0x06026db0       0x40 ../../Compiler/SGL_302j/lib_coff/LIBSGL.A(sglC20.o)
                0x06026db0                SpriteEntry
 SLPROG         0x06026df0      0x140 ../../Compiler/SGL_302j/lib_coff/LIBSGL.A(sglJ03.o)
                0x06026df0                sbMakeDMATable
 SLPROG         0x06026f30      0x470 ../../Compiler/SGL_302j/lib_coff/LIBSGL.A(sglJ04.o)
                0x06026ff4                sbMakeRotSprite
                0x06026f8e                sbMakeSprite
 SLPROG         0x060273a0       0x3c ../../Compiler/SGL_302j/lib_coff/LIBSGL.A(sglJ05.o)
                0x060273a0                sbSortEntry
 *fill*         0x060273dc        0x4 00
 SLPROG         0x060273e0       0xf0 ../../Compiler/SGL_302j/lib_coff/LIBSGL.A(sglH03.o)
                0x06027444                slSmpcIntBack
                0x060274d0                __slprog_end = .

.tors           0x060274d0        0x0
                0x060274d0                ___ctors = .
 *(.ctors)
                0x060274d0                ___ctors_end = .
                0x060274d0                ___dtors = .
 *(.dtors)
                0x060274d0                ___dtors_end = .

.data           0x060274d0      0x830
 *(.data)
 .data          0x060274d0       0x80 ../../Compiler/SGL_302j/lib_coff/LIBSGL.A(sglIc0.o)
                0x060274d0                IntPrioMask
 .data          0x06027550      0x380 c:/users/susan/desktop/joengine-master/compiler/sh_coff/sh-coff/bin/../lib/gcc/sh-coff/4.0-GNUSH_v0601/../../../../sh-coff/lib\libc.a(impure.o)
                0x060278cc                _impure_ptr
 .data          0x060278d0       0x20 c:/users/susan/desktop/joengine-master/compiler/sh_coff/sh-coff/bin/../lib/gcc/sh-coff/4.0-GNUSH_v0601/../../../../sh-coff/lib\libc.a(locale.o)
                0x060278dc                __mb_cur_max
                0x060278d0                __lc_ctype
 .data          0x060278f0      0x410 c:/users/susan/desktop/joengine-master/compiler/sh_coff/sh-coff/bin/../lib/gcc/sh-coff/4.0-GNUSH_v0601/../../../../sh-coff/lib\libc.a(mallocr.o)
                0x060278f8                __malloc_av_
                0x060278f4                __malloc_trim_threshold
                0x060278f0                __malloc_sbrk_base
                0x06027d00                __edata = .

.bss            0x06027d00     0x1ab4
                0x06027d00                __bstart = .
 *(.bss)
 .bss           0x06027d00        0x4 ../../Compiler/SGL_302j/lib_coff/SEGA_SYS.A(sys_exit.o)
 *fill*         0x06027d04        0xc 00
 .bss           0x06027d10        0x2 ../../Compiler/SGL_302j/lib_coff/LIBCD.A(CDC_REG.O)
 *fill*         0x06027d12        0xe 00
 .bss           0x06027d20        0xc ../../Compiler/SGL_302j/lib_coff/LIBCD.A(GFS_TRN.O)
 *fill*         0x06027d2c        0x4 00
 .bss           0x06027d30        0xc ../../Compiler/SGL_302j/lib_coff/LIBCD.A(CDC_SUB.O)
 *fill*         0x06027d3c        0x4 00
 .bss           0x06027d40       0x10 c:/users/susan/desktop/joengine-master/compiler/sh_coff/sh-coff/bin/../lib/gcc/sh-coff/4.0-GNUSH_v0601\libgcc.a(__main.o)
 .bss           0x06027d50       0x10 c:/users/susan/desktop/joengine-master/compiler/sh_coff/sh-coff/bin/../lib/gcc/sh-coff/4.0-GNUSH_v0601/../../../../sh-coff/lib\libc.a(atexit.o)
 .bss           0x06027d60       0x10 c:/users/susan/desktop/joengine-master/compiler/sh_coff/sh-coff/bin/../lib/gcc/sh-coff/4.0-GNUSH_v0601/../../../../sh-coff/lib\libc.a(locale.o)
                0x06027d64                __mlocale_changed
                0x06027d60                _PathLocale
                0x06027d68                __nlocale_changed
 .bss           0x06027d70       0x40 c:/users/susan/desktop/joengine-master/compiler/sh_coff/sh-coff/bin/../lib/gcc/sh-coff/4.0-GNUSH_v0601/../../../../sh-coff/lib\libc.a(mallocr.o)
                0x06027da0                __malloc_top_pad
                0x06027d70                __malloc_current_mallinfo
                0x06027d9c                __malloc_max_sbrked_mem
                0x06027d98                __malloc_max_total_mem
 .bss           0x06027db0       0x10 c:/users/susan/desktop/joengine-master/compiler/sh_coff/sh-coff/bin/../lib/gcc/sh-coff/4.0-GNUSH_v0601/../../../../sh-coff/lib\libc.a(syscalls.o)
 *(COMMON)
 COMMON         0x06027dc0       0x70 main.o
                0x06027dc0                framerate
                0x06027dd0                plane2
                0x06027df0                plane3
                0x06027e10                plane
 COMMON         0x06027e30      0x3fc ../../jo_engine/3d.o
                0x06027e30                __jo_sprite_quad
 *fill*         0x0602822c        0x4 00
 COMMON         0x06028230        0x4 ../../jo_engine/fs.o
                0x06028230                __jo_fs_background_job_count
 *fill*         0x06028234        0xc 00
 COMMON         0x06028240       0x40 ../../jo_engine/core.o
                0x06028240                __jo_last_error
 COMMON         0x06028280       0x40 ../../jo_engine/tools.o
                0x06028280                __jo_sprintf_buf
 COMMON         0x060282c0     0x13f8 ../../jo_engine/sprites.o
                0x060282c0                __jo_sprite_def
                0x06028ac0                __jo_hash_table
                0x06028ec0                __jo_sprite_pic
 *fill*         0x060296b8        0x8 00
 COMMON         0x060296c0       0xc0 ../../jo_engine/sprite_animator.o
                0x060296c0                __jo_sprite_anim_tab
 COMMON         0x06029780        0xc ../../Compiler/SGL_302j/lib_coff/LIBCD.A(GFS.O)
                0x06029780                GFMC_base
                0x06029784                gfs_mng_ptr
                0x06029788                gfs_use_scudma
 *fill*         0x0602978c        0x4 00
 COMMON         0x06029790        0x8 ../../Compiler/SGL_302j/lib_coff/LIBCD.A(GFS_CDF.O)
                0x06029790                gfcf_fad
                0x06029794                gfcf_stat
 *fill*         0x06029798        0x8 00
 COMMON         0x060297a0        0xc ../../Compiler/SGL_302j/lib_coff/LIBCD.A(GFS_CDC.O)
                0x060297a0                gfcd_fatal_err
                0x060297a4                gfcd_work
                0x060297a8                gfcd_playflag
 *fill*         0x060297ac        0x4 00
 COMMON         0x060297b0        0x4 c:/users/susan/desktop/joengine-master/compiler/sh_coff/sh-coff/bin/../lib/gcc/sh-coff/4.0-GNUSH_v0601/../../../../sh-coff/lib\libc.a(syscalls.o)
                0x060297b0                errno
                0x060297b4                __bend = .
                0x060297b4                _end = .
LOAD ../../Compiler/SGL_302j/lib_coff/sglarea.o
LOAD main.o
LOAD ../../jo_engine/tga.o
LOAD ../../jo_engine/3d.o
LOAD ../../jo_engine/fs.o
LOAD ../../jo_engine/font.o
LOAD ../../jo_engine/input.o
LOAD ../../jo_engine/physics.o
LOAD ../../jo_engine/core.o
LOAD ../../jo_engine/math.o
LOAD ../../jo_engine/malloc.o
LOAD ../../jo_engine/tools.o
LOAD ../../jo_engine/sprites.o
LOAD ../../jo_engine/map.o
LOAD ../../jo_engine/list.o
LOAD ../../jo_engine/sprite_animator.o
LOAD ../../jo_engine/image.o
LOAD ../../jo_engine/background.o
LOAD ../../jo_engine/time.o
LOAD ../../jo_engine/vdp1_command_pipeline.o
LOAD ../../Compiler/SGL_302j/lib_coff/SEGA_SYS.A
LOAD ../../Compiler/SGL_302j/lib_coff/LIBCD.A
LOAD ../../Compiler/SGL_302j/lib_coff/LIBSGL.A
LOAD c:/users/susan/desktop/joengine-master/compiler/sh_coff/sh-coff/bin/../lib/gcc/sh-coff/4.0-GNUSH_v0601\libgcc.a
LOAD c:/users/susan/desktop/joengine-master/compiler/sh_coff/sh-coff/bin/../lib/gcc/sh-coff/4.0-GNUSH_v0601/../../../../sh-coff/lib\libc.a
LOAD c:/users/susan/desktop/joengine-master/compiler/sh_coff/sh-coff/bin/../lib/gcc/sh-coff/4.0-GNUSH_v0601\libgcc.a
OUTPUT(sl_coff.coff coff-sh)

.data.tr        0x060297c0       0x10
 .data.tr       0x060297c0       0x10 main.o
                0x060297c0                tree_pos_z
                0x060297c4                tree_pos_x

.bss.tre        0x060297d0       0x10
 .bss.tre       0x060297d0       0x10 main.o
                0x060297d0                tree_pos_y

.data.be        0x060297e0       0x10
 .data.be       0x060297e0       0x10 main.o
                0x060297e8                beach_pos_x
                0x060297e4                beach_pos_y
                0x060297e0                beach_pos_z

.data.sk        0x060297f0       0x20
 .data.sk       0x060297f0       0x20 main.o
                0x06029804                skim2_rot_x
                0x06029800                skim_pos_x
                0x060297fc                skim_pos_y
                0x060297f4                skim2_pos_z
                0x060297f0                skim3_pos_z
                0x060297f8                skim_pos_z

.bss.ski        0x06029810       0x20
 .bss.ski       0x06029810       0x20 main.o
                0x06029810                skim2_pos_x
                0x0602981c                skim_rot_z
                0x06029818                skim2_rot_y
                0x06029820                skim_rot_y
                0x06029814                skim2_rot_z
                0x06029824                skim_rot_x

.data.ca        0x06029830       0x10
 .data.ca       0x06029830       0x10 main.o
                0x06029838                cam_pos_x
                0x06029834                cam_pos_y
                0x06029830                cam_pos_z

.data.wa        0x06029840       0x10
 .data.wa       0x06029840       0x10 main.o
                0x06029840                wave_pos_z

.bss.wav        0x06029850       0x10
 .bss.wav       0x06029850       0x10 main.o
                0x06029850                wave_pos_y

.bss.son        0x06029860       0x10
 .bss.son       0x06029860       0x10 main.o
                0x06029860                sonic2_pos_x
                0x06029864                sonic_rot_y
                0x06029868                sonic_rot_x

.data.so        0x06029870       0x10
 .data.so       0x06029870       0x10 main.o
                0x06029874                sonic_pos_z
                0x06029878                sonic_pos_y
                0x0602987c                sonic_pos_x
                0x06029870                sonic_rot_z

.data.pl        0x06029880       0x90
 .data.pl       0x06029880       0x90 main.o
                0x06029880                plane3_vertices
                0x060298e0                plane_vertices
                0x060298b0                plane2_vertices

.data.Me        0x06029910       0x50
 .data.Me       0x06029910       0x50 main.o
                0x06029924                Meshwaveattemt2COMwave17821Material1001
                0x06029910                MeshPlane
                0x0602994c                Meshwaveattemt2COMwave17821Material1
                0x06029938                MeshGrp6002

.data.At        0x06029960     0x40b0
 .data.At       0x06029960     0x40b0 main.o

.data.Po        0x0602da10     0x8d60
 .data.Po       0x0602da10     0x8d60 main.o

.bss.rin        0x06036770       0x10
 .bss.rin       0x06036770       0x10 main.o

.data.st        0x06036780       0x10
 .data.st       0x06036780       0x10 main.o

.bss.sel        0x06036790       0x10
 .bss.sel       0x06036790       0x10 main.o

.bss.Sco        0x060367a0       0x10
 .bss.Sco       0x060367a0       0x10 main.o

.bss.fal        0x060367b0       0x10
 .bss.fal       0x060367b0       0x10 main.o

.data.us        0x060367c0       0x10
 .data.us       0x060367c0       0x10 main.o

.text.cr        0x060367d0       0xd0
 .text.cr       0x060367d0       0xd0 main.o
                0x0603686c                create_plane2
                0x060367d0                create_plane3
                0x06036840                create_plane
                0x060367fc                create_ring_sprite_animation

.text.ap        0x060368a0       0x80
 .text.ap       0x060368a0       0x80 main.o
                0x060368a0                apply_effect

.text.my        0x06036920      0xc00
 .text.my       0x06036920      0xc00 main.o
                0x06036960                my_gamepad
                0x06036f24                my_draw
                0x06036920                my_background

.text.ta        0x06037520      0x130
 .text.ta       0x06037520      0x130 main.o
                0x06037520                targa

.text.jo        0x06037650     0x4450
 .text.jo       0x06037650       0xd0 main.o
                0x06037650                jo_main
 .text.jo       0x06037720      0x540 ../../jo_engine/tga.o
                0x06037b6c                jo_tga_loader_from_stream
                0x06037a9c                jo_sprite_add_tga
                0x06037bb8                jo_sprite_add_tga_from_stream
                0x06037a48                jo_tga_loader
                0x06037720                jo_sprite_add_tga_tileset
 .text.jo       0x06037c60      0x710 ../../jo_engine/3d.o
                0x06037c7c                jo_3d_create_plane
                0x06038284                jo_3d_set_mesh_color
                0x06038220                jo_3d_set_mesh_texture
                0x06037ddc                jo_3d_set_mesh_polygon_texture
                0x06037ef8                jo_3d_set_mesh_polygon_screen_doors
                0x060381bc                jo_3d_set_mesh_light
                0x06037f74                jo_3d_create_sprite_quad
                0x06037e84                jo_3d_set_mesh_polygon_light
                0x06037c60                jo_3d_init
                0x06038318                jo_3d_create_triangle
                0x06037d30                jo_3d_set_mesh_polygon_color
                0x0603807c                jo_3d_set_mesh_polygon_transparency
                0x06037cd0                jo_3d_create_cube
                0x06038158                jo_3d_set_mesh_screen_doors
                0x060382e8                jo_3d_free_sprite_quad
                0x060380f4                jo_3d_set_mesh_transparency
 .text.jo       0x06038370      0x7f0 ../../jo_engine/fs.o
                0x06038a68                jo_fs_seek_forward
                0x060388cc                jo_fs_read_file
                0x06038888                jo_fs_set_read_sector_count
                0x06038370                jo_fs_init
                0x0603867c                jo_fs_open
                0x060384c0                jo_fs_read_file_async
                0x0603883c                jo_fs_close
                0x06038764                jo_fs_read_next_bytes
                0x0603860c                jo_fs_cd
                0x060383f4                jo_fs_do_background_jobs
                0x06038a20                jo_fs_read_file_in_dir
 .text.jo       0x06038b60      0x460 ../../jo_engine/font.o
                0x06038d70                jo_font_print_centered
                0x06038eb0                jo_font_print
                0x06038b60                jo_font_load
 .text.jo       0x06038fc0       0x50 ../../jo_engine/input.o
                0x06038fc0                jo_get_input_type
 .text.jo       0x06039010      0x590 ../../jo_engine/core.o
                0x06039024                jo_core_wait_for_slave
                0x06039064                jo_core_suspend
                0x06039450                jo_core_add_callback
                0x06039044                jo_core_exec_on_slave
                0x060394c0                jo_core_run
                0x060391d4                jo_core_remove_slave_callback
                0x0603918c                jo_dump_vdp1_registers
                0x06039058                jo_goto_boot_menu
                0x06039214                jo_core_add_slave_callback
                0x06039260                jo_core_remove_callback
                0x06039144                jo_dump_vdp2_registers
                0x060392a0                jo_core_init
 .text.jo       0x060395a0      0x390 ../../jo_engine/math.o
                0x060395a0                jo_random
                0x0603986c                jo_planar_rotate
                0x060397d4                jo_sqrt
                0x06039810                jo_gcd
                0x06039614                jo_atan2f_rad
 .text.jo       0x06039930      0x350 ../../jo_engine/malloc.o
                0x06039bf8                jo_memory_fragmentation
                0x06039ae0                jo_memory_usage_percent
                0x06039930                jo_add_memory_zone
                0x06039a64                jo_free
                0x06039968                jo_malloc_with_behaviour
 .text.jo       0x06039c80      0x3f0 ../../jo_engine/tools.o
                0x06039fd8                jo_endwith
                0x06039e94                jo_getdate
                0x06039d0e                jo_clear_screen
                0x06039db0                jo_strlen
                0x06039cd0                jo_get_current_language
                0x06039d4c                jo_tools_atoi
                0x06039c80                jo_print
                0x06039df8                jo_memset
                0x06039e4c                jo_map_to_vram
 .text.jo       0x0603a070      0x680 ../../jo_engine/sprites.o
                0x0603a4a8                jo_sprite_usage_percent
                0x0603a544                jo_sprite_add_8bits_image
                0x0603a5dc                jo_sprite_draw
                0x0603a070                jo_get_last_sprite_id
                0x0603a07c                jo_sprite_init
                0x0603a0a0                jo_sprite_name2id
                0x0603a218                jo_sprite_draw_rotate
                0x0603a388                jo_sprite_replace
                0x0603a1c4                jo_set_gouraud_shading_colors
                0x0603a114                jo_sprite_free_from
                0x0603a1ec                jo_set_gouraud_shading_brightness
                0x0603a590                jo_sprite_add
 .text.jo       0x0603a6f0      0x880 ../../jo_engine/map.o
                0x0603ac54                jo_map_per_pixel_vertical_collision
                0x0603ad9c                jo_map_draw
                0x0603a6f0                jo_map_create
                0x0603a76c                jo_map_add_tile
                0x0603a790                jo_map_add_animated_tile
                0x0603a958                jo_map_load_from_file
                0x0603a840                jo_map_free
                0x0603a858                jo_map_move_tiles_by_attribute
                0x0603ae7c                jo_map_3d_draw
                0x0603a8c8                jo_map_hitbox_detection_custom_boundaries
                0x0603a7b4                jo_map_draw_background
 .text.jo       0x0603af70       0xd0 ../../jo_engine/list.o
                0x0603af70                jo_list_remove
                0x0603afb4                jo_list_init
                0x0603afc2                jo_list_add
 .text.jo       0x0603b040      0x1a0 ../../jo_engine/sprite_animator.o
                0x0603b1ac                jo_clear_all_sprite_anim
                0x0603b0f0                jo_create_sprite_anim
                0x0603b040                jo_replace_sprite_anim
 .text.jo       0x0603b1e0      0x630 ../../jo_engine/image.o
                0x0603b1e0                jo_free_img
                0x0603b6d8                jo_sprite_add_image_pack
                0x0603b228                jo_replace_color
                0x0603b4e8                jo_sprite_add_bin_from_stream
                0x0603b418                jo_bin_loader_from_stream
                0x0603b288                jo_sprite_add_bin_tileset
                0x0603b588                jo_bin_loader
                0x0603b608                jo_sprite_add_bin
 .text.jo       0x0603b810      0x170 ../../jo_engine/background.o
                0x0603b930                jo_clear_background
                0x0603b8a0                jo_set_background_sprite
                0x0603b810                jo_draw_background_line
 .text.jo       0x0603b980      0x120 ../../jo_engine/time.o
                0x0603ba6c                jo_time_init
                0x0603b980                jo_get_ticks

.text.dr        0x0603baa0      0xa00
 .text.dr       0x0603baa0      0xa00 main.o
                0x0603c2cc                draw_3dfoam
                0x0603beac                draw_splash
                0x0603bdc4                draw_foam
                0x0603bf2c                draw_wipeout
                0x0603c1e4                draw_cgrade
                0x0603c088                draw_demo
                0x0603bfa0                draw_title
                0x0603c0fc                draw_controls
                0x0603c258                draw_bgrade
                0x0603bb78                draw_beach
                0x0603bb14                draw_floor
                0x0603c170                draw_fgrade
                0x0603bbfc                draw_dithwater
                0x0603c37c                draw_skimboard
                0x0603c014                draw_startpress
                0x0603baa0                draw_agrade
                0x0603bcdc                draw_sprites

.bss.use        0x0603c4a0       0x10
 .bss.use       0x0603c4a0       0x10 main.o

.bss.fy         0x0603c4b0       0x10
 .bss.fy        0x0603c4b0       0x10 main.o

.bss.fx         0x0603c4c0       0x10
 .bss.fx        0x0603c4c0       0x10 main.o

.bss.ry         0x0603c4d0       0x10
 .bss.ry        0x0603c4d0       0x10 main.o

.bss.rx         0x0603c4e0       0x10
 .bss.rx        0x0603c4e0       0x10 main.o

.bss.cam        0x0603c4f0       0x20
 .bss.cam       0x0603c4f0       0x20 main.o

.rodata.        0x0603c510      0x5c0
 .rodata.       0x0603c510       0x60 ../../jo_engine/tga.o
 .rodata.       0x0603c570      0x150 ../../jo_engine/3d.o
 .rodata.       0x0603c6c0       0xc0 ../../jo_engine/fs.o
 .rodata.       0x0603c780       0x40 ../../jo_engine/font.o
 .rodata.       0x0603c7c0       0xb0 ../../jo_engine/core.o
 .rodata.       0x0603c870       0x10 ../../jo_engine/math.o
 .rodata.       0x0603c880       0x60 ../../jo_engine/malloc.o
 .rodata.       0x0603c8e0       0x40 ../../jo_engine/tools.o
 .rodata.       0x0603c920       0x80 ../../jo_engine/sprites.o
 .rodata.       0x0603c9a0       0x30 ../../jo_engine/map.o
 .rodata.       0x0603c9d0       0x10 ../../jo_engine/list.o
 .rodata.       0x0603c9e0       0x30 ../../jo_engine/sprite_animator.o
 .rodata.       0x0603ca10       0xc0 ../../jo_engine/image.o

.text.__        0x0603cad0      0x570
 .text.__       0x0603cad0      0x100 ../../jo_engine/tga.o
                0x0603cad0                __jo_tga_load
 .text.__       0x0603cbd0      0x160 ../../jo_engine/core.o
                0x0603cbde                __jo_core_error
 .text.__       0x0603cd30      0x170 ../../jo_engine/sprites.o
 .text.__       0x0603cea0       0xe0 ../../jo_engine/map.o
 .text.__       0x0603cf80       0x70 ../../jo_engine/sprite_animator.o
 .text.__       0x0603cff0       0x50 ../../jo_engine/image.o
                0x0603cff0                __jo_bin_load

.data.po        0x0603d040       0x30
 .data.po       0x0603d040       0x30 ../../jo_engine/3d.o

.data.__        0x0603d070       0x60
 .data.__       0x0603d070       0x10 ../../jo_engine/fs.o
 .data.__       0x0603d080       0x10 ../../jo_engine/math.o
 .data.__       0x0603d090       0x30 ../../jo_engine/sprites.o
                0x0603d0a0                __jo_sprite_attributes
                0x0603d094                __jo_sprite_pos
                0x0603d090                __jo_gouraud_shading_runtime_index
 .data.__       0x0603d0c0       0x10 ../../jo_engine/sprite_animator.o

.bss.__j        0x0603d0d0     0x25d0
 .bss.__j       0x0603d0d0     0x2590 ../../jo_engine/fs.o
 .bss.__j       0x0603f660       0x10 ../../jo_engine/core.o
                0x0603f660                __jo_slave_done_flag
 .bss.__j       0x0603f670       0x10 ../../jo_engine/malloc.o
 .bss.__j       0x0603f680       0x10 ../../jo_engine/sprites.o
 .bss.__j       0x0603f690       0x10 ../../jo_engine/sprite_animator.o

.text.ma        0x0603f6a0       0x50
 .text.ma       0x0603f6a0       0x50 ../../jo_engine/core.o
                0x0603f6a0                main

.bss.glo        0x0603f6f0    0x80000
 .bss.glo       0x0603f6f0    0x80000 ../../jo_engine/core.o

.bss.__s        0x060bf6f0       0x10
 .bss.__s       0x060bf6f0       0x10 ../../jo_engine/core.o

.bss.__c        0x060bf700       0x10
 .bss.__c       0x060bf700       0x10 ../../jo_engine/core.o

.data.Jo        0x060bf710      0x5a0
 .data.Jo       0x060bf710      0x5a0 ../../jo_engine/math.o
                0x060bf710                JoCosLookupTable

.bss.mem        0x060bfcb0       0x70
 .bss.mem       0x060bfcb0       0x70 ../../jo_engine/malloc.o

.bss.gl_        0x060bfd20       0x50
 .bss.gl_       0x060bfd20       0x50 ../../jo_engine/map.o

.bss.tic        0x060bfd70       0x10
 .bss.tic       0x060bfd70       0x10 ../../jo_engine/time.o

.comment        0x060bfd80      0x9c0
 .comment       0x060bfd80       0x20 c:/users/susan/desktop/joengine-master/compiler/sh_coff/sh-coff/bin/../lib/gcc/sh-coff/4.0-GNUSH_v0601\libgcc.a(_si_to_sf.o)
 .comment       0x060bfda0       0x20 c:/users/susan/desktop/joengine-master/compiler/sh_coff/sh-coff/bin/../lib/gcc/sh-coff/4.0-GNUSH_v0601\libgcc.a(_eq_sf.o)
 .comment       0x060bfdc0       0x20 c:/users/susan/desktop/joengine-master/compiler/sh_coff/sh-coff/bin/../lib/gcc/sh-coff/4.0-GNUSH_v0601\libgcc.a(_lt_sf.o)
 .comment       0x060bfde0       0x20 c:/users/susan/desktop/joengine-master/compiler/sh_coff/sh-coff/bin/../lib/gcc/sh-coff/4.0-GNUSH_v0601\libgcc.a(_addsub_sf.o)
 .comment       0x060bfe00       0x20 c:/users/susan/desktop/joengine-master/compiler/sh_coff/sh-coff/bin/../lib/gcc/sh-coff/4.0-GNUSH_v0601\libgcc.a(_sf_to_si.o)
 .comment       0x060bfe20       0x20 c:/users/susan/desktop/joengine-master/compiler/sh_coff/sh-coff/bin/../lib/gcc/sh-coff/4.0-GNUSH_v0601\libgcc.a(_le_sf.o)
 .comment       0x060bfe40       0x20 c:/users/susan/desktop/joengine-master/compiler/sh_coff/sh-coff/bin/../lib/gcc/sh-coff/4.0-GNUSH_v0601\libgcc.a(_si_to_df.o)
 .comment       0x060bfe60       0x20 c:/users/susan/desktop/joengine-master/compiler/sh_coff/sh-coff/bin/../lib/gcc/sh-coff/4.0-GNUSH_v0601\libgcc.a(_div_df.o)
 .comment       0x060bfe80       0x20 c:/users/susan/desktop/joengine-master/compiler/sh_coff/sh-coff/bin/../lib/gcc/sh-coff/4.0-GNUSH_v0601\libgcc.a(_df_to_si.o)
 .comment       0x060bfea0       0x20 c:/users/susan/desktop/joengine-master/compiler/sh_coff/sh-coff/bin/../lib/gcc/sh-coff/4.0-GNUSH_v0601\libgcc.a(_sf_to_df.o)
 .comment       0x060bfec0       0x20 c:/users/susan/desktop/joengine-master/compiler/sh_coff/sh-coff/bin/../lib/gcc/sh-coff/4.0-GNUSH_v0601\libgcc.a(_mul_df.o)
 .comment       0x060bfee0       0x20 c:/users/susan/desktop/joengine-master/compiler/sh_coff/sh-coff/bin/../lib/gcc/sh-coff/4.0-GNUSH_v0601\libgcc.a(_gt_sf.o)
 .comment       0x060bff00       0x20 c:/users/susan/desktop/joengine-master/compiler/sh_coff/sh-coff/bin/../lib/gcc/sh-coff/4.0-GNUSH_v0601\libgcc.a(_mul_sf.o)
 .comment       0x060bff20       0x20 c:/users/susan/desktop/joengine-master/compiler/sh_coff/sh-coff/bin/../lib/gcc/sh-coff/4.0-GNUSH_v0601\libgcc.a(__main.o)
 .comment       0x060bff40       0x20 c:/users/susan/desktop/joengine-master/compiler/sh_coff/sh-coff/bin/../lib/gcc/sh-coff/4.0-GNUSH_v0601\libgcc.a(_ge_sf.o)
 .comment       0x060bff60       0x20 c:/users/susan/desktop/joengine-master/compiler/sh_coff/sh-coff/bin/../lib/gcc/sh-coff/4.0-GNUSH_v0601\libgcc.a(_div_sf.o)
 .comment       0x060bff80       0x20 c:/users/susan/desktop/joengine-master/compiler/sh_coff/sh-coff/bin/../lib/gcc/sh-coff/4.0-GNUSH_v0601\libgcc.a(_df_to_sf.o)
 .comment       0x060bffa0       0x20 c:/users/susan/desktop/joengine-master/compiler/sh_coff/sh-coff/bin/../lib/gcc/sh-coff/4.0-GNUSH_v0601\libgcc.a(_addsub_df.o)
 .comment       0x060bffc0       0x20 c:/users/susan/desktop/joengine-master/compiler/sh_coff/sh-coff/bin/../lib/gcc/sh-coff/4.0-GNUSH_v0601\libgcc.a(_pack_sf.o)
 .comment       0x060bffe0       0x20 c:/users/susan/desktop/joengine-master/compiler/sh_coff/sh-coff/bin/../lib/gcc/sh-coff/4.0-GNUSH_v0601\libgcc.a(_unpack_sf.o)
 .comment       0x060c0000       0x20 c:/users/susan/desktop/joengine-master/compiler/sh_coff/sh-coff/bin/../lib/gcc/sh-coff/4.0-GNUSH_v0601\libgcc.a(_fpcmp_parts_sf.o)
 .comment       0x060c0020       0x20 c:/users/susan/desktop/joengine-master/compiler/sh_coff/sh-coff/bin/../lib/gcc/sh-coff/4.0-GNUSH_v0601\libgcc.a(_thenan_sf.o)
 .comment       0x060c0040       0x20 c:/users/susan/desktop/joengine-master/compiler/sh_coff/sh-coff/bin/../lib/gcc/sh-coff/4.0-GNUSH_v0601\libgcc.a(_pack_df.o)
 .comment       0x060c0060       0x20 c:/users/susan/desktop/joengine-master/compiler/sh_coff/sh-coff/bin/../lib/gcc/sh-coff/4.0-GNUSH_v0601\libgcc.a(_unpack_df.o)
 .comment       0x060c0080       0x20 c:/users/susan/desktop/joengine-master/compiler/sh_coff/sh-coff/bin/../lib/gcc/sh-coff/4.0-GNUSH_v0601\libgcc.a(_thenan_df.o)
 .comment       0x060c00a0       0x20 c:/users/susan/desktop/joengine-master/compiler/sh_coff/sh-coff/bin/../lib/gcc/sh-coff/4.0-GNUSH_v0601\libgcc.a(_make_df.o)
 .comment       0x060c00c0       0x20 c:/users/susan/desktop/joengine-master/compiler/sh_coff/sh-coff/bin/../lib/gcc/sh-coff/4.0-GNUSH_v0601\libgcc.a(_muldi3.o)
 .comment       0x060c00e0       0x20 c:/users/susan/desktop/joengine-master/compiler/sh_coff/sh-coff/bin/../lib/gcc/sh-coff/4.0-GNUSH_v0601\libgcc.a(_make_sf.o)
 .comment       0x060c0100       0x20 c:/users/susan/desktop/joengine-master/compiler/sh_coff/sh-coff/bin/../lib/gcc/sh-coff/4.0-GNUSH_v0601/../../../../sh-coff/lib\libc.a(sprintf.o)
 .comment       0x060c0120       0x20 c:/users/susan/desktop/joengine-master/compiler/sh_coff/sh-coff/bin/../lib/gcc/sh-coff/4.0-GNUSH_v0601/../../../../sh-coff/lib\libc.a(memcmp.o)
 .comment       0x060c0140       0x20 c:/users/susan/desktop/joengine-master/compiler/sh_coff/sh-coff/bin/../lib/gcc/sh-coff/4.0-GNUSH_v0601/../../../../sh-coff/lib\libc.a(strncmp.o)
 .comment       0x060c0160       0x20 c:/users/susan/desktop/joengine-master/compiler/sh_coff/sh-coff/bin/../lib/gcc/sh-coff/4.0-GNUSH_v0601/../../../../sh-coff/lib\libc.a(strncpy.o)
 .comment       0x060c0180       0x20 c:/users/susan/desktop/joengine-master/compiler/sh_coff/sh-coff/bin/../lib/gcc/sh-coff/4.0-GNUSH_v0601/../../../../sh-coff/lib\libc.a(atexit.o)
 .comment       0x060c01a0       0x20 c:/users/susan/desktop/joengine-master/compiler/sh_coff/sh-coff/bin/../lib/gcc/sh-coff/4.0-GNUSH_v0601/../../../../sh-coff/lib\libc.a(vfprintf.o)
 .comment       0x060c01c0       0x20 c:/users/susan/desktop/joengine-master/compiler/sh_coff/sh-coff/bin/../lib/gcc/sh-coff/4.0-GNUSH_v0601/../../../../sh-coff/lib\libc.a(impure.o)
 .comment       0x060c01e0       0x20 c:/users/susan/desktop/joengine-master/compiler/sh_coff/sh-coff/bin/../lib/gcc/sh-coff/4.0-GNUSH_v0601/../../../../sh-coff/lib\libc.a(malloc.o)
 .comment       0x060c0200       0x20 c:/users/susan/desktop/joengine-master/compiler/sh_coff/sh-coff/bin/../lib/gcc/sh-coff/4.0-GNUSH_v0601/../../../../sh-coff/lib\libc.a(fvwrite.o)
 .comment       0x060c0220       0x20 c:/users/susan/desktop/joengine-master/compiler/sh_coff/sh-coff/bin/../lib/gcc/sh-coff/4.0-GNUSH_v0601/../../../../sh-coff/lib\libc.a(locale.o)
 .comment       0x060c0240       0x20 c:/users/susan/desktop/joengine-master/compiler/sh_coff/sh-coff/bin/../lib/gcc/sh-coff/4.0-GNUSH_v0601/../../../../sh-coff/lib\libc.a(freer.o)
 .comment       0x060c0260       0x20 c:/users/susan/desktop/joengine-master/compiler/sh_coff/sh-coff/bin/../lib/gcc/sh-coff/4.0-GNUSH_v0601/../../../../sh-coff/lib\libc.a(findfp.o)
 .comment       0x060c0280       0x20 c:/users/susan/desktop/joengine-master/compiler/sh_coff/sh-coff/bin/../lib/gcc/sh-coff/4.0-GNUSH_v0601/../../../../sh-coff/lib\libc.a(fflush.o)